2025_train_Center001_UIH_30T_umr780_P011_T1rho.mat
2025_train_Center001_UIH_30T_umr780_P060_T1rho.mat
2025_train_Center001_UIH_30T_umr780_P043_T1rho.mat
2025_train_Center002_Siemens_30T_CIMA.X_P001_cine_lax.mat
2025_train_Center002_Siemens_30T_CIMA.X_P019_cine_lax.mat
2025_train_Center005_Siemens_30T_Vida_P007_cine_sax.mat
2025_train_Center005_Siemens_30T_Vida_P009_cine_sax.mat
2025_train_Center002_Siemens_30T_CIMA.X_P002_cine_lax.mat
2025_train_Center002_Siemens_30T_CIMA.X_P010_cine_lax.mat
2025_train_Center002_Siemens_30T_CIMA.X_P018_cine_lax.mat
2025_train_Center002_Siemens_30T_CIMA.X_P003_cine_lax.mat
2025_train_Center002_Siemens_30T_CIMA.X_P005_cine_lax.mat
2025_train_Center005_Siemens_30T_Vida_P003_cine_sax.mat
2025_train_Center005_Siemens_30T_Vida_P004_cine_sax.mat
2025_train_Center005_Siemens_30T_Vida_P011_cine_sax.mat
2025_train_Center002_Siemens_30T_CIMA.X_P007_cine_lax_4ch.mat
2025_train_Center002_Siemens_30T_CIMA.X_P009_cine_lax.mat
2025_train_Center002_Siemens_30T_CIMA.X_P020_cine_lax.mat
2025_train_Center005_Siemens_30T_Vida_P010_cine_sax.mat
2025_train_Center005_Siemens_30T_Vida_P001_cine_lax.mat
2025_train_Center005_Siemens_30T_Vida_P002_cine_lvot.mat
2025_train_Center005_Siemens_30T_Vida_P010_cine_lax.mat
2025_train_Center005_Siemens_30T_Vida_P013_cine_lax.mat
2025_train_Center005_Siemens_30T_Vida_P001_cine_lvot.mat
2025_train_Center005_Siemens_30T_Vida_P008_cine_lvot.mat
2025_train_Center005_Siemens_30T_Vida_P002_cine_sax.mat
2025_train_Center005_Siemens_30T_Vida_P003_cine_lax.mat
2025_train_Center005_Siemens_30T_Vida_P003_cine_lvot.mat
2025_train_Center005_Siemens_30T_Vida_P008_cine_lax.mat
2025_train_Center005_Siemens_30T_Vida_P009_cine_lax.mat
2025_train_Center005_Siemens_30T_Vida_P009_cine_lvot.mat
2025_train_Center005_Siemens_30T_Vida_P010_cine_lvot.mat
2025_train_Center005_Siemens_30T_Vida_P011_cine_lvot.mat
2025_train_Center005_Siemens_30T_Vida_P014_cine_lvot.mat
2025_train_Center005_Siemens_30T_Vida_P014_cine_sax.mat
2025_train_Center005_UIH_15T_umr670_P016_cine_ot.mat
2025_train_Center006_Siemens_30T_Prisma_P001_cine_lax.mat
2025_train_Center006_Siemens_30T_Prisma_P012_cine_lax.mat
2025_train_Center006_Siemens_30T_Prisma_P019_cine_lax.mat
2025_train_Center006_Siemens_30T_Prisma_P029_cine_lax.mat
2025_train_Center006_Siemens_30T_Prisma_P031_cine_rvot.mat
2025_train_Center006_Siemens_30T_Prisma_P040_cine_lax.mat
2025_train_Center006_Siemens_30T_Prisma_P040_cine_rvot.mat
2025_train_Center006_Siemens_30T_Prisma_P042_cine_lax.mat
2025_train_Center006_Siemens_30T_Prisma_P002_cine_lax.mat
2025_train_Center006_Siemens_30T_Prisma_P004_cine_lax.mat
2025_train_Center006_Siemens_30T_Prisma_P008_cine_lax.mat
2025_train_Center006_Siemens_30T_Prisma_P013_cine_lax.mat
2025_train_Center006_Siemens_30T_Prisma_P017_cine_lax.mat
2025_train_Center006_Siemens_30T_Prisma_P020_cine_lax.mat
2025_train_Center006_Siemens_30T_Prisma_P021_cine_lax.mat
2025_train_Center006_Siemens_30T_Prisma_P025_cine_lax.mat
2025_train_Center006_Siemens_30T_Prisma_P026_cine_lax.mat
2025_train_Center006_Siemens_30T_Prisma_P028_cine_lax.mat
2025_train_Center006_Siemens_30T_Prisma_P028_cine_rvot.mat
2025_train_Center006_Siemens_30T_Prisma_P030_cine_lax.mat
2025_train_Center006_Siemens_30T_Prisma_P031_cine_lax.mat
2025_train_Center006_Siemens_30T_Prisma_P034_cine_lax.mat
2025_train_Center006_Siemens_30T_Prisma_P039_cine_lax.mat
2025_train_Center006_Siemens_30T_Prisma_P002_cine_sax.mat
2025_train_Center006_Siemens_30T_Prisma_P020_cine_sax.mat
2025_train_Center006_Siemens_30T_Prisma_P024_cine_sax.mat
2025_train_Center006_Siemens_30T_Prisma_P027_cine_sax.mat
2025_train_Center006_Siemens_30T_Prisma_P030_cine_sax.mat
2025_train_Center006_Siemens_30T_Prisma_P039_cine_sax.mat
2025_train_Center006_Siemens_30T_Prisma_P040_cine_sax.mat
2025_train_Center006_Siemens_30T_Prisma_P005_cine_lax.mat
2025_train_Center006_Siemens_30T_Prisma_P022_cine_lax.mat
2025_train_Center006_Siemens_30T_Prisma_P022_cine_rvot.mat
2025_train_Center006_Siemens_30T_Prisma_P033_cine_lax.mat
2025_train_Center006_Siemens_30T_Prisma_P037_cine_lax.mat
2025_train_Center006_Siemens_30T_Prisma_P005_cine_sax.mat
2025_train_Center006_Siemens_30T_Prisma_P013_cine_sax.mat
2025_train_Center006_Siemens_30T_Prisma_P017_cine_sax.mat
2025_train_Center006_Siemens_30T_Prisma_P026_cine_sax.mat
2025_train_Center006_Siemens_30T_Prisma_P042_cine_sax.mat
2025_train_Center006_Siemens_30T_Prisma_P006_cine_sax.mat
2025_train_Center006_Siemens_30T_Prisma_P014_cine_sax.mat
2025_train_Center006_Siemens_30T_Prisma_P011_cine_sax.mat
2025_train_Center006_Siemens_30T_Prisma_P021_cine_sax.mat
2025_train_Center006_Siemens_30T_Prisma_P034_cine_sax.mat
2025_train_Center006_Siemens_30T_Prisma_P014_cine_lax.mat
2025_train_Center006_Siemens_30T_Prisma_P015_cine_lax.mat
2025_train_Center006_Siemens_30T_Prisma_P024_cine_lax.mat
2025_train_Center006_Siemens_30T_Prisma_P027_cine_lax.mat
2025_train_Center006_Siemens_30T_Prisma_P028_cine_sax.mat
2025_train_Center007_Siemens_15T_Avanto_P002_cine_lax_4ch.mat
2025_train_Center001_UIH_30T_umr780_P011_T1rho.mat
2025_train_Center001_UIH_30T_umr780_P060_T1rho.mat
2025_train_Center001_UIH_30T_umr780_P043_T1rho.mat
2025_train_Center002_Siemens_30T_CIMA.X_P001_cine_lax.mat
2025_train_Center002_Siemens_30T_CIMA.X_P019_cine_lax.mat
2025_train_Center005_Siemens_30T_Vida_P007_cine_sax.mat
2025_train_Center005_Siemens_30T_Vida_P009_cine_sax.mat
2025_train_Center002_Siemens_30T_CIMA.X_P002_cine_lax.mat
2025_train_Center002_Siemens_30T_CIMA.X_P010_cine_lax.mat
2025_train_Center002_Siemens_30T_CIMA.X_P018_cine_lax.mat
2025_train_Center002_Siemens_30T_CIMA.X_P003_cine_lax.mat
2025_train_Center002_Siemens_30T_CIMA.X_P005_cine_lax.mat
2025_train_Center005_Siemens_30T_Vida_P003_cine_sax.mat
2025_train_Center005_Siemens_30T_Vida_P004_cine_sax.mat
2025_train_Center005_Siemens_30T_Vida_P011_cine_sax.mat
2025_train_Center002_Siemens_30T_CIMA.X_P007_cine_lax_4ch.mat
2025_train_Center002_Siemens_30T_CIMA.X_P009_cine_lax.mat
2025_train_Center002_Siemens_30T_CIMA.X_P020_cine_lax.mat
2025_train_Center005_Siemens_30T_Vida_P010_cine_sax.mat
2025_train_Center005_Siemens_30T_Vida_P001_cine_lax.mat
2025_train_Center005_Siemens_30T_Vida_P002_cine_lvot.mat
2025_train_Center005_Siemens_30T_Vida_P010_cine_lax.mat
2025_train_Center005_Siemens_30T_Vida_P013_cine_lax.mat
2025_train_Center005_Siemens_30T_Vida_P001_cine_lvot.mat
2025_train_Center005_Siemens_30T_Vida_P008_cine_lvot.mat
2025_train_Center005_Siemens_30T_Vida_P002_cine_sax.mat
2025_train_Center005_Siemens_30T_Vida_P003_cine_lax.mat
2025_train_Center005_Siemens_30T_Vida_P003_cine_lvot.mat
2025_train_Center005_Siemens_30T_Vida_P008_cine_lax.mat
2025_train_Center005_Siemens_30T_Vida_P009_cine_lax.mat
2025_train_Center005_Siemens_30T_Vida_P009_cine_lvot.mat
2025_train_Center005_Siemens_30T_Vida_P010_cine_lvot.mat
2025_train_Center005_Siemens_30T_Vida_P011_cine_lvot.mat
2025_train_Center005_Siemens_30T_Vida_P014_cine_lvot.mat
2025_train_Center005_Siemens_30T_Vida_P014_cine_sax.mat
2025_train_Center005_UIH_15T_umr670_P016_cine_ot.mat
2025_train_Center006_Siemens_30T_Prisma_P001_cine_lax.mat
2025_train_Center006_Siemens_30T_Prisma_P012_cine_lax.mat
2025_train_Center006_Siemens_30T_Prisma_P019_cine_lax.mat
2025_train_Center006_Siemens_30T_Prisma_P029_cine_lax.mat
2025_train_Center006_Siemens_30T_Prisma_P031_cine_rvot.mat
2025_train_Center006_Siemens_30T_Prisma_P040_cine_lax.mat
2025_train_Center006_Siemens_30T_Prisma_P040_cine_rvot.mat
2025_train_Center006_Siemens_30T_Prisma_P042_cine_lax.mat
2025_train_Center006_Siemens_30T_Prisma_P002_cine_lax.mat
2025_train_Center006_Siemens_30T_Prisma_P004_cine_lax.mat
2025_train_Center006_Siemens_30T_Prisma_P008_cine_lax.mat
2025_train_Center006_Siemens_30T_Prisma_P013_cine_lax.mat
2025_train_Center006_Siemens_30T_Prisma_P017_cine_lax.mat
2025_train_Center006_Siemens_30T_Prisma_P020_cine_lax.mat
2025_train_Center006_Siemens_30T_Prisma_P021_cine_lax.mat
2025_train_Center006_Siemens_30T_Prisma_P025_cine_lax.mat
2025_train_Center006_Siemens_30T_Prisma_P026_cine_lax.mat
2025_train_Center006_Siemens_30T_Prisma_P028_cine_lax.mat
2025_train_Center006_Siemens_30T_Prisma_P028_cine_rvot.mat
2025_train_Center006_Siemens_30T_Prisma_P030_cine_lax.mat
2025_train_Center006_Siemens_30T_Prisma_P031_cine_lax.mat
2025_train_Center006_Siemens_30T_Prisma_P034_cine_lax.mat
2025_train_Center006_Siemens_30T_Prisma_P039_cine_lax.mat
2025_train_Center006_Siemens_30T_Prisma_P002_cine_sax.mat
2025_train_Center006_Siemens_30T_Prisma_P020_cine_sax.mat
2025_train_Center006_Siemens_30T_Prisma_P024_cine_sax.mat
2025_train_Center006_Siemens_30T_Prisma_P027_cine_sax.mat
2025_train_Center006_Siemens_30T_Prisma_P030_cine_sax.mat
2025_train_Center006_Siemens_30T_Prisma_P039_cine_sax.mat
2025_train_Center006_Siemens_30T_Prisma_P040_cine_sax.mat
2025_train_Center006_Siemens_30T_Prisma_P005_cine_lax.mat
2025_train_Center006_Siemens_30T_Prisma_P022_cine_lax.mat
2025_train_Center006_Siemens_30T_Prisma_P022_cine_rvot.mat
2025_train_Center006_Siemens_30T_Prisma_P033_cine_lax.mat
2025_train_Center006_Siemens_30T_Prisma_P037_cine_lax.mat
2025_train_Center006_Siemens_30T_Prisma_P005_cine_sax.mat
2025_train_Center006_Siemens_30T_Prisma_P013_cine_sax.mat
2025_train_Center006_Siemens_30T_Prisma_P017_cine_sax.mat
2025_train_Center006_Siemens_30T_Prisma_P026_cine_sax.mat
2025_train_Center006_Siemens_30T_Prisma_P042_cine_sax.mat
2025_train_Center006_Siemens_30T_Prisma_P006_cine_sax.mat
2025_train_Center006_Siemens_30T_Prisma_P014_cine_sax.mat
2025_train_Center006_Siemens_30T_Prisma_P011_cine_sax.mat
2025_train_Center006_Siemens_30T_Prisma_P021_cine_sax.mat
2025_train_Center006_Siemens_30T_Prisma_P034_cine_sax.mat
2025_train_Center006_Siemens_30T_Prisma_P014_cine_lax.mat
2025_train_Center006_Siemens_30T_Prisma_P015_cine_lax.mat
2025_train_Center006_Siemens_30T_Prisma_P024_cine_lax.mat
2025_train_Center006_Siemens_30T_Prisma_P027_cine_lax.mat
2025_train_Center006_Siemens_30T_Prisma_P028_cine_sax.mat
2025_train_Center007_Siemens_15T_Avanto_P002_cine_lax_4ch.mat
