2025_train_Center001_UIH_30T_umr780_P003_T2smap.mat
2025_train_Center001_UIH_30T_umr780_P006_T2smap.mat
2025_train_Center001_UIH_30T_umr780_P031_T2smap.mat
2025_train_Center001_UIH_30T_umr780_P011_T2smap.mat
2025_train_Center001_UIH_30T_umr780_P046_T2smap.mat
2025_train_Center001_UIH_30T_umr780_P055_T2smap.mat
2025_train_Center001_UIH_30T_umr780_P020_T2smap.mat
2025_train_Center001_UIH_30T_umr780_P049_T2smap.mat
2025_train_Center002_Siemens_30T_CIMA.X_P001_T1map.mat
2025_train_Center002_Siemens_30T_CIMA.X_P003_T1map.mat
2025_train_Center006_Siemens_30T_Prisma_P036_T1map.mat
2025_train_Center002_Siemens_30T_CIMA.X_P012_T1map.mat
2025_train_Center002_UIH_30T_umr880_P007_T1map.mat
2025_train_Center002_UIH_30T_umr880_P008_T1map.mat
2025_train_Center005_Siemens_30T_Vida_P003_T1map.mat
2025_train_Center005_Siemens_30T_Vida_P007_T1map.mat
2025_train_Center005_UIH_15T_umr670_P001_T1map.mat
2025_train_Center005_UIH_15T_umr670_P003_T1map.mat
2025_train_Center005_UIH_15T_umr670_P017_T1map.mat
2025_train_Center005_UIH_15T_umr670_P021_T1map.mat
2025_train_Center005_UIH_15T_umr670_P002_T1map.mat
2025_train_Center005_UIH_15T_umr670_P004_T1map.mat
2025_train_Center005_UIH_15T_umr670_P010_T1map.mat
2025_train_Center005_UIH_15T_umr670_P013_T1map.mat
2025_train_Center005_UIH_15T_umr670_P019_T1map.mat
2025_train_Center005_UIH_15T_umr670_P020_T1map.mat
2025_train_Center005_UIH_15T_umr670_P023_T1map.mat
2025_train_Center005_UIH_15T_umr670_P005_T1map.mat
2025_train_Center005_UIH_15T_umr670_P007_T1map.mat
2025_train_Center005_UIH_15T_umr670_P014_T1map.mat
2025_train_Center005_UIH_15T_umr670_P015_T1map.mat
2025_train_Center005_UIH_15T_umr670_P016_T1map.mat
2025_train_Center005_UIH_15T_umr670_P026_T1map.mat
2025_train_Center005_UIH_15T_umr670_P027_T1map.mat
2025_train_Center005_UIH_15T_umr670_P006_T1map.mat
2025_train_Center005_UIH_15T_umr670_P008_T1map.mat
2025_train_Center005_UIH_15T_umr670_P018_T1map.mat
2025_train_Center005_UIH_15T_umr670_P024_T1map.mat
2025_train_Center006_Siemens_30T_Prisma_P015_T1map.mat
2025_train_Center006_Siemens_30T_Prisma_P019_T1map.mat
2025_train_Center006_Siemens_30T_Prisma_P033_T1map.mat
2025_train_Center006_Siemens_30T_Prisma_P022_T1map.mat
2025_train_Center006_Siemens_30T_Prisma_P025_T1map.mat
2025_train_Center006_Siemens_30T_Prisma_P035_T1map.mat
2025_train_Center007_Siemens_15T_Sola_P001_cine_lax_2ch.mat
2025_train_Center007_Siemens_15T_Sola_P001_cine_sax.mat
2025_train_Center007_Siemens_15T_Sola_P002_cine_lax_3ch.mat
2025_train_Center007_Siemens_15T_Sola_P003_cine_lax_4ch.mat
2025_train_Center007_Siemens_15T_Sola_P002_cine_sax.mat
2025_train_Center007_Siemens_15T_Sola_P004_cine_lax_4ch.mat
2025_train_Center007_Siemens_30T_Prisma_P001_cine_lax_2ch.mat
2025_train_Center007_Siemens_30T_Prisma_P002_cine_lax_4ch.mat
2025_train_Center001_UIH_30T_umr780_P003_T2smap.mat
2025_train_Center001_UIH_30T_umr780_P006_T2smap.mat
2025_train_Center001_UIH_30T_umr780_P031_T2smap.mat
2025_train_Center001_UIH_30T_umr780_P011_T2smap.mat
2025_train_Center001_UIH_30T_umr780_P046_T2smap.mat
2025_train_Center001_UIH_30T_umr780_P055_T2smap.mat
2025_train_Center001_UIH_30T_umr780_P020_T2smap.mat
2025_train_Center001_UIH_30T_umr780_P049_T2smap.mat
2025_train_Center002_Siemens_30T_CIMA.X_P001_T1map.mat
2025_train_Center002_Siemens_30T_CIMA.X_P003_T1map.mat
2025_train_Center006_Siemens_30T_Prisma_P036_T1map.mat
2025_train_Center002_Siemens_30T_CIMA.X_P012_T1map.mat
2025_train_Center002_UIH_30T_umr880_P007_T1map.mat
2025_train_Center002_UIH_30T_umr880_P008_T1map.mat
2025_train_Center005_Siemens_30T_Vida_P003_T1map.mat
2025_train_Center005_Siemens_30T_Vida_P007_T1map.mat
2025_train_Center005_UIH_15T_umr670_P001_T1map.mat
2025_train_Center005_UIH_15T_umr670_P003_T1map.mat
2025_train_Center005_UIH_15T_umr670_P017_T1map.mat
2025_train_Center005_UIH_15T_umr670_P021_T1map.mat
2025_train_Center005_UIH_15T_umr670_P002_T1map.mat
2025_train_Center005_UIH_15T_umr670_P004_T1map.mat
2025_train_Center005_UIH_15T_umr670_P010_T1map.mat
2025_train_Center005_UIH_15T_umr670_P013_T1map.mat
2025_train_Center005_UIH_15T_umr670_P019_T1map.mat
2025_train_Center005_UIH_15T_umr670_P020_T1map.mat
2025_train_Center005_UIH_15T_umr670_P023_T1map.mat
2025_train_Center005_UIH_15T_umr670_P005_T1map.mat
2025_train_Center005_UIH_15T_umr670_P007_T1map.mat
2025_train_Center005_UIH_15T_umr670_P014_T1map.mat
2025_train_Center005_UIH_15T_umr670_P015_T1map.mat
2025_train_Center005_UIH_15T_umr670_P016_T1map.mat
2025_train_Center005_UIH_15T_umr670_P026_T1map.mat
2025_train_Center005_UIH_15T_umr670_P027_T1map.mat
2025_train_Center005_UIH_15T_umr670_P006_T1map.mat
2025_train_Center005_UIH_15T_umr670_P008_T1map.mat
2025_train_Center005_UIH_15T_umr670_P018_T1map.mat
2025_train_Center005_UIH_15T_umr670_P024_T1map.mat
2025_train_Center006_Siemens_30T_Prisma_P015_T1map.mat
2025_train_Center006_Siemens_30T_Prisma_P019_T1map.mat
2025_train_Center006_Siemens_30T_Prisma_P033_T1map.mat
2025_train_Center006_Siemens_30T_Prisma_P022_T1map.mat
2025_train_Center006_Siemens_30T_Prisma_P025_T1map.mat
2025_train_Center006_Siemens_30T_Prisma_P035_T1map.mat
2025_train_Center007_Siemens_15T_Sola_P001_cine_lax_2ch.mat
2025_train_Center007_Siemens_15T_Sola_P001_cine_sax.mat
2025_train_Center007_Siemens_15T_Sola_P002_cine_lax_3ch.mat
2025_train_Center007_Siemens_15T_Sola_P003_cine_lax_4ch.mat
2025_train_Center007_Siemens_15T_Sola_P002_cine_sax.mat
2025_train_Center007_Siemens_15T_Sola_P004_cine_lax_4ch.mat
2025_train_Center007_Siemens_30T_Prisma_P001_cine_lax_2ch.mat
2025_train_Center007_Siemens_30T_Prisma_P002_cine_lax_4ch.mat
