2025_train_Center002_UIH_30T_umr880_P001_cine_lax_2ch.mat
2025_train_Center002_UIH_30T_umr880_P003_cine_lax_2ch.mat
2025_train_Center002_UIH_30T_umr880_P001_cine_lax_3ch.mat
2025_train_Center002_UIH_30T_umr880_P001_cine_lvot.mat
2025_train_Center002_UIH_30T_umr880_P005_cine_lax_4ch.mat
2025_train_Center002_UIH_30T_umr880_P001_cine_lax_4ch.mat
2025_train_Center002_UIH_30T_umr880_P001_cine_sax.mat
2025_train_Center002_UIH_30T_umr880_P006_cine_lax_4ch.mat
2025_train_Center002_UIH_30T_umr880_P008_cine_lax_2ch.mat
2025_train_Center002_UIH_30T_umr880_P009_cine_lax_2ch.mat
2025_train_Center002_UIH_30T_umr880_P002_cine_lax_2ch.mat
2025_train_Center002_UIH_30T_umr880_P005_cine_lax_2ch.mat
2025_train_Center002_UIH_30T_umr880_P006_cine_lax_2ch.mat
2025_train_Center002_UIH_30T_umr880_P007_cine_lax_4ch.mat
2025_train_Center002_UIH_30T_umr880_P008_cine_lax_3ch.mat
2025_train_Center002_UIH_30T_umr880_P008_cine_lax_4ch.mat
2025_train_Center002_UIH_30T_umr880_P009_cine_lax_3ch.mat
2025_train_Center002_UIH_30T_umr880_P002_cine_lax_3ch.mat
2025_train_Center002_UIH_30T_umr880_P002_cine_lax_4ch.mat
2025_train_Center002_UIH_30T_umr880_P003_cine_lax_3ch.mat
2025_train_Center002_UIH_30T_umr880_P006_cine_lax_3ch.mat
2025_train_Center002_UIH_30T_umr880_P007_cine_lax_3ch.mat
2025_train_Center002_UIH_30T_umr880_P010_cine_lax_4ch.mat
2025_train_Center002_UIH_30T_umr880_P002_cine_sax.mat
2025_train_Center002_UIH_30T_umr880_P003_cine_sax.mat
2025_train_Center002_UIH_30T_umr880_P008_cine_sax.mat
2025_train_Center002_UIH_30T_umr880_P009_cine_lax_4ch.mat
2025_train_Center002_UIH_30T_umr880_P009_cine_sax.mat
2025_train_Center005_Siemens_30T_Vida_P013_cine_sax.mat
2025_train_Center005_UIH_15T_umr670_P006_T2w.mat
2025_train_Center005_UIH_15T_umr670_P016_T2w.mat
2025_train_Center005_UIH_15T_umr670_P024_T2w.mat
2025_train_Center005_UIH_15T_umr670_P026_T2w.mat
2025_train_Center005_UIH_15T_umr670_P021_T2w.mat
2025_train_Center006_UIH_30T_umr790_P001_cine_rvot.mat
2025_train_Center006_UIH_30T_umr790_P003_cine_rvot.mat
2025_train_Center006_UIH_30T_umr790_P006_cine_lax_3ch.mat
2025_train_Center006_UIH_30T_umr790_P006_cine_lax_4ch.mat
2025_train_Center006_UIH_30T_umr790_P003_cine_lax_3ch.mat
2025_train_Center006_UIH_30T_umr790_P004_cine_lax_3ch.mat
2025_train_Center006_UIH_30T_umr790_P003_cine_lax_4ch.mat
2025_train_Center006_UIH_30T_umr790_P007_cine_lax_2ch.mat
2025_train_Center006_UIH_30T_umr790_P007_cine_lax_3ch.mat
2025_train_Center006_UIH_30T_umr790_P009_cine_lax_2ch.mat
2025_train_Center002_UIH_30T_umr880_P001_cine_lax_2ch.mat
2025_train_Center002_UIH_30T_umr880_P003_cine_lax_2ch.mat
2025_train_Center002_UIH_30T_umr880_P001_cine_lax_3ch.mat
2025_train_Center002_UIH_30T_umr880_P001_cine_lvot.mat
2025_train_Center002_UIH_30T_umr880_P005_cine_lax_4ch.mat
2025_train_Center002_UIH_30T_umr880_P001_cine_lax_4ch.mat
2025_train_Center002_UIH_30T_umr880_P001_cine_sax.mat
2025_train_Center002_UIH_30T_umr880_P006_cine_lax_4ch.mat
2025_train_Center002_UIH_30T_umr880_P008_cine_lax_2ch.mat
2025_train_Center002_UIH_30T_umr880_P009_cine_lax_2ch.mat
2025_train_Center002_UIH_30T_umr880_P002_cine_lax_2ch.mat
2025_train_Center002_UIH_30T_umr880_P005_cine_lax_2ch.mat
2025_train_Center002_UIH_30T_umr880_P006_cine_lax_2ch.mat
2025_train_Center002_UIH_30T_umr880_P007_cine_lax_4ch.mat
2025_train_Center002_UIH_30T_umr880_P008_cine_lax_3ch.mat
2025_train_Center002_UIH_30T_umr880_P008_cine_lax_4ch.mat
2025_train_Center002_UIH_30T_umr880_P009_cine_lax_3ch.mat
2025_train_Center002_UIH_30T_umr880_P002_cine_lax_3ch.mat
2025_train_Center002_UIH_30T_umr880_P002_cine_lax_4ch.mat
2025_train_Center002_UIH_30T_umr880_P003_cine_lax_3ch.mat
2025_train_Center002_UIH_30T_umr880_P006_cine_lax_3ch.mat
2025_train_Center002_UIH_30T_umr880_P007_cine_lax_3ch.mat
2025_train_Center002_UIH_30T_umr880_P010_cine_lax_4ch.mat
2025_train_Center002_UIH_30T_umr880_P002_cine_sax.mat
2025_train_Center002_UIH_30T_umr880_P003_cine_sax.mat
2025_train_Center002_UIH_30T_umr880_P008_cine_sax.mat
2025_train_Center002_UIH_30T_umr880_P009_cine_lax_4ch.mat
2025_train_Center002_UIH_30T_umr880_P009_cine_sax.mat
2025_train_Center005_Siemens_30T_Vida_P013_cine_sax.mat
2025_train_Center005_UIH_15T_umr670_P006_T2w.mat
2025_train_Center005_UIH_15T_umr670_P016_T2w.mat
2025_train_Center005_UIH_15T_umr670_P024_T2w.mat
2025_train_Center005_UIH_15T_umr670_P026_T2w.mat
2025_train_Center005_UIH_15T_umr670_P021_T2w.mat
2025_train_Center006_UIH_30T_umr790_P001_cine_rvot.mat
2025_train_Center006_UIH_30T_umr790_P003_cine_rvot.mat
2025_train_Center006_UIH_30T_umr790_P006_cine_lax_3ch.mat
2025_train_Center006_UIH_30T_umr790_P006_cine_lax_4ch.mat
2025_train_Center006_UIH_30T_umr790_P003_cine_lax_3ch.mat
2025_train_Center006_UIH_30T_umr790_P004_cine_lax_3ch.mat
2025_train_Center006_UIH_30T_umr790_P003_cine_lax_4ch.mat
2025_train_Center006_UIH_30T_umr790_P007_cine_lax_2ch.mat
2025_train_Center006_UIH_30T_umr790_P007_cine_lax_3ch.mat
2025_train_Center006_UIH_30T_umr790_P009_cine_lax_2ch.mat
