2025_train_Center001_UIH_30T_umr780_P001_T1mappost.mat
2025_train_Center001_UIH_30T_umr780_P058_T1mappost.mat
2025_train_Center001_UIH_30T_umr780_P006_T1mappost.mat
2025_train_Center001_UIH_30T_umr780_P009_T1mappost.mat
2025_train_Center001_UIH_30T_umr780_P031_T1mappost.mat
2025_train_Center001_UIH_30T_umr780_P033_T1mappost.mat
2025_train_Center001_UIH_30T_umr780_P034_T1mappost.mat
2025_train_Center001_UIH_30T_umr780_P036_T1mappost.mat
2025_train_Center001_UIH_30T_umr780_P042_T1mappost.mat
2025_train_Center001_UIH_30T_umr780_P051_T1mappost.mat
2025_train_Center001_UIH_30T_umr780_P054_T1mappost.mat
2025_train_Center001_UIH_30T_umr780_P057_T1mappost.mat
2025_train_Center001_UIH_30T_umr780_P060_T1mappost.mat
2025_train_Center001_UIH_30T_umr780_P061_T1mappost.mat
2025_train_Center001_UIH_30T_umr780_P009_T1map.mat
2025_train_Center001_UIH_30T_umr780_P010_T1mappost.mat
2025_train_Center001_UIH_30T_umr780_P053_T1mappost.mat
2025_train_Center001_UIH_30T_umr780_P011_T1mappost.mat
2025_train_Center001_UIH_30T_umr780_P020_T1mappost.mat
2025_train_Center001_UIH_30T_umr780_P014_T1mappost.mat
2025_train_Center001_UIH_30T_umr780_P035_T1mappost.mat
2025_train_Center001_UIH_30T_umr780_P043_T1mappost.mat
2025_train_Center001_UIH_30T_umr780_P029_T1map.mat
2025_train_Center001_UIH_30T_umr780_P049_T1mappost.mat
2025_train_Center001_UIH_30T_umr780_P055_T1mappost.mat
2025_train_Center001_UIH_30T_umr780_P056_T1mappost.mat
2025_train_Center005_UIH_15T_umr670_P001_cine_lax_4ch.mat
2025_train_Center005_UIH_15T_umr670_P003_cine_lax_4ch.mat
2025_train_Center005_UIH_15T_umr670_P007_cine_lax_4ch.mat
2025_train_Center005_UIH_15T_umr670_P010_cine_lax_4ch.mat
2025_train_Center005_UIH_15T_umr670_P010_cine_ot.mat
2025_train_Center005_UIH_15T_umr670_P013_cine_lax_4ch.mat
2025_train_Center005_UIH_15T_umr670_P017_cine_lax_4ch.mat
2025_train_Center005_UIH_15T_umr670_P020_cine_lax_4ch.mat
2025_train_Center005_UIH_15T_umr670_P021_cine_ot.mat
2025_train_Center005_UIH_15T_umr670_P024_cine_lax_4ch.mat
2025_train_Center005_UIH_15T_umr670_P024_cine_ot.mat
2025_train_Center005_UIH_15T_umr670_P026_cine_lax_4ch.mat
2025_train_Center005_UIH_15T_umr670_P026_cine_ot.mat
2025_train_Center005_UIH_15T_umr670_P001_cine_ot.mat
2025_train_Center005_UIH_15T_umr670_P002_cine_lax_4ch.mat
2025_train_Center005_UIH_15T_umr670_P008_cine_ot.mat
2025_train_Center005_UIH_15T_umr670_P016_cine_lax_4ch.mat
2025_train_Center005_UIH_15T_umr670_P002_cine_ot.mat
2025_train_Center005_UIH_15T_umr670_P027_cine_ot.mat
2025_train_Center005_UIH_15T_umr670_P003_cine_ot.mat
2025_train_Center005_UIH_15T_umr670_P013_cine_ot.mat
2025_train_Center005_UIH_15T_umr670_P014_cine_lax_4ch.mat
2025_train_Center005_UIH_15T_umr670_P014_cine_ot.mat
2025_train_Center005_UIH_15T_umr670_P017_cine_ot.mat
2025_train_Center005_UIH_15T_umr670_P018_cine_lax_4ch.mat
2025_train_Center005_UIH_15T_umr670_P019_cine_lax_4ch.mat
2025_train_Center005_UIH_15T_umr670_P019_cine_ot.mat
2025_train_Center005_UIH_15T_umr670_P020_cine_ot.mat
2025_train_Center005_UIH_15T_umr670_P004_cine_ot.mat
2025_train_Center005_UIH_15T_umr670_P005_cine_lax_4ch.mat
2025_train_Center005_UIH_15T_umr670_P005_cine_ot.mat
2025_train_Center005_UIH_15T_umr670_P006_cine_ot.mat
2025_train_Center005_UIH_15T_umr670_P007_cine_ot.mat
2025_train_Center005_UIH_15T_umr670_P008_cine_lax_4ch.mat
2025_train_Center005_UIH_15T_umr670_P015_cine_ot.mat
2025_train_Center005_UIH_15T_umr670_P018_cine_ot.mat
2025_train_Center005_UIH_15T_umr670_P021_cine_lax_4ch.mat
2025_train_Center005_UIH_15T_umr670_P023_cine_lax_4ch.mat
2025_train_Center005_UIH_15T_umr670_P023_cine_ot.mat
2025_train_Center005_UIH_15T_umr670_P027_cine_lax_4ch.mat
2025_train_Center005_UIH_15T_umr670_P006_cine_lax_4ch.mat
2025_train_Center006_Siemens_30T_Prisma_P001_cine_sax.mat
2025_train_Center006_Siemens_30T_Prisma_P025_cine_sax.mat
2025_train_Center006_Siemens_30T_Prisma_P036_cine_sax.mat
2025_train_Center006_Siemens_30T_Prisma_P037_cine_sax.mat
2025_train_Center006_Siemens_30T_Prisma_P015_blackblood.mat
2025_train_Center006_Siemens_30T_Prisma_P019_blackblood.mat
2025_train_Center006_Siemens_30T_Prisma_P033_blackblood.mat
2025_train_Center006_Siemens_30T_Prisma_P035_cine_sax.mat
2025_train_Center007_Siemens_15T_Sola_P005_cine_sax.mat
2025_train_Center007_Siemens_15T_Sola_P008_cine_lax_2ch.mat
2025_train_Center007_Siemens_15T_Sola_P009_cine_lax_4ch.mat
2025_train_Center007_Siemens_15T_Sola_P014_cine_lax_2ch.mat
2025_train_Center007_Siemens_15T_Sola_P010_cine_lax_2ch.mat
2025_train_Center007_Siemens_30T_Prisma_P004_cine_lax_4ch.mat
2025_train_Center007_Siemens_30T_Prisma_P005_cine_lax_2ch.mat
2025_train_Center001_UIH_30T_umr780_P001_T1mappost.mat
2025_train_Center001_UIH_30T_umr780_P058_T1mappost.mat
2025_train_Center001_UIH_30T_umr780_P006_T1mappost.mat
2025_train_Center001_UIH_30T_umr780_P009_T1mappost.mat
2025_train_Center001_UIH_30T_umr780_P031_T1mappost.mat
2025_train_Center001_UIH_30T_umr780_P033_T1mappost.mat
2025_train_Center001_UIH_30T_umr780_P034_T1mappost.mat
2025_train_Center001_UIH_30T_umr780_P036_T1mappost.mat
2025_train_Center001_UIH_30T_umr780_P042_T1mappost.mat
2025_train_Center001_UIH_30T_umr780_P051_T1mappost.mat
2025_train_Center001_UIH_30T_umr780_P054_T1mappost.mat
2025_train_Center001_UIH_30T_umr780_P057_T1mappost.mat
2025_train_Center001_UIH_30T_umr780_P060_T1mappost.mat
2025_train_Center001_UIH_30T_umr780_P061_T1mappost.mat
2025_train_Center001_UIH_30T_umr780_P009_T1map.mat
2025_train_Center001_UIH_30T_umr780_P010_T1mappost.mat
2025_train_Center001_UIH_30T_umr780_P053_T1mappost.mat
2025_train_Center001_UIH_30T_umr780_P011_T1mappost.mat
2025_train_Center001_UIH_30T_umr780_P020_T1mappost.mat
2025_train_Center001_UIH_30T_umr780_P014_T1mappost.mat
2025_train_Center001_UIH_30T_umr780_P035_T1mappost.mat
2025_train_Center001_UIH_30T_umr780_P043_T1mappost.mat
2025_train_Center001_UIH_30T_umr780_P029_T1map.mat
2025_train_Center001_UIH_30T_umr780_P049_T1mappost.mat
2025_train_Center001_UIH_30T_umr780_P055_T1mappost.mat
2025_train_Center001_UIH_30T_umr780_P056_T1mappost.mat
2025_train_Center005_UIH_15T_umr670_P001_cine_lax_4ch.mat
2025_train_Center005_UIH_15T_umr670_P003_cine_lax_4ch.mat
2025_train_Center005_UIH_15T_umr670_P007_cine_lax_4ch.mat
2025_train_Center005_UIH_15T_umr670_P010_cine_lax_4ch.mat
2025_train_Center005_UIH_15T_umr670_P010_cine_ot.mat
2025_train_Center005_UIH_15T_umr670_P013_cine_lax_4ch.mat
2025_train_Center005_UIH_15T_umr670_P017_cine_lax_4ch.mat
2025_train_Center005_UIH_15T_umr670_P020_cine_lax_4ch.mat
2025_train_Center005_UIH_15T_umr670_P021_cine_ot.mat
2025_train_Center005_UIH_15T_umr670_P024_cine_lax_4ch.mat
2025_train_Center005_UIH_15T_umr670_P024_cine_ot.mat
2025_train_Center005_UIH_15T_umr670_P026_cine_lax_4ch.mat
2025_train_Center005_UIH_15T_umr670_P026_cine_ot.mat
2025_train_Center005_UIH_15T_umr670_P001_cine_ot.mat
2025_train_Center005_UIH_15T_umr670_P002_cine_lax_4ch.mat
2025_train_Center005_UIH_15T_umr670_P008_cine_ot.mat
2025_train_Center005_UIH_15T_umr670_P016_cine_lax_4ch.mat
2025_train_Center005_UIH_15T_umr670_P002_cine_ot.mat
2025_train_Center005_UIH_15T_umr670_P027_cine_ot.mat
2025_train_Center005_UIH_15T_umr670_P003_cine_ot.mat
2025_train_Center005_UIH_15T_umr670_P013_cine_ot.mat
2025_train_Center005_UIH_15T_umr670_P014_cine_lax_4ch.mat
2025_train_Center005_UIH_15T_umr670_P014_cine_ot.mat
2025_train_Center005_UIH_15T_umr670_P017_cine_ot.mat
2025_train_Center005_UIH_15T_umr670_P018_cine_lax_4ch.mat
2025_train_Center005_UIH_15T_umr670_P019_cine_lax_4ch.mat
2025_train_Center005_UIH_15T_umr670_P019_cine_ot.mat
2025_train_Center005_UIH_15T_umr670_P020_cine_ot.mat
2025_train_Center005_UIH_15T_umr670_P004_cine_ot.mat
2025_train_Center005_UIH_15T_umr670_P005_cine_lax_4ch.mat
2025_train_Center005_UIH_15T_umr670_P005_cine_ot.mat
2025_train_Center005_UIH_15T_umr670_P006_cine_ot.mat
2025_train_Center005_UIH_15T_umr670_P007_cine_ot.mat
2025_train_Center005_UIH_15T_umr670_P008_cine_lax_4ch.mat
2025_train_Center005_UIH_15T_umr670_P015_cine_ot.mat
2025_train_Center005_UIH_15T_umr670_P018_cine_ot.mat
2025_train_Center005_UIH_15T_umr670_P021_cine_lax_4ch.mat
2025_train_Center005_UIH_15T_umr670_P023_cine_lax_4ch.mat
2025_train_Center005_UIH_15T_umr670_P023_cine_ot.mat
2025_train_Center005_UIH_15T_umr670_P027_cine_lax_4ch.mat
2025_train_Center005_UIH_15T_umr670_P006_cine_lax_4ch.mat
2025_train_Center006_Siemens_30T_Prisma_P001_cine_sax.mat
2025_train_Center006_Siemens_30T_Prisma_P025_cine_sax.mat
2025_train_Center006_Siemens_30T_Prisma_P036_cine_sax.mat
2025_train_Center006_Siemens_30T_Prisma_P037_cine_sax.mat
2025_train_Center006_Siemens_30T_Prisma_P015_blackblood.mat
2025_train_Center006_Siemens_30T_Prisma_P019_blackblood.mat
2025_train_Center006_Siemens_30T_Prisma_P033_blackblood.mat
2025_train_Center006_Siemens_30T_Prisma_P035_cine_sax.mat
2025_train_Center007_Siemens_15T_Sola_P005_cine_sax.mat
2025_train_Center007_Siemens_15T_Sola_P008_cine_lax_2ch.mat
2025_train_Center007_Siemens_15T_Sola_P009_cine_lax_4ch.mat
2025_train_Center007_Siemens_15T_Sola_P014_cine_lax_2ch.mat
2025_train_Center007_Siemens_15T_Sola_P010_cine_lax_2ch.mat
2025_train_Center007_Siemens_30T_Prisma_P004_cine_lax_4ch.mat
2025_train_Center007_Siemens_30T_Prisma_P005_cine_lax_2ch.mat
