2023_test_P001_cine_sax.mat
2023_test_P002_cine_sax.mat
2023_test_P013_cine_sax.mat
2023_test_P022_cine_sax.mat
2023_test_P025_cine_sax.mat
2023_test_P026_cine_sax.mat
2023_test_P027_cine_sax.mat
2023_test_P035_cine_sax.mat
2023_test_P038_cine_sax.mat
2023_test_P045_cine_sax.mat
2023_test_P047_cine_sax.mat
2023_test_P048_cine_sax.mat
2023_test_P052_cine_sax.mat
2023_test_P053_cine_sax.mat
2023_test_P055_cine_sax.mat
2023_test_P056_cine_sax.mat
2023_test_P059_cine_sax.mat
2023_test_P060_cine_sax.mat
2023_test_P061_cine_sax.mat
2023_test_P063_cine_sax.mat
2023_test_P065_cine_sax.mat
2023_test_P066_cine_sax.mat
2023_test_P067_cine_sax.mat
2023_test_P068_cine_sax.mat
2023_test_P071_cine_sax.mat
2023_test_P073_cine_sax.mat
2023_test_P075_cine_sax.mat
2023_test_P078_cine_sax.mat
2023_test_P079_cine_sax.mat
2023_test_P081_cine_sax.mat
2023_test_P089_cine_sax.mat
2023_test_P090_cine_sax.mat
2023_test_P095_cine_sax.mat
2023_test_P097_cine_sax.mat
2023_test_P099_cine_sax.mat
2023_test_P100_cine_sax.mat
2023_test_P103_cine_sax.mat
2023_test_P107_cine_sax.mat
2023_test_P109_cine_sax.mat
2023_test_P115_cine_sax.mat
2023_test_P118_cine_sax.mat
2023_test_P119_cine_sax.mat
2023_train_P002_cine_sax.mat
2023_train_P003_cine_sax.mat
2023_train_P007_cine_sax.mat
2023_train_P009_cine_sax.mat
2023_train_P010_cine_sax.mat
2023_train_P011_cine_sax.mat
2023_train_P012_cine_sax.mat
2023_train_P013_cine_sax.mat
2023_train_P014_cine_sax.mat
2023_train_P015_cine_sax.mat
2023_train_P016_cine_sax.mat
2023_train_P017_cine_sax.mat
2023_train_P019_cine_sax.mat
2023_train_P021_cine_sax.mat
2023_train_P022_cine_sax.mat
2023_train_P025_cine_sax.mat
2023_train_P026_cine_sax.mat
2023_train_P027_cine_sax.mat
2023_train_P033_cine_sax.mat
2023_train_P034_cine_sax.mat
2023_train_P039_cine_sax.mat
2023_train_P041_cine_sax.mat
2023_train_P043_cine_sax.mat
2023_train_P044_cine_sax.mat
2023_train_P047_cine_sax.mat
2023_train_P049_cine_sax.mat
2023_train_P051_cine_sax.mat
2023_train_P052_cine_sax.mat
2023_train_P054_cine_sax.mat
2023_train_P055_cine_sax.mat
2023_train_P056_cine_sax.mat
2023_train_P057_cine_sax.mat
2023_train_P058_cine_sax.mat
2023_train_P060_cine_sax.mat
2023_train_P061_cine_sax.mat
2023_train_P063_cine_sax.mat
2023_train_P065_cine_sax.mat
2023_train_P067_cine_sax.mat
2023_train_P068_cine_sax.mat
2023_train_P069_cine_sax.mat
2023_train_P071_cine_sax.mat
2023_train_P075_cine_sax.mat
2023_train_P078_cine_sax.mat
2023_train_P079_cine_sax.mat
2023_train_P092_cine_sax.mat
2023_train_P093_cine_sax.mat
2023_train_P094_cine_sax.mat
2023_train_P096_cine_sax.mat
2023_train_P097_cine_sax.mat
2023_train_P099_cine_sax.mat
2023_train_P100_cine_sax.mat
2023_train_P102_cine_sax.mat
2023_train_P103_cine_sax.mat
2023_train_P104_cine_sax.mat
2023_train_P106_cine_sax.mat
2023_train_P107_cine_sax.mat
2023_train_P108_cine_sax.mat
2023_train_P110_cine_sax.mat
2023_train_P111_cine_sax.mat
2023_train_P112_cine_sax.mat
2023_train_P113_cine_sax.mat
2023_train_P115_cine_sax.mat
2023_train_P119_cine_sax.mat
2023_train_P120_cine_sax.mat
2023_val_P003_cine_sax.mat
2023_val_P011_cine_sax.mat
2023_val_P012_cine_sax.mat
2023_val_P015_cine_sax.mat
2023_val_P017_cine_sax.mat
2023_val_P018_cine_sax.mat
2023_val_P019_cine_sax.mat
2023_val_P023_cine_sax.mat
2023_val_P025_cine_sax.mat
2023_val_P026_cine_sax.mat
2023_val_P027_cine_sax.mat
2023_val_P030_cine_sax.mat
2023_val_P031_cine_sax.mat
2023_val_P033_cine_sax.mat
2023_val_P035_cine_sax.mat
2023_val_P037_cine_sax.mat
2023_val_P038_cine_sax.mat
2023_val_P040_cine_sax.mat
2023_val_P044_cine_sax.mat
2023_val_P045_cine_sax.mat
2023_val_P046_cine_sax.mat
2023_val_P047_cine_sax.mat
2023_val_P054_cine_sax.mat
2023_val_P056_cine_sax.mat
2024_test_P004_cine_sax.mat
2024_test_P007_cine_sax.mat
2024_test_P009_cine_sax.mat
2024_test_P012_cine_sax.mat
2024_test_P013_cine_sax.mat
2024_test_P014_cine_sax.mat
2024_test_P015_cine_sax.mat
2024_test_P016_cine_sax.mat
2024_test_P017_cine_sax.mat
2024_test_P020_cine_sax.mat
2024_test_P021_cine_sax.mat
2024_test_P022_cine_sax.mat
2024_test_P025_cine_sax.mat
2024_test_P029_cine_sax.mat
2024_test_P030_cine_sax.mat
2024_test_P032_cine_sax.mat
2024_test_P033_cine_sax.mat
2024_test_P034_cine_sax.mat
2024_test_P035_cine_sax.mat
2024_test_P036_cine_sax.mat
2024_test_P037_cine_sax.mat
2024_test_P038_cine_sax.mat
2024_test_P039_cine_sax.mat
2024_test_P042_cine_sax.mat
2024_test_P043_cine_sax.mat
2024_test_P045_cine_sax.mat
2024_test_P046_cine_sax.mat
2024_test_P047_cine_sax.mat
2024_test_P048_cine_sax.mat
2024_test_P049_cine_sax.mat
2024_test_P051_cine_sax.mat
2024_test_P052_cine_sax.mat
2024_test_P053_cine_sax.mat
2024_test_P054_cine_sax.mat
2024_test_P055_cine_sax.mat
2024_test_P056_cine_sax.mat
2024_test_P057_cine_sax.mat
2024_test_P058_cine_sax.mat
2024_test_P059_cine_sax.mat
2024_test_P060_cine_sax.mat
2024_test_P061_cine_sax.mat
2024_test_P065_cine_sax.mat
2024_test_P066_cine_sax.mat
2024_test_P067_cine_sax.mat
2024_test_P068_cine_sax.mat
2024_test_P069_cine_sax.mat
2024_test_P070_cine_sax.mat
2024_train_P001_cine_sax.mat
2024_train_P002_cine_sax.mat
2024_train_P003_cine_sax.mat
2024_train_P004_cine_sax.mat
2024_train_P005_cine_sax.mat
2024_train_P006_cine_sax.mat
2024_train_P007_cine_sax.mat
2024_train_P009_cine_sax.mat
2024_train_P011_cine_sax.mat
2024_train_P012_cine_sax.mat
2024_train_P013_cine_sax.mat
2024_train_P014_cine_sax.mat
2024_train_P015_cine_sax.mat
2024_train_P017_cine_sax.mat
2024_train_P018_cine_sax.mat
2024_train_P020_cine_sax.mat
2024_train_P022_cine_sax.mat
2024_train_P024_cine_sax.mat
2024_train_P025_cine_sax.mat
2024_train_P026_cine_sax.mat
2024_train_P027_cine_sax.mat
2024_train_P028_cine_sax.mat
2024_train_P029_cine_sax.mat
2024_train_P030_cine_sax.mat
2024_train_P031_cine_sax.mat
2024_train_P032_cine_sax.mat
2024_train_P034_cine_sax.mat
2024_train_P036_cine_sax.mat
2024_train_P040_cine_sax.mat
2024_train_P041_cine_sax.mat
2024_train_P042_cine_sax.mat
2024_train_P043_cine_sax.mat
2024_train_P045_cine_sax.mat
2024_train_P047_cine_sax.mat
2024_train_P049_cine_sax.mat
2024_train_P051_cine_sax.mat
2024_train_P052_cine_sax.mat
2024_train_P055_cine_sax.mat
2024_train_P057_cine_sax.mat
2024_train_P058_cine_sax.mat
2024_train_P059_cine_sax.mat
2024_train_P064_cine_sax.mat
2024_train_P066_cine_sax.mat
2024_train_P067_cine_sax.mat
2024_train_P068_cine_sax.mat
2024_train_P069_cine_sax.mat
2024_train_P070_cine_sax.mat
2024_train_P071_cine_sax.mat
2024_train_P072_cine_sax.mat
2024_train_P075_cine_sax.mat
2024_train_P076_cine_sax.mat
2024_train_P078_cine_sax.mat
2024_train_P079_cine_sax.mat
2024_train_P080_cine_sax.mat
2024_train_P081_cine_sax.mat
2024_train_P082_cine_sax.mat
2024_train_P083_cine_sax.mat
2024_train_P084_cine_sax.mat
2024_train_P087_cine_sax.mat
2024_train_P088_cine_sax.mat
2024_train_P089_cine_sax.mat
2024_train_P092_cine_sax.mat
2024_train_P093_cine_sax.mat
2024_train_P095_cine_sax.mat
2024_train_P096_cine_sax.mat
2024_train_P097_cine_sax.mat
2024_train_P099_cine_sax.mat
2024_train_P101_cine_sax.mat
2024_train_P103_cine_sax.mat
2024_train_P104_cine_sax.mat
2024_train_P105_cine_sax.mat
2024_train_P106_cine_sax.mat
2024_train_P108_cine_sax.mat
2024_train_P110_cine_sax.mat
2024_train_P117_cine_sax.mat
2024_train_P118_cine_sax.mat
2024_train_P120_cine_sax.mat
2024_train_P121_cine_sax.mat
2024_train_P124_cine_sax.mat
2024_train_P126_cine_sax.mat
2024_train_P127_cine_sax.mat
2024_train_P128_cine_sax.mat
2024_train_P130_cine_sax.mat
2024_train_P131_cine_sax.mat
2024_train_P132_cine_sax.mat
2024_train_P133_cine_sax.mat
2024_train_P134_cine_sax.mat
2024_train_P135_cine_sax.mat
2024_train_P136_cine_sax.mat
2024_train_P137_cine_sax.mat
2024_train_P139_cine_sax.mat
2024_train_P140_cine_sax.mat
2024_train_P141_cine_sax.mat
2024_train_P142_cine_sax.mat
2024_train_P143_cine_sax.mat
2024_train_P144_cine_sax.mat
2024_train_P145_cine_sax.mat
2024_train_P147_cine_sax.mat
2024_train_P148_cine_sax.mat
2024_train_P149_cine_sax.mat
2024_train_P150_cine_sax.mat
2024_train_P151_cine_sax.mat
2024_train_P152_cine_sax.mat
2024_train_P154_cine_sax.mat
2024_train_P155_cine_sax.mat
2024_train_P156_cine_sax.mat
2024_train_P157_cine_sax.mat
2024_train_P161_cine_sax.mat
2024_train_P166_cine_sax.mat
2024_train_P167_cine_sax.mat
2024_train_P168_cine_sax.mat
2024_train_P169_cine_sax.mat
2024_train_P170_cine_sax.mat
2024_train_P171_cine_sax.mat
2024_train_P172_cine_sax.mat
2024_train_P173_cine_sax.mat
2024_train_P174_cine_sax.mat
2024_train_P175_cine_sax.mat
2024_train_P176_cine_sax.mat
2024_train_P177_cine_sax.mat
2024_train_P178_cine_sax.mat
2024_train_P179_cine_sax.mat
2024_train_P180_cine_sax.mat
2024_train_P181_cine_sax.mat
2024_train_P182_cine_sax.mat
2024_train_P183_cine_sax.mat
2024_train_P184_cine_sax.mat
2024_train_P185_cine_sax.mat
2024_train_P186_cine_sax.mat
2024_train_P187_cine_sax.mat
2024_train_P188_cine_sax.mat
2024_train_P190_cine_sax.mat
2024_train_P191_cine_sax.mat
2024_train_P195_cine_sax.mat
2024_train_P196_cine_sax.mat
2024_train_P198_cine_sax.mat
2024_train_P199_cine_sax.mat
2024_train_P200_cine_sax.mat
2024_val_P002_cine_sax.mat
2024_val_P003_cine_sax.mat
2024_val_P004_cine_sax.mat
2024_val_P008_cine_sax.mat
2024_val_P009_cine_sax.mat
2024_val_P010_cine_sax.mat
2024_val_P012_cine_sax.mat
2024_val_P013_cine_sax.mat
2024_val_P014_cine_sax.mat
2024_val_P016_cine_sax.mat
2024_val_P017_cine_sax.mat
2024_val_P018_cine_sax.mat
2024_val_P019_cine_sax.mat
2024_val_P021_cine_sax.mat
2024_val_P022_cine_sax.mat
2024_val_P023_cine_sax.mat
2024_val_P024_cine_sax.mat
2024_val_P027_cine_sax.mat
2024_val_P028_cine_sax.mat
2024_val_P031_cine_sax.mat
2024_val_P033_cine_sax.mat
2024_val_P034_cine_sax.mat
2024_val_P035_cine_sax.mat
2024_val_P036_cine_sax.mat
2024_val_P037_cine_sax.mat
2024_val_P038_cine_sax.mat
2024_val_P039_cine_sax.mat
2024_val_P043_cine_sax.mat
2024_val_P044_cine_sax.mat
2024_val_P045_cine_sax.mat
2024_val_P046_cine_sax.mat
2024_val_P049_cine_sax.mat
2024_val_P050_cine_sax.mat
2024_val_P051_cine_sax.mat
2024_val_P053_cine_sax.mat
2024_val_P054_cine_sax.mat
2024_val_P057_cine_sax.mat
