2023_test_P004_cine_sax.mat
2023_test_P005_cine_sax.mat
2023_test_P006_cine_sax.mat
2023_test_P015_cine_sax.mat
2023_test_P019_cine_sax.mat
2023_test_P020_cine_sax.mat
2023_test_P021_cine_sax.mat
2023_test_P028_cine_sax.mat
2023_test_P029_cine_sax.mat
2023_test_P030_cine_sax.mat
2023_test_P031_cine_sax.mat
2023_test_P032_cine_sax.mat
2023_test_P034_cine_sax.mat
2023_test_P036_cine_sax.mat
2023_test_P040_cine_sax.mat
2023_test_P044_cine_sax.mat
2023_test_P046_cine_sax.mat
2023_test_P050_cine_sax.mat
2023_test_P051_cine_sax.mat
2023_test_P069_cine_sax.mat
2023_test_P072_cine_sax.mat
2023_test_P076_cine_sax.mat
2023_test_P082_cine_sax.mat
2023_test_P084_cine_sax.mat
2023_test_P086_cine_sax.mat
2023_test_P087_cine_sax.mat
2023_test_P088_cine_sax.mat
2023_test_P091_cine_sax.mat
2023_test_P098_cine_sax.mat
2023_test_P101_cine_sax.mat
2023_test_P104_cine_sax.mat
2023_test_P108_cine_sax.mat
2023_train_P001_cine_sax.mat
2023_train_P005_cine_sax.mat
2023_train_P006_cine_sax.mat
2023_train_P018_cine_sax.mat
2023_train_P020_cine_sax.mat
2023_train_P023_cine_sax.mat
2023_train_P028_cine_sax.mat
2023_train_P029_cine_sax.mat
2023_train_P030_cine_sax.mat
2023_train_P031_cine_sax.mat
2023_train_P032_cine_sax.mat
2023_train_P035_cine_sax.mat
2023_train_P042_cine_sax.mat
2023_train_P045_cine_sax.mat
2023_train_P048_cine_sax.mat
2023_train_P059_cine_sax.mat
2023_train_P062_cine_sax.mat
2023_train_P064_cine_sax.mat
2023_train_P066_cine_sax.mat
2023_train_P070_cine_sax.mat
2023_train_P072_cine_sax.mat
2023_train_P073_cine_sax.mat
2023_train_P074_cine_sax.mat
2023_train_P076_cine_sax.mat
2023_train_P091_cine_sax.mat
2023_train_P095_cine_sax.mat
2023_train_P098_cine_sax.mat
2023_train_P101_cine_sax.mat
2023_train_P105_cine_sax.mat
2023_train_P116_cine_sax.mat
2023_train_P117_cine_sax.mat
2023_train_P118_cine_sax.mat
2023_val_P001_cine_sax.mat
2023_val_P002_cine_sax.mat
2023_val_P006_cine_sax.mat
2023_val_P009_cine_sax.mat
2023_val_P010_cine_sax.mat
2023_val_P013_cine_sax.mat
2023_val_P014_cine_sax.mat
2023_val_P016_cine_sax.mat
2023_val_P021_cine_sax.mat
2023_val_P024_cine_sax.mat
2023_val_P028_cine_sax.mat
2023_val_P029_cine_sax.mat
2023_val_P032_cine_sax.mat
2023_val_P034_cine_sax.mat
2023_val_P036_cine_sax.mat
2023_val_P039_cine_sax.mat
2023_val_P041_cine_sax.mat
2023_val_P042_cine_sax.mat
2023_val_P043_cine_sax.mat
2023_val_P048_cine_sax.mat
2023_val_P049_cine_sax.mat
2023_val_P050_cine_sax.mat
2023_val_P051_cine_sax.mat
2023_val_P053_cine_sax.mat
2023_val_P055_cine_sax.mat
2023_val_P057_cine_sax.mat
2023_val_P060_cine_sax.mat
2024_test_P002_cine_sax.mat
2024_test_P005_cine_sax.mat
2024_test_P006_cine_sax.mat
2024_test_P008_cine_sax.mat
2024_test_P023_cine_sax.mat
2024_test_P027_cine_sax.mat
2024_test_P028_cine_sax.mat
2024_test_P040_cine_sax.mat
2024_test_P041_cine_sax.mat
2024_test_P044_cine_sax.mat
2024_test_P062_cine_sax.mat
2024_test_P064_cine_sax.mat
2024_train_P010_cine_sax.mat
2024_train_P021_cine_sax.mat
2024_train_P023_cine_sax.mat
2024_train_P035_cine_sax.mat
2024_train_P039_cine_sax.mat
2024_train_P044_cine_sax.mat
2024_train_P046_cine_sax.mat
2024_train_P048_cine_sax.mat
2024_train_P050_cine_sax.mat
2024_train_P053_cine_sax.mat
2024_train_P060_cine_sax.mat
2024_train_P061_cine_sax.mat
2024_train_P065_cine_sax.mat
2024_train_P074_cine_sax.mat
2024_train_P085_cine_sax.mat
2024_train_P086_cine_sax.mat
2024_train_P091_cine_sax.mat
2024_train_P094_cine_sax.mat
2024_train_P107_cine_sax.mat
2024_train_P114_cine_sax.mat
2024_train_P115_cine_sax.mat
2024_train_P129_cine_sax.mat
2024_train_P197_cine_sax.mat
2024_val_P001_cine_sax.mat
2024_val_P005_cine_sax.mat
2024_val_P006_cine_sax.mat
2024_val_P007_cine_sax.mat
2024_val_P011_cine_sax.mat
2024_val_P015_cine_sax.mat
2024_val_P020_cine_sax.mat
2024_val_P025_cine_sax.mat
2024_val_P029_cine_sax.mat
2024_val_P032_cine_sax.mat
2024_val_P041_cine_sax.mat
2024_val_P042_cine_sax.mat
2024_val_P047_cine_sax.mat
2024_val_P048_cine_sax.mat
2024_val_P055_cine_sax.mat
2024_val_P056_cine_sax.mat
2024_val_P059_cine_sax.mat
2024_val_P060_cine_sax.mat
