2025_train_Center007_Siemens_15T_Avanto_P001_cine_lax_3ch.mat
2025_train_Center007_Siemens_15T_Avanto_P001_cine_sax.mat
2025_train_Center007_Siemens_15T_Avanto_P002_cine_sax.mat
2025_train_Center007_Siemens_15T_Avanto_P003_cine_sax.mat
2025_train_Center007_Siemens_15T_Sola_P003_cine_sax.mat
2025_train_Center007_Siemens_15T_Sola_P004_cine_sax.mat
2025_train_Center007_Siemens_15T_Sola_P005_cine_lax_2ch.mat
2025_train_Center007_Siemens_15T_Sola_P006_cine_lax_4ch.mat
2025_train_Center007_Siemens_15T_Sola_P006_cine_sax.mat
2025_train_Center007_Siemens_15T_Sola_P007_cine_lax_4ch.mat
2025_train_Center007_Siemens_15T_Sola_P007_cine_sax.mat
2025_train_Center007_Siemens_15T_Sola_P012_cine_lax_2ch.mat
2025_train_Center007_Siemens_15T_Sola_P013_cine_lax_4ch.mat
2025_train_Center007_Siemens_15T_Sola_P015_cine_lax_4ch.mat
2025_train_Center007_Siemens_15T_Sola_P016_cine_lax_2ch.mat
2025_train_Center007_Siemens_30T_Prisma_P003_cine_sax.mat
2025_train_Center007_Siemens_30T_Prisma_P004_cine_sax.mat
2025_train_Center007_Siemens_30T_Prisma_P005_cine_sax.mat
2025_train_Center007_Siemens_30T_Prisma_P006_cine_lax_2ch.mat
2025_train_Center007_Siemens_30T_Prisma_P006_cine_sax.mat
2025_train_Center007_Siemens_30T_Prisma_P007_cine_lax_3ch.mat
2025_train_Center007_Siemens_30T_Prisma_P007_cine_sax.mat
2025_train_Center007_Siemens_30T_Prisma_P008_cine_lax_4ch.mat
2025_train_Center007_Siemens_30T_Prisma_P008_cine_sax.mat
2025_train_Center007_Siemens_30T_Prisma_P009_cine_lax_2ch.mat
2025_train_Center007_Siemens_30T_Prisma_P009_cine_sax.mat
2025_train_Center007_Siemens_30T_Prisma_P010_cine_lax_3ch.mat
2025_train_Center007_Siemens_30T_Prisma_P010_cine_sax.mat
2025_train_Center007_Siemens_30T_Prisma_P011_cine_lax_4ch.mat
2025_train_Center007_Siemens_30T_Prisma_P011_cine_sax.mat
2025_train_Center007_Siemens_30T_Prisma_P012_cine_lax_2ch.mat
2025_train_Center007_Siemens_30T_Prisma_P012_cine_sax.mat
2025_train_Center007_Siemens_30T_Prisma_P013_cine_lax_3ch.mat
2025_train_Center007_Siemens_30T_Prisma_P013_cine_sax.mat
2025_train_Center007_Siemens_30T_Prisma_P014_cine_lax_4ch.mat
2025_train_Center007_Siemens_30T_Prisma_P014_cine_sax.mat
2025_train_Center007_Siemens_30T_Prisma_P015_cine_lax_2ch.mat
2025_train_Center007_Siemens_30T_Prisma_P015_cine_sax.mat
2025_train_Center007_Siemens_30T_Prisma_P016_cine_lax_3ch.mat
2025_train_Center007_Siemens_30T_Prisma_P016_cine_sax.mat
2025_train_Center007_Siemens_30T_Prisma_P017_cine_lax_4ch.mat
2025_train_Center007_Siemens_30T_Prisma_P018_cine_lax_2ch.mat
2025_train_Center007_Siemens_30T_Prisma_P019_cine_lax_4ch.mat
2025_train_Center001_UIH_30T_umr780_P001_T1map.mat
2025_train_Center001_UIH_30T_umr780_P006_T1map.mat
2025_train_Center001_UIH_30T_umr780_P008_T1map.mat
2025_train_Center001_UIH_30T_umr780_P014_T1map.mat
2025_train_Center001_UIH_30T_umr780_P018_T1map.mat
2025_train_Center001_UIH_30T_umr780_P021_T1map.mat
2025_train_Center001_UIH_30T_umr780_P026_T1map.mat
2025_train_Center001_UIH_30T_umr780_P030_T1map.mat
2025_train_Center001_UIH_30T_umr780_P032_T1map.mat
2025_train_Center001_UIH_30T_umr780_P033_T1map.mat
2025_train_Center001_UIH_30T_umr780_P034_T1map.mat
2025_train_Center001_UIH_30T_umr780_P037_T1map.mat
2025_train_Center001_UIH_30T_umr780_P042_T1map.mat
2025_train_Center001_UIH_30T_umr780_P046_T1map.mat
2025_train_Center001_UIH_30T_umr780_P061_T1map.mat
2025_train_Center001_UIH_30T_umr780_P002_T1map.mat
2025_train_Center001_UIH_30T_umr780_P019_T1map.mat
2025_train_Center001_UIH_30T_umr780_P049_T1map.mat
2025_train_Center001_UIH_30T_umr780_P003_T1map.mat
2025_train_Center001_UIH_30T_umr780_P004_T1map.mat
2025_train_Center001_UIH_30T_umr780_P005_T1map.mat
2025_train_Center001_UIH_30T_umr780_P011_T1map.mat
2025_train_Center001_UIH_30T_umr780_P017_T1map.mat
2025_train_Center001_UIH_30T_umr780_P036_T1map.mat
2025_train_Center001_UIH_30T_umr780_P051_T1map.mat
2025_train_Center001_UIH_30T_umr780_P054_T1map.mat
2025_train_Center001_UIH_30T_umr780_P057_T1map.mat
2025_train_Center001_UIH_30T_umr780_P060_T1map.mat
2025_train_Center001_UIH_30T_umr780_P010_T1map.mat
2025_train_Center001_UIH_30T_umr780_P020_T1map.mat
2025_train_Center001_UIH_30T_umr780_P031_T1map.mat
2025_train_Center001_UIH_30T_umr780_P041_T1map.mat
2025_train_Center001_UIH_30T_umr780_P044_T1map.mat
2025_train_Center001_UIH_30T_umr780_P053_T1map.mat
2025_train_Center001_UIH_30T_umr780_P055_T1map.mat
2025_train_Center001_UIH_30T_umr780_P013_T1map.mat
2025_train_Center001_UIH_30T_umr780_P035_T1map.mat
2025_train_Center001_UIH_30T_umr780_P043_T1map.mat
2025_train_Center001_UIH_30T_umr780_P015_T1map.mat
2025_train_Center001_UIH_30T_umr780_P024_T1map.mat
2025_train_Center001_UIH_30T_umr780_P058_T1map.mat
2025_train_Center001_UIH_30T_umr780_P027_T1map.mat
2025_train_Center001_UIH_30T_umr780_P028_T1map.mat
2025_train_Center001_UIH_30T_umr780_P040_T1map.mat
2025_train_Center001_UIH_30T_umr780_P056_T1map.mat
2025_train_Center002_Siemens_30T_CIMA.X_P008_T1map.mat
2025_train_Center002_Siemens_30T_CIMA.X_P017_T1map.mat
2025_train_Center005_Siemens_30T_Vida_P002_T1map.mat
2025_train_Center005_Siemens_30T_Vida_P013_T1map.mat
2025_train_Center006_Siemens_30T_Prisma_P005_T1map.mat
2025_train_Center006_Siemens_30T_Prisma_P024_T1map.mat
2025_train_Center006_Siemens_30T_Prisma_P034_T1map.mat
2025_train_Center006_Siemens_30T_Prisma_P002_T1map.mat
2025_train_Center006_Siemens_30T_Prisma_P006_cine_lax.mat
2025_train_Center006_Siemens_30T_Prisma_P011_cine_lax.mat
2025_train_Center006_Siemens_30T_Prisma_P015_cine_sax.mat
2025_train_Center006_Siemens_30T_Prisma_P033_cine_sax.mat
2025_train_Center006_Siemens_30T_Prisma_P017_T1map.mat
2025_train_Center006_Siemens_30T_Prisma_P029_blackblood.mat
2025_train_Center006_Siemens_30T_Prisma_P031_blackblood.mat
2025_train_Center006_Siemens_30T_Prisma_P032_blackblood.mat
2025_train_Center006_Siemens_30T_Prisma_P032_cine_lax.mat
2025_train_Center006_Siemens_30T_Prisma_P035_cine_lax.mat
2025_train_Center006_Siemens_30T_Prisma_P036_cine_lax.mat
2025_train_Center006_Siemens_30T_Prisma_P042_T1map.mat
2025_train_Center007_Siemens_15T_Sola_P011_cine_lax_4ch.mat
2025_train_Center007_Siemens_30T_Vida_P001_cine_lax_3ch.mat
2025_train_Center007_Siemens_30T_Vida_P003_cine_lax_4ch.mat
2025_train_Center007_Siemens_30T_Vida_P004_cine_lax_2ch.mat
2025_train_Center007_Siemens_30T_Vida_P005_cine_lax_2ch.mat
2025_train_Center007_Siemens_30T_Prisma_P002_cine_sax.mat
2025_train_Center007_Siemens_15T_Avanto_P001_cine_lax_3ch.mat
2025_train_Center007_Siemens_15T_Avanto_P001_cine_sax.mat
2025_train_Center007_Siemens_15T_Avanto_P002_cine_sax.mat
2025_train_Center007_Siemens_15T_Avanto_P003_cine_sax.mat
2025_train_Center007_Siemens_15T_Sola_P003_cine_sax.mat
2025_train_Center007_Siemens_15T_Sola_P004_cine_sax.mat
2025_train_Center007_Siemens_15T_Sola_P005_cine_lax_2ch.mat
2025_train_Center007_Siemens_15T_Sola_P006_cine_lax_4ch.mat
2025_train_Center007_Siemens_15T_Sola_P006_cine_sax.mat
2025_train_Center007_Siemens_15T_Sola_P007_cine_lax_4ch.mat
2025_train_Center007_Siemens_15T_Sola_P007_cine_sax.mat
2025_train_Center007_Siemens_15T_Sola_P012_cine_lax_2ch.mat
2025_train_Center007_Siemens_15T_Sola_P013_cine_lax_4ch.mat
2025_train_Center007_Siemens_15T_Sola_P015_cine_lax_4ch.mat
2025_train_Center007_Siemens_15T_Sola_P016_cine_lax_2ch.mat
2025_train_Center007_Siemens_30T_Prisma_P003_cine_sax.mat
2025_train_Center007_Siemens_30T_Prisma_P004_cine_sax.mat
2025_train_Center007_Siemens_30T_Prisma_P005_cine_sax.mat
2025_train_Center007_Siemens_30T_Prisma_P006_cine_lax_2ch.mat
2025_train_Center007_Siemens_30T_Prisma_P006_cine_sax.mat
2025_train_Center007_Siemens_30T_Prisma_P007_cine_lax_3ch.mat
2025_train_Center007_Siemens_30T_Prisma_P007_cine_sax.mat
2025_train_Center007_Siemens_30T_Prisma_P008_cine_lax_4ch.mat
2025_train_Center007_Siemens_30T_Prisma_P008_cine_sax.mat
2025_train_Center007_Siemens_30T_Prisma_P009_cine_lax_2ch.mat
2025_train_Center007_Siemens_30T_Prisma_P009_cine_sax.mat
2025_train_Center007_Siemens_30T_Prisma_P010_cine_lax_3ch.mat
2025_train_Center007_Siemens_30T_Prisma_P010_cine_sax.mat
2025_train_Center007_Siemens_30T_Prisma_P011_cine_lax_4ch.mat
2025_train_Center007_Siemens_30T_Prisma_P011_cine_sax.mat
2025_train_Center007_Siemens_30T_Prisma_P012_cine_lax_2ch.mat
2025_train_Center007_Siemens_30T_Prisma_P012_cine_sax.mat
2025_train_Center007_Siemens_30T_Prisma_P013_cine_lax_3ch.mat
2025_train_Center007_Siemens_30T_Prisma_P013_cine_sax.mat
2025_train_Center007_Siemens_30T_Prisma_P014_cine_lax_4ch.mat
2025_train_Center007_Siemens_30T_Prisma_P014_cine_sax.mat
2025_train_Center007_Siemens_30T_Prisma_P015_cine_lax_2ch.mat
2025_train_Center007_Siemens_30T_Prisma_P015_cine_sax.mat
2025_train_Center007_Siemens_30T_Prisma_P016_cine_lax_3ch.mat
2025_train_Center007_Siemens_30T_Prisma_P016_cine_sax.mat
2025_train_Center007_Siemens_30T_Prisma_P017_cine_lax_4ch.mat
2025_train_Center007_Siemens_30T_Prisma_P018_cine_lax_2ch.mat
2025_train_Center007_Siemens_30T_Prisma_P019_cine_lax_4ch.mat
2025_train_Center001_UIH_30T_umr780_P001_T1map.mat
2025_train_Center001_UIH_30T_umr780_P006_T1map.mat
2025_train_Center001_UIH_30T_umr780_P008_T1map.mat
2025_train_Center001_UIH_30T_umr780_P014_T1map.mat
2025_train_Center001_UIH_30T_umr780_P018_T1map.mat
2025_train_Center001_UIH_30T_umr780_P021_T1map.mat
2025_train_Center001_UIH_30T_umr780_P026_T1map.mat
2025_train_Center001_UIH_30T_umr780_P030_T1map.mat
2025_train_Center001_UIH_30T_umr780_P032_T1map.mat
2025_train_Center001_UIH_30T_umr780_P033_T1map.mat
2025_train_Center001_UIH_30T_umr780_P034_T1map.mat
2025_train_Center001_UIH_30T_umr780_P037_T1map.mat
2025_train_Center001_UIH_30T_umr780_P042_T1map.mat
2025_train_Center001_UIH_30T_umr780_P046_T1map.mat
2025_train_Center001_UIH_30T_umr780_P061_T1map.mat
2025_train_Center001_UIH_30T_umr780_P002_T1map.mat
2025_train_Center001_UIH_30T_umr780_P019_T1map.mat
2025_train_Center001_UIH_30T_umr780_P049_T1map.mat
2025_train_Center001_UIH_30T_umr780_P003_T1map.mat
2025_train_Center001_UIH_30T_umr780_P004_T1map.mat
2025_train_Center001_UIH_30T_umr780_P005_T1map.mat
2025_train_Center001_UIH_30T_umr780_P011_T1map.mat
2025_train_Center001_UIH_30T_umr780_P017_T1map.mat
2025_train_Center001_UIH_30T_umr780_P036_T1map.mat
2025_train_Center001_UIH_30T_umr780_P051_T1map.mat
2025_train_Center001_UIH_30T_umr780_P054_T1map.mat
2025_train_Center001_UIH_30T_umr780_P057_T1map.mat
2025_train_Center001_UIH_30T_umr780_P060_T1map.mat
2025_train_Center001_UIH_30T_umr780_P010_T1map.mat
2025_train_Center001_UIH_30T_umr780_P020_T1map.mat
2025_train_Center001_UIH_30T_umr780_P031_T1map.mat
2025_train_Center001_UIH_30T_umr780_P041_T1map.mat
2025_train_Center001_UIH_30T_umr780_P044_T1map.mat
2025_train_Center001_UIH_30T_umr780_P053_T1map.mat
2025_train_Center001_UIH_30T_umr780_P055_T1map.mat
2025_train_Center001_UIH_30T_umr780_P013_T1map.mat
2025_train_Center001_UIH_30T_umr780_P035_T1map.mat
2025_train_Center001_UIH_30T_umr780_P043_T1map.mat
2025_train_Center001_UIH_30T_umr780_P015_T1map.mat
2025_train_Center001_UIH_30T_umr780_P024_T1map.mat
2025_train_Center001_UIH_30T_umr780_P058_T1map.mat
2025_train_Center001_UIH_30T_umr780_P027_T1map.mat
2025_train_Center001_UIH_30T_umr780_P028_T1map.mat
2025_train_Center001_UIH_30T_umr780_P040_T1map.mat
2025_train_Center001_UIH_30T_umr780_P056_T1map.mat
2025_train_Center002_Siemens_30T_CIMA.X_P008_T1map.mat
2025_train_Center002_Siemens_30T_CIMA.X_P017_T1map.mat
2025_train_Center005_Siemens_30T_Vida_P002_T1map.mat
2025_train_Center005_Siemens_30T_Vida_P013_T1map.mat
2025_train_Center006_Siemens_30T_Prisma_P005_T1map.mat
2025_train_Center006_Siemens_30T_Prisma_P024_T1map.mat
2025_train_Center006_Siemens_30T_Prisma_P034_T1map.mat
2025_train_Center006_Siemens_30T_Prisma_P002_T1map.mat
2025_train_Center006_Siemens_30T_Prisma_P006_cine_lax.mat
2025_train_Center006_Siemens_30T_Prisma_P011_cine_lax.mat
2025_train_Center006_Siemens_30T_Prisma_P015_cine_sax.mat
2025_train_Center006_Siemens_30T_Prisma_P033_cine_sax.mat
2025_train_Center006_Siemens_30T_Prisma_P017_T1map.mat
2025_train_Center006_Siemens_30T_Prisma_P029_blackblood.mat
2025_train_Center006_Siemens_30T_Prisma_P031_blackblood.mat
2025_train_Center006_Siemens_30T_Prisma_P032_blackblood.mat
2025_train_Center006_Siemens_30T_Prisma_P032_cine_lax.mat
2025_train_Center006_Siemens_30T_Prisma_P035_cine_lax.mat
2025_train_Center006_Siemens_30T_Prisma_P036_cine_lax.mat
2025_train_Center006_Siemens_30T_Prisma_P042_T1map.mat
2025_train_Center007_Siemens_15T_Sola_P011_cine_lax_4ch.mat
2025_train_Center007_Siemens_30T_Vida_P001_cine_lax_3ch.mat
2025_train_Center007_Siemens_30T_Vida_P003_cine_lax_4ch.mat
2025_train_Center007_Siemens_30T_Vida_P004_cine_lax_2ch.mat
2025_train_Center007_Siemens_30T_Vida_P005_cine_lax_2ch.mat
2025_train_Center007_Siemens_30T_Prisma_P002_cine_sax.mat
