2025_train_Center001_UIH_30T_umr780_P002_T1rho.mat
2025_train_Center001_UIH_30T_umr780_P013_T1rho.mat
2025_train_Center001_UIH_30T_umr780_P017_T1rho.mat
2025_train_Center001_UIH_30T_umr780_P021_T1rho.mat
2025_train_Center001_UIH_30T_umr780_P027_T1rho.mat
2025_train_Center001_UIH_30T_umr780_P028_T1rho.mat
2025_train_Center001_UIH_30T_umr780_P036_T1rho.mat
2025_train_Center001_UIH_30T_umr780_P040_T1rho.mat
2025_train_Center001_UIH_30T_umr780_P044_T1rho.mat
2025_train_Center001_UIH_30T_umr780_P053_T1rho.mat
2025_train_Center001_UIH_30T_umr780_P003_T1rho.mat
2025_train_Center001_UIH_30T_umr780_P005_T1rho.mat
2025_train_Center001_UIH_30T_umr780_P008_T1rho.mat
2025_train_Center001_UIH_30T_umr780_P019_T1rho.mat
2025_train_Center001_UIH_30T_umr780_P020_T1rho.mat
2025_train_Center001_UIH_30T_umr780_P049_T1rho.mat
2025_train_Center001_UIH_30T_umr780_P055_T1rho.mat
2025_train_Center001_UIH_30T_umr780_P004_T1rho.mat
2025_train_Center001_UIH_30T_umr780_P006_T1rho.mat
2025_train_Center001_UIH_30T_umr780_P018_T1rho.mat
2025_train_Center001_UIH_30T_umr780_P031_T1rho.mat
2025_train_Center001_UIH_30T_umr780_P032_T1rho.mat
2025_train_Center001_UIH_30T_umr780_P033_T1rho.mat
2025_train_Center001_UIH_30T_umr780_P034_T1rho.mat
2025_train_Center001_UIH_30T_umr780_P046_T1rho.mat
2025_train_Center001_UIH_30T_umr780_P054_T1rho.mat
2025_train_Center001_UIH_30T_umr780_P006_lge_lax_2ch.mat
2025_train_Center001_UIH_30T_umr780_P009_T1rho.mat
2025_train_Center001_UIH_30T_umr780_P011_lge_lax_4ch.mat
2025_train_Center001_UIH_30T_umr780_P024_T1rho.mat
2025_train_Center001_UIH_30T_umr780_P050_T1rho.mat
2025_train_Center001_UIH_30T_umr780_P026_T1rho.mat
2025_train_Center001_UIH_30T_umr780_P029_T1rho.mat
2025_train_Center001_UIH_30T_umr780_P030_T1rho.mat
2025_train_Center001_UIH_30T_umr780_P061_T1rho.mat
2025_train_Center001_UIH_30T_umr780_P037_T1mappost.mat
2025_train_Center002_UIH_30T_umr880_P001_T1rho.mat
2025_train_Center002_UIH_30T_umr880_P001_T2map.mat
2025_train_Center003_UIH_30T_umr880_P022_T2map.mat
2025_train_Center002_UIH_30T_umr880_P002_T1rho.mat
2025_train_Center002_UIH_30T_umr880_P008_T1rho.mat
2025_train_Center002_UIH_30T_umr880_P005_T1rho.mat
2025_train_Center002_UIH_30T_umr880_P006_T1rho.mat
2025_train_Center002_UIH_30T_umr880_P006_lge_sax.mat
2025_train_Center003_UIH_30T_umr880_P004_lge_sax.mat
2025_train_Center003_UIH_30T_umr880_P008_lge_sax.mat
2025_train_Center003_UIH_30T_umr880_P012_lge_sax.mat
2025_train_Center003_UIH_30T_umr880_P023_lge_sax.mat
2025_train_Center003_UIH_30T_umr880_P024_lge_sax.mat
2025_train_Center006_Siemens_30T_Prisma_P002_lge_sax.mat
2025_train_Center002_UIH_30T_umr880_P007_T1mappost.mat
2025_train_Center002_UIH_30T_umr880_P007_T1rho.mat
2025_train_Center002_UIH_30T_umr880_P009_T1rho.mat
2025_train_Center002_UIH_30T_umr880_P010_T1rho.mat
2025_train_Center003_UIH_30T_umr880_P004_T2map.mat
2025_train_Center003_UIH_30T_umr880_P006_lge_sax.mat
2025_train_Center003_UIH_30T_umr880_P008_T2map.mat
2025_train_Center003_UIH_30T_umr880_P009_T2map.mat
2025_train_Center003_UIH_30T_umr880_P009_lge_sax.mat
2025_train_Center003_UIH_30T_umr880_P010_T1map.mat
2025_train_Center003_UIH_30T_umr880_P010_T1mappost.mat
2025_train_Center003_UIH_30T_umr880_P010_T2map.mat
2025_train_Center003_UIH_30T_umr880_P015_T2map.mat
2025_train_Center003_UIH_30T_umr880_P018_T2map.mat
2025_train_Center003_UIH_30T_umr880_P019_T2map.mat
2025_train_Center003_UIH_30T_umr880_P024_T2map.mat
2025_train_Center003_UIH_30T_umr880_P015_lge_sax.mat
2025_train_Center003_UIH_30T_umr880_P017_lge_sax.mat
2025_train_Center003_UIH_30T_umr880_P018_lge_sax.mat
2025_train_Center003_UIH_30T_umr880_P022_lge_sax.mat
2025_train_Center006_Siemens_30T_Prisma_P011_lge_sax.mat
2025_train_Center006_Siemens_30T_Prisma_P028_lge_sax.mat
2025_train_Center006_Siemens_30T_Prisma_P030_lge_sax.mat
2025_train_Center006_Siemens_30T_Prisma_P037_lge_sax.mat
2025_train_Center003_UIH_30T_umr880_P017_T2map.mat
2025_train_Center003_UIH_30T_umr880_P023_T2map.mat
2025_train_Center003_UIH_30T_umr880_P019_lge_sax.mat
2025_train_Center006_Siemens_30T_Prisma_P001_lge_sax.mat
2025_train_Center006_Siemens_30T_Prisma_P042_lge_sax.mat
2025_train_Center003_UIH_30T_umr880_P020_lge_sax.mat
2025_train_Center003_UIH_30T_umr880_P025_T2map.mat
2025_train_Center003_UIH_30T_umr880_P025_lge_sax.mat
2025_train_Center005_Siemens_30T_Vida_P014_T1map.mat
2025_train_Center006_Siemens_30T_Prisma_P005_lge_sax.mat
2025_train_Center006_Siemens_30T_Prisma_P026_lge_sax.mat
2025_train_Center006_Siemens_30T_Prisma_P013_lge_sax.mat
2025_train_Center006_Siemens_30T_Prisma_P014_lge_sax.mat
2025_train_Center006_Siemens_30T_Prisma_P024_lge_sax.mat
2025_train_Center006_Siemens_30T_Prisma_P027_lge_sax.mat
2025_train_Center006_Siemens_30T_Prisma_P034_lge_sax.mat
2025_train_Center006_Siemens_30T_Prisma_P017_lge_sax.mat
2025_train_Center006_Siemens_30T_Prisma_P021_lge_sax.mat
2025_train_Center006_Siemens_30T_Prisma_P040_lge_sax.mat
2025_train_Center006_Siemens_30T_Prisma_P020_lge_sax.mat
2025_train_Center006_Siemens_30T_Prisma_P038_T1map.mat
2025_train_Center006_Siemens_30T_Prisma_P039_lge_sax.mat
2025_train_Center001_UIH_30T_umr780_P002_T1rho.mat
2025_train_Center001_UIH_30T_umr780_P013_T1rho.mat
2025_train_Center001_UIH_30T_umr780_P017_T1rho.mat
2025_train_Center001_UIH_30T_umr780_P021_T1rho.mat
2025_train_Center001_UIH_30T_umr780_P027_T1rho.mat
2025_train_Center001_UIH_30T_umr780_P028_T1rho.mat
2025_train_Center001_UIH_30T_umr780_P036_T1rho.mat
2025_train_Center001_UIH_30T_umr780_P040_T1rho.mat
2025_train_Center001_UIH_30T_umr780_P044_T1rho.mat
2025_train_Center001_UIH_30T_umr780_P053_T1rho.mat
2025_train_Center001_UIH_30T_umr780_P003_T1rho.mat
2025_train_Center001_UIH_30T_umr780_P005_T1rho.mat
2025_train_Center001_UIH_30T_umr780_P008_T1rho.mat
2025_train_Center001_UIH_30T_umr780_P019_T1rho.mat
2025_train_Center001_UIH_30T_umr780_P020_T1rho.mat
2025_train_Center001_UIH_30T_umr780_P049_T1rho.mat
2025_train_Center001_UIH_30T_umr780_P055_T1rho.mat
2025_train_Center001_UIH_30T_umr780_P004_T1rho.mat
2025_train_Center001_UIH_30T_umr780_P006_T1rho.mat
2025_train_Center001_UIH_30T_umr780_P018_T1rho.mat
2025_train_Center001_UIH_30T_umr780_P031_T1rho.mat
2025_train_Center001_UIH_30T_umr780_P032_T1rho.mat
2025_train_Center001_UIH_30T_umr780_P033_T1rho.mat
2025_train_Center001_UIH_30T_umr780_P034_T1rho.mat
2025_train_Center001_UIH_30T_umr780_P046_T1rho.mat
2025_train_Center001_UIH_30T_umr780_P054_T1rho.mat
2025_train_Center001_UIH_30T_umr780_P006_lge_lax_2ch.mat
2025_train_Center001_UIH_30T_umr780_P009_T1rho.mat
2025_train_Center001_UIH_30T_umr780_P011_lge_lax_4ch.mat
2025_train_Center001_UIH_30T_umr780_P024_T1rho.mat
2025_train_Center001_UIH_30T_umr780_P050_T1rho.mat
2025_train_Center001_UIH_30T_umr780_P026_T1rho.mat
2025_train_Center001_UIH_30T_umr780_P029_T1rho.mat
2025_train_Center001_UIH_30T_umr780_P030_T1rho.mat
2025_train_Center001_UIH_30T_umr780_P061_T1rho.mat
2025_train_Center001_UIH_30T_umr780_P037_T1mappost.mat
2025_train_Center002_UIH_30T_umr880_P001_T1rho.mat
2025_train_Center002_UIH_30T_umr880_P001_T2map.mat
2025_train_Center003_UIH_30T_umr880_P022_T2map.mat
2025_train_Center002_UIH_30T_umr880_P002_T1rho.mat
2025_train_Center002_UIH_30T_umr880_P008_T1rho.mat
2025_train_Center002_UIH_30T_umr880_P005_T1rho.mat
2025_train_Center002_UIH_30T_umr880_P006_T1rho.mat
2025_train_Center002_UIH_30T_umr880_P006_lge_sax.mat
2025_train_Center003_UIH_30T_umr880_P004_lge_sax.mat
2025_train_Center003_UIH_30T_umr880_P008_lge_sax.mat
2025_train_Center003_UIH_30T_umr880_P012_lge_sax.mat
2025_train_Center003_UIH_30T_umr880_P023_lge_sax.mat
2025_train_Center003_UIH_30T_umr880_P024_lge_sax.mat
2025_train_Center006_Siemens_30T_Prisma_P002_lge_sax.mat
2025_train_Center002_UIH_30T_umr880_P007_T1mappost.mat
2025_train_Center002_UIH_30T_umr880_P007_T1rho.mat
2025_train_Center002_UIH_30T_umr880_P009_T1rho.mat
2025_train_Center002_UIH_30T_umr880_P010_T1rho.mat
2025_train_Center003_UIH_30T_umr880_P004_T2map.mat
2025_train_Center003_UIH_30T_umr880_P006_lge_sax.mat
2025_train_Center003_UIH_30T_umr880_P008_T2map.mat
2025_train_Center003_UIH_30T_umr880_P009_T2map.mat
2025_train_Center003_UIH_30T_umr880_P009_lge_sax.mat
2025_train_Center003_UIH_30T_umr880_P010_T1map.mat
2025_train_Center003_UIH_30T_umr880_P010_T1mappost.mat
2025_train_Center003_UIH_30T_umr880_P010_T2map.mat
2025_train_Center003_UIH_30T_umr880_P015_T2map.mat
2025_train_Center003_UIH_30T_umr880_P018_T2map.mat
2025_train_Center003_UIH_30T_umr880_P019_T2map.mat
2025_train_Center003_UIH_30T_umr880_P024_T2map.mat
2025_train_Center003_UIH_30T_umr880_P015_lge_sax.mat
2025_train_Center003_UIH_30T_umr880_P017_lge_sax.mat
2025_train_Center003_UIH_30T_umr880_P018_lge_sax.mat
2025_train_Center003_UIH_30T_umr880_P022_lge_sax.mat
2025_train_Center006_Siemens_30T_Prisma_P011_lge_sax.mat
2025_train_Center006_Siemens_30T_Prisma_P028_lge_sax.mat
2025_train_Center006_Siemens_30T_Prisma_P030_lge_sax.mat
2025_train_Center006_Siemens_30T_Prisma_P037_lge_sax.mat
2025_train_Center003_UIH_30T_umr880_P017_T2map.mat
2025_train_Center003_UIH_30T_umr880_P023_T2map.mat
2025_train_Center003_UIH_30T_umr880_P019_lge_sax.mat
2025_train_Center006_Siemens_30T_Prisma_P001_lge_sax.mat
2025_train_Center006_Siemens_30T_Prisma_P042_lge_sax.mat
2025_train_Center003_UIH_30T_umr880_P020_lge_sax.mat
2025_train_Center003_UIH_30T_umr880_P025_T2map.mat
2025_train_Center003_UIH_30T_umr880_P025_lge_sax.mat
2025_train_Center005_Siemens_30T_Vida_P014_T1map.mat
2025_train_Center006_Siemens_30T_Prisma_P005_lge_sax.mat
2025_train_Center006_Siemens_30T_Prisma_P026_lge_sax.mat
2025_train_Center006_Siemens_30T_Prisma_P013_lge_sax.mat
2025_train_Center006_Siemens_30T_Prisma_P014_lge_sax.mat
2025_train_Center006_Siemens_30T_Prisma_P024_lge_sax.mat
2025_train_Center006_Siemens_30T_Prisma_P027_lge_sax.mat
2025_train_Center006_Siemens_30T_Prisma_P034_lge_sax.mat
2025_train_Center006_Siemens_30T_Prisma_P017_lge_sax.mat
2025_train_Center006_Siemens_30T_Prisma_P021_lge_sax.mat
2025_train_Center006_Siemens_30T_Prisma_P040_lge_sax.mat
2025_train_Center006_Siemens_30T_Prisma_P020_lge_sax.mat
2025_train_Center006_Siemens_30T_Prisma_P038_T1map.mat
2025_train_Center006_Siemens_30T_Prisma_P039_lge_sax.mat
