2025_train_Center001_UIH_30T_umr780_P001_T2w.mat
2025_train_Center001_UIH_30T_umr780_P043_T2w.mat
2025_train_Center001_UIH_30T_umr780_P005_T2w.mat
2025_train_Center001_UIH_30T_umr780_P019_T2w.mat
2025_train_Center001_UIH_30T_umr780_P031_T2w.mat
2025_train_Center001_UIH_30T_umr780_P040_T2w.mat
2025_train_Center001_UIH_30T_umr780_P057_T2w.mat
2025_train_Center001_UIH_30T_umr780_P029_cine_sax.mat
2025_train_Center002_UIH_30T_umr880_P005_cine_sax.mat
2025_train_Center005_Siemens_30T_Vida_P001_T1w.mat
2025_train_Center005_Siemens_30T_Vida_P003_T1w.mat
2025_train_Center005_Siemens_30T_Vida_P011_T1w.mat
2025_train_Center005_Siemens_30T_Vida_P010_T1w.mat
2025_train_Center005_UIH_15T_umr670_P006_T1w.mat
2025_train_Center005_UIH_15T_umr670_P024_T1w.mat
2025_train_Center005_UIH_15T_umr670_P026_T1w.mat
2025_train_Center005_UIH_15T_umr670_P027_T1w.mat
2025_train_Center006_UIH_30T_umr790_P002_cine_rvot.mat
2025_train_Center006_UIH_30T_umr790_P003_cine_lax_2ch.mat
2025_train_Center006_UIH_30T_umr790_P003_cine_lax_r2ch.mat
2025_train_Center006_UIH_30T_umr790_P006_cine_lax_r2ch.mat
2025_train_Center006_UIH_30T_umr790_P009_cine_lax_4ch.mat
2025_train_Center006_UIH_30T_umr790_P004_cine_lax_2ch.mat
2025_train_Center006_UIH_30T_umr790_P004_cine_lax_4ch.mat
2025_train_Center006_UIH_30T_umr790_P004_cine_rvot.mat
2025_train_Center006_UIH_30T_umr790_P006_cine_lax_2ch.mat
2025_train_Center006_UIH_30T_umr790_P006_cine_rvot.mat
2025_train_Center006_UIH_30T_umr790_P007_cine_lax_4ch.mat
2025_train_Center006_UIH_30T_umr790_P007_cine_rvot.mat
2025_train_Center006_UIH_30T_umr790_P009_cine_rvot.mat
2025_train_Center001_UIH_30T_umr780_P001_T2w.mat
2025_train_Center001_UIH_30T_umr780_P043_T2w.mat
2025_train_Center001_UIH_30T_umr780_P005_T2w.mat
2025_train_Center001_UIH_30T_umr780_P019_T2w.mat
2025_train_Center001_UIH_30T_umr780_P031_T2w.mat
2025_train_Center001_UIH_30T_umr780_P040_T2w.mat
2025_train_Center001_UIH_30T_umr780_P057_T2w.mat
2025_train_Center001_UIH_30T_umr780_P029_cine_sax.mat
2025_train_Center002_UIH_30T_umr880_P005_cine_sax.mat
2025_train_Center005_Siemens_30T_Vida_P001_T1w.mat
2025_train_Center005_Siemens_30T_Vida_P003_T1w.mat
2025_train_Center005_Siemens_30T_Vida_P011_T1w.mat
2025_train_Center005_Siemens_30T_Vida_P010_T1w.mat
2025_train_Center005_UIH_15T_umr670_P006_T1w.mat
2025_train_Center005_UIH_15T_umr670_P024_T1w.mat
2025_train_Center005_UIH_15T_umr670_P026_T1w.mat
2025_train_Center005_UIH_15T_umr670_P027_T1w.mat
2025_train_Center006_UIH_30T_umr790_P002_cine_rvot.mat
2025_train_Center006_UIH_30T_umr790_P003_cine_lax_2ch.mat
2025_train_Center006_UIH_30T_umr790_P003_cine_lax_r2ch.mat
2025_train_Center006_UIH_30T_umr790_P006_cine_lax_r2ch.mat
2025_train_Center006_UIH_30T_umr790_P009_cine_lax_4ch.mat
2025_train_Center006_UIH_30T_umr790_P004_cine_lax_2ch.mat
2025_train_Center006_UIH_30T_umr790_P004_cine_lax_4ch.mat
2025_train_Center006_UIH_30T_umr790_P004_cine_rvot.mat
2025_train_Center006_UIH_30T_umr790_P006_cine_lax_2ch.mat
2025_train_Center006_UIH_30T_umr790_P006_cine_rvot.mat
2025_train_Center006_UIH_30T_umr790_P007_cine_lax_4ch.mat
2025_train_Center006_UIH_30T_umr790_P007_cine_rvot.mat
2025_train_Center006_UIH_30T_umr790_P009_cine_rvot.mat
