2025_train_Center006_Siemens_30T_Prisma_P013_blackblood.mat
2025_train_Center006_Siemens_30T_Prisma_P026_blackblood.mat
2025_train_Center007_Siemens_15T_Sola_P011_cine_sax.mat
2025_train_Center007_Siemens_15T_Sola_P012_cine_sax.mat
2025_train_Center007_Siemens_15T_Sola_P013_cine_sax.mat
2025_train_Center007_Siemens_15T_Sola_P020_cine_lax_2ch.mat
2025_train_Center007_Siemens_15T_Sola_P021_cine_lax_4ch.mat
2025_train_Center005_Siemens_30T_Vida_P013_cine_lvot.mat
2025_train_Center005_UIH_15T_umr670_P001_cine_lax_2ch.mat
2025_train_Center005_UIH_15T_umr670_P003_cine_lax_2ch.mat
2025_train_Center005_UIH_15T_umr670_P005_cine_lax_2ch.mat
2025_train_Center005_UIH_15T_umr670_P006_cine_lax_2ch.mat
2025_train_Center005_UIH_15T_umr670_P018_cine_lax_2ch.mat
2025_train_Center005_UIH_15T_umr670_P020_cine_lax_2ch.mat
2025_train_Center005_UIH_15T_umr670_P021_cine_lax_2ch.mat
2025_train_Center005_UIH_15T_umr670_P026_cine_lax_2ch.mat
2025_train_Center005_UIH_15T_umr670_P004_cine_lax_2ch.mat
2025_train_Center005_UIH_15T_umr670_P015_cine_lax_2ch.mat
2025_train_Center005_UIH_15T_umr670_P007_cine_lax_2ch.mat
2025_train_Center005_UIH_15T_umr670_P019_cine_lax_2ch.mat
2025_train_Center005_UIH_15T_umr670_P024_cine_lax_2ch.mat
2025_train_Center005_UIH_15T_umr670_P010_cine_lax_2ch.mat
2025_train_Center005_UIH_15T_umr670_P013_cine_lax_2ch.mat
2025_train_Center005_UIH_15T_umr670_P014_cine_lax_2ch.mat
2025_train_Center005_UIH_15T_umr670_P017_cine_lax_2ch.mat
2025_train_Center005_UIH_15T_umr670_P016_cine_lax_2ch.mat
2025_train_Center005_UIH_15T_umr670_P023_cine_lax_2ch.mat
2025_train_Center005_UIH_15T_umr670_P027_cine_lax_2ch.mat
2025_train_Center006_Siemens_30T_Prisma_P002_blackblood.mat
2025_train_Center006_Siemens_30T_Prisma_P006_blackblood.mat
2025_train_Center007_Siemens_15T_Sola_P008_cine_sax.mat
2025_train_Center007_Siemens_15T_Sola_P009_cine_sax.mat
2025_train_Center007_Siemens_15T_Sola_P010_cine_sax.mat
2025_train_Center007_Siemens_15T_Sola_P017_cine_lax_2ch.mat
2025_train_Center007_Siemens_15T_Sola_P017_cine_sax.mat
2025_train_Center007_Siemens_15T_Sola_P018_cine_lax_3ch.mat
2025_train_Center007_Siemens_15T_Sola_P019_cine_lax_4ch.mat
2025_train_Center007_Siemens_15T_Sola_P025_cine_lax_2ch.mat
2025_train_Center007_Siemens_15T_Sola_P026_cine_lax_3ch.mat
2025_train_Center007_Siemens_15T_Sola_P027_cine_lax_4ch.mat
2025_train_Center006_Siemens_30T_Prisma_P013_blackblood.mat
2025_train_Center006_Siemens_30T_Prisma_P026_blackblood.mat
2025_train_Center007_Siemens_15T_Sola_P011_cine_sax.mat
2025_train_Center007_Siemens_15T_Sola_P012_cine_sax.mat
2025_train_Center007_Siemens_15T_Sola_P013_cine_sax.mat
2025_train_Center007_Siemens_15T_Sola_P020_cine_lax_2ch.mat
2025_train_Center007_Siemens_15T_Sola_P021_cine_lax_4ch.mat
2025_train_Center005_Siemens_30T_Vida_P013_cine_lvot.mat
2025_train_Center005_UIH_15T_umr670_P001_cine_lax_2ch.mat
2025_train_Center005_UIH_15T_umr670_P003_cine_lax_2ch.mat
2025_train_Center005_UIH_15T_umr670_P005_cine_lax_2ch.mat
2025_train_Center005_UIH_15T_umr670_P006_cine_lax_2ch.mat
2025_train_Center005_UIH_15T_umr670_P018_cine_lax_2ch.mat
2025_train_Center005_UIH_15T_umr670_P020_cine_lax_2ch.mat
2025_train_Center005_UIH_15T_umr670_P021_cine_lax_2ch.mat
2025_train_Center005_UIH_15T_umr670_P026_cine_lax_2ch.mat
2025_train_Center005_UIH_15T_umr670_P004_cine_lax_2ch.mat
2025_train_Center005_UIH_15T_umr670_P015_cine_lax_2ch.mat
2025_train_Center005_UIH_15T_umr670_P007_cine_lax_2ch.mat
2025_train_Center005_UIH_15T_umr670_P019_cine_lax_2ch.mat
2025_train_Center005_UIH_15T_umr670_P024_cine_lax_2ch.mat
2025_train_Center005_UIH_15T_umr670_P010_cine_lax_2ch.mat
2025_train_Center005_UIH_15T_umr670_P013_cine_lax_2ch.mat
2025_train_Center005_UIH_15T_umr670_P014_cine_lax_2ch.mat
2025_train_Center005_UIH_15T_umr670_P017_cine_lax_2ch.mat
2025_train_Center005_UIH_15T_umr670_P016_cine_lax_2ch.mat
2025_train_Center005_UIH_15T_umr670_P023_cine_lax_2ch.mat
2025_train_Center005_UIH_15T_umr670_P027_cine_lax_2ch.mat
2025_train_Center006_Siemens_30T_Prisma_P002_blackblood.mat
2025_train_Center006_Siemens_30T_Prisma_P006_blackblood.mat
2025_train_Center007_Siemens_15T_Sola_P008_cine_sax.mat
2025_train_Center007_Siemens_15T_Sola_P009_cine_sax.mat
2025_train_Center007_Siemens_15T_Sola_P010_cine_sax.mat
2025_train_Center007_Siemens_15T_Sola_P017_cine_lax_2ch.mat
2025_train_Center007_Siemens_15T_Sola_P017_cine_sax.mat
2025_train_Center007_Siemens_15T_Sola_P018_cine_lax_3ch.mat
2025_train_Center007_Siemens_15T_Sola_P019_cine_lax_4ch.mat
2025_train_Center007_Siemens_15T_Sola_P025_cine_lax_2ch.mat
2025_train_Center007_Siemens_15T_Sola_P026_cine_lax_3ch.mat
2025_train_Center007_Siemens_15T_Sola_P027_cine_lax_4ch.mat
