2023_test_P002_cine_lax.mat
2023_test_P004_cine_lax.mat
2023_test_P005_cine_lax.mat
2023_test_P006_cine_lax.mat
2023_test_P012_cine_lax.mat
2023_test_P013_cine_lax.mat
2023_test_P018_cine_lax.mat
2023_test_P021_cine_lax.mat
2023_test_P022_cine_lax.mat
2023_test_P027_cine_lax.mat
2023_test_P029_cine_lax.mat
2023_test_P030_cine_lax.mat
2023_test_P036_cine_lax.mat
2023_test_P038_cine_lax.mat
2023_test_P043_cine_lax.mat
2023_test_P051_cine_lax.mat
2023_test_P053_cine_lax.mat
2023_test_P054_cine_lax.mat
2023_test_P056_cine_lax.mat
2023_test_P059_cine_lax.mat
2023_test_P060_cine_lax.mat
2023_test_P065_cine_lax.mat
2023_test_P067_cine_lax.mat
2023_test_P069_cine_lax.mat
2023_test_P076_cine_lax.mat
2023_test_P077_cine_lax.mat
2023_test_P080_cine_lax.mat
2023_test_P082_cine_lax.mat
2023_test_P084_cine_lax.mat
2023_test_P086_cine_lax.mat
2023_test_P089_cine_lax.mat
2023_test_P091_cine_lax.mat
2023_test_P093_cine_lax.mat
2023_test_P095_cine_lax.mat
2023_test_P097_cine_lax.mat
2023_test_P098_cine_lax.mat
2023_test_P099_cine_lax.mat
2023_test_P103_cine_lax.mat
2023_test_P104_cine_lax.mat
2023_test_P116_cine_sax.mat
2023_train_P006_cine_lax.mat
2023_train_P007_cine_lax.mat
2023_train_P008_cine_lax.mat
2023_train_P009_cine_lax.mat
2023_train_P010_cine_lax.mat
2023_train_P011_cine_lax.mat
2023_train_P014_cine_lax.mat
2023_train_P016_cine_lax.mat
2023_train_P018_cine_lax.mat
2023_train_P023_cine_lax.mat
2023_train_P024_cine_lax.mat
2023_train_P028_cine_lax.mat
2023_train_P029_cine_lax.mat
2023_train_P030_cine_lax.mat
2023_train_P033_cine_lax.mat
2023_train_P035_cine_lax.mat
2023_train_P037_cine_lax.mat
2023_train_P039_cine_lax.mat
2023_train_P041_cine_lax.mat
2023_train_P042_cine_lax.mat
2023_train_P043_cine_lax.mat
2023_train_P047_cine_lax.mat
2023_train_P048_cine_lax.mat
2023_train_P054_cine_lax.mat
2023_train_P055_cine_lax.mat
2023_train_P057_cine_lax.mat
2023_train_P058_cine_lax.mat
2023_train_P061_cine_lax.mat
2023_train_P064_cine_lax.mat
2023_train_P068_cine_lax.mat
2023_train_P070_cine_lax.mat
2023_train_P077_cine_lax.mat
2023_train_P078_cine_lax.mat
2023_train_P079_cine_lax.mat
2023_train_P080_cine_lax.mat
2023_train_P091_cine_lax.mat
2023_train_P092_cine_lax.mat
2023_train_P093_cine_lax.mat
2023_train_P095_cine_lax.mat
2023_train_P096_cine_lax.mat
2023_train_P101_cine_lax.mat
2023_train_P102_cine_lax.mat
2023_train_P112_cine_lax.mat
2023_train_P115_cine_lax.mat
2023_train_P116_cine_lax.mat
2023_train_P120_cine_lax.mat
2023_val_P002_cine_lax.mat
2023_val_P006_cine_lax.mat
2023_val_P007_cine_lax.mat
2023_val_P008_cine_lax.mat
2023_val_P009_cine_lax.mat
2023_val_P010_cine_lax.mat
2023_val_P011_cine_lax.mat
2023_val_P014_cine_lax.mat
2023_val_P015_cine_lax.mat
2023_val_P018_cine_lax.mat
2023_val_P019_cine_lax.mat
2023_val_P020_cine_lax.mat
2023_val_P022_cine_lax.mat
2023_val_P026_cine_lax.mat
2023_val_P028_cine_lax.mat
2023_val_P029_cine_lax.mat
2023_val_P035_cine_lax.mat
2023_val_P036_cine_lax.mat
2023_val_P037_cine_lax.mat
2023_val_P038_cine_lax.mat
2023_val_P039_cine_lax.mat
2023_val_P040_cine_lax.mat
2023_val_P043_cine_lax.mat
2023_val_P044_cine_lax.mat
2023_val_P047_cine_lax.mat
2023_val_P048_cine_lax.mat
2023_val_P049_cine_lax.mat
2023_val_P055_cine_lax.mat
2023_val_P056_cine_lax.mat
2024_test_P004_cine_lax.mat
2024_test_P005_cine_lax.mat
2024_test_P006_cine_lax.mat
2024_test_P007_cine_lax.mat
2024_test_P008_cine_lax.mat
2024_test_P009_cine_lax.mat
2024_test_P011_cine_lax.mat
2024_test_P016_cine_lax.mat
2024_test_P024_cine_lax.mat
2024_test_P029_cine_lax.mat
2024_test_P038_cine_lax.mat
2024_test_P044_cine_lax.mat
2024_test_P047_cine_lax.mat
2024_test_P048_cine_lax.mat
2024_test_P052_cine_lax.mat
2024_test_P056_cine_lax.mat
2024_test_P061_cine_lax.mat
2024_test_P067_cine_lax.mat
2024_test_P069_cine_lax.mat
2024_test_P070_cine_lax.mat
2024_train_P006_cine_lax.mat
2024_train_P009_cine_lax.mat
2024_train_P012_cine_lax.mat
2024_train_P014_cine_lax.mat
2024_train_P016_cine_lax.mat
2024_train_P018_cine_lax.mat
2024_train_P019_cine_lax.mat
2024_train_P020_cine_lax.mat
2024_train_P021_cine_lax.mat
2024_train_P023_cine_lax.mat
2024_train_P026_cine_lax.mat
2024_train_P035_cine_lax.mat
2024_train_P036_cine_lax.mat
2024_train_P037_cine_lax.mat
2024_train_P038_cine_lax.mat
2024_train_P039_cine_lax.mat
2024_train_P040_cine_lax.mat
2024_train_P044_cine_lax.mat
2024_train_P045_cine_lax.mat
2024_train_P048_cine_lax.mat
2024_train_P049_cine_lax.mat
2024_train_P052_cine_lax.mat
2024_train_P053_cine_lax.mat
2024_train_P060_cine_lax.mat
2024_train_P065_cine_lax.mat
2024_train_P066_cine_lax.mat
2024_train_P068_cine_lax.mat
2024_train_P069_cine_lax.mat
2024_train_P071_cine_lax.mat
2024_train_P072_cine_lax.mat
2024_train_P073_cine_lax.mat
2024_train_P077_cine_lax.mat
2024_train_P078_cine_lax.mat
2024_train_P081_cine_lax.mat
2024_train_P083_cine_lax.mat
2024_train_P084_cine_lax.mat
2024_train_P085_cine_lax.mat
2024_train_P093_cine_lax.mat
2024_train_P095_cine_lax.mat
2024_train_P098_cine_lax.mat
2024_train_P100_cine_lax.mat
2024_train_P107_cine_lax.mat
2024_train_P110_cine_lax.mat
2024_train_P112_cine_lax.mat
2024_train_P113_cine_lax.mat
2024_train_P114_cine_lax.mat
2024_train_P115_cine_lax.mat
2024_train_P116_cine_lax.mat
2024_train_P118_cine_lax.mat
2024_train_P119_cine_lax.mat
2024_train_P120_cine_lax.mat
2024_train_P127_cine_lax.mat
2024_train_P155_cine_lax.mat
2024_train_P192_cine_lax.mat
2024_train_P193_cine_lax.mat
2024_train_P196_cine_lax.mat
2024_train_P200_cine_lax.mat
2024_val_P001_cine_lax.mat
2024_val_P004_cine_lax.mat
2024_val_P008_cine_lax.mat
2024_val_P010_cine_lax.mat
2024_val_P012_cine_lax.mat
2024_val_P013_cine_lax.mat
2024_val_P022_cine_lax.mat
2024_val_P023_cine_lax.mat
2024_val_P024_cine_lax.mat
2024_val_P025_cine_lax.mat
2024_val_P027_cine_lax.mat
2024_val_P028_cine_lax.mat
2024_val_P030_cine_lax.mat
2024_val_P033_cine_lax.mat
2024_val_P036_cine_lax.mat
2024_val_P038_cine_lax.mat
2024_val_P041_cine_lax.mat
2024_val_P042_cine_lax.mat
2024_val_P044_cine_lax.mat
2024_val_P045_cine_lax.mat
2024_val_P047_cine_lax.mat
2024_val_P052_cine_lax.mat
2024_val_P060_cine_lax.mat
2023_test_P033_cine_sax.mat
2023_test_P043_cine_sax.mat
2023_test_P049_cine_sax.mat
2023_test_P054_cine_sax.mat
2023_test_P077_cine_sax.mat
2023_test_P092_cine_sax.mat
2023_test_P093_cine_sax.mat
2023_test_P094_cine_sax.mat
2023_test_P110_cine_sax.mat
2023_train_P004_cine_sax.mat
2023_train_P008_cine_sax.mat
2023_train_P024_cine_sax.mat
2023_train_P036_cine_sax.mat
2023_train_P037_cine_sax.mat
2023_train_P038_cine_sax.mat
2023_train_P050_cine_sax.mat
2023_train_P053_cine_sax.mat
2023_train_P077_cine_sax.mat
2023_train_P109_cine_sax.mat
2023_train_P114_cine_sax.mat
2023_val_P005_cine_sax.mat
2023_val_P007_cine_sax.mat
2023_val_P008_cine_sax.mat
2023_val_P022_cine_sax.mat
2023_val_P052_cine_sax.mat
2023_val_P059_cine_sax.mat
2024_test_P001_cine_sax.mat
2024_test_P003_cine_sax.mat
2024_test_P010_cine_sax.mat
2024_test_P011_cine_sax.mat
2024_test_P024_cine_sax.mat
2024_test_P026_cine_sax.mat
2024_test_P063_cine_sax.mat
2024_train_P016_cine_sax.mat
2024_train_P019_cine_sax.mat
2024_train_P033_cine_sax.mat
2024_train_P037_cine_sax.mat
2024_train_P038_cine_sax.mat
2024_train_P062_cine_sax.mat
2024_train_P063_cine_sax.mat
2024_train_P073_cine_sax.mat
2024_train_P098_cine_sax.mat
2024_train_P111_cine_sax.mat
2024_train_P112_cine_sax.mat
2024_train_P113_cine_sax.mat
2024_train_P116_cine_sax.mat
2024_train_P119_cine_sax.mat
2024_train_P192_cine_sax.mat
2024_train_P193_cine_sax.mat
2024_train_P194_cine_sax.mat
2024_val_P026_cine_sax.mat
2024_val_P030_cine_sax.mat
2024_val_P052_cine_sax.mat
2024_val_P058_cine_sax.mat
2024_test_P001_blackblood.mat
2024_test_P002_blackblood.mat
2024_test_P003_blackblood.mat
2024_test_P004_blackblood.mat
2024_test_P005_blackblood.mat
2024_test_P006_blackblood.mat
2024_test_P007_blackblood.mat
2024_test_P008_blackblood.mat
2024_test_P009_blackblood.mat
2024_test_P010_blackblood.mat
2024_test_P011_blackblood.mat
2024_test_P012_blackblood.mat
2024_test_P013_blackblood.mat
2024_test_P015_blackblood.mat
2024_test_P016_blackblood.mat
2024_test_P017_blackblood.mat
2024_test_P019_blackblood.mat
2024_test_P020_blackblood.mat
2024_test_P021_blackblood.mat
2024_test_P022_blackblood.mat
2024_test_P023_blackblood.mat
2024_test_P024_blackblood.mat
2024_test_P026_blackblood.mat
2024_test_P027_blackblood.mat
2024_test_P028_blackblood.mat
2024_test_P029_blackblood.mat
2024_test_P030_blackblood.mat
2024_test_P031_blackblood.mat
2024_test_P032_blackblood.mat
2024_test_P033_blackblood.mat
2024_test_P034_blackblood.mat
2024_test_P035_blackblood.mat
2024_test_P036_blackblood.mat
2024_test_P037_blackblood.mat
2024_test_P038_blackblood.mat
2024_test_P039_blackblood.mat
2024_test_P040_blackblood.mat
2024_test_P041_blackblood.mat
2024_test_P042_blackblood.mat
2024_test_P043_blackblood.mat
2024_test_P044_blackblood.mat
2024_test_P045_blackblood.mat
2024_test_P046_blackblood.mat
2024_test_P047_blackblood.mat
2024_test_P048_blackblood.mat
2024_test_P049_blackblood.mat
2024_test_P050_blackblood.mat
2024_test_P051_blackblood.mat
2024_test_P052_blackblood.mat
2024_test_P053_blackblood.mat
2024_test_P054_blackblood.mat
2024_test_P055_blackblood.mat
2024_test_P056_blackblood.mat
2024_test_P057_blackblood.mat
2024_test_P058_blackblood.mat
2024_test_P059_blackblood.mat
2024_test_P060_blackblood.mat
2024_test_P061_blackblood.mat
2024_test_P062_blackblood.mat
2024_test_P063_blackblood.mat
2024_test_P064_blackblood.mat
2024_test_P065_blackblood.mat
2024_test_P066_blackblood.mat
2024_test_P067_blackblood.mat
2024_test_P068_blackblood.mat
2024_test_P069_blackblood.mat
2024_test_P070_blackblood.mat
2024_val_P001_blackblood.mat
2024_val_P002_blackblood.mat
2024_val_P003_blackblood.mat
2024_val_P004_blackblood.mat
2024_val_P005_blackblood.mat
2024_val_P006_blackblood.mat
2024_val_P007_blackblood.mat
2024_val_P008_blackblood.mat
2024_val_P009_blackblood.mat
2024_val_P010_blackblood.mat
2024_val_P011_blackblood.mat
2024_val_P012_blackblood.mat
2024_val_P013_blackblood.mat
2024_val_P014_blackblood.mat
2024_val_P015_blackblood.mat
2024_val_P016_blackblood.mat
2024_val_P017_blackblood.mat
2024_val_P018_blackblood.mat
2024_val_P019_blackblood.mat
2024_val_P020_blackblood.mat
2024_val_P021_blackblood.mat
2024_val_P022_blackblood.mat
2024_val_P023_blackblood.mat
2024_val_P024_blackblood.mat
2024_val_P025_blackblood.mat
2024_val_P026_blackblood.mat
2024_val_P027_blackblood.mat
2024_val_P028_blackblood.mat
2024_val_P029_blackblood.mat
2024_val_P030_blackblood.mat
2024_val_P031_blackblood.mat
2024_val_P032_blackblood.mat
2024_val_P033_blackblood.mat
2024_val_P034_blackblood.mat
2024_val_P035_blackblood.mat
2024_val_P036_blackblood.mat
2024_val_P037_blackblood.mat
2024_val_P038_blackblood.mat
2024_val_P040_blackblood.mat
2024_val_P041_blackblood.mat
2024_val_P042_blackblood.mat
2024_val_P043_blackblood.mat
2024_val_P044_blackblood.mat
2024_val_P045_blackblood.mat
2024_val_P047_blackblood.mat
2024_val_P048_blackblood.mat
2024_val_P049_blackblood.mat
2024_val_P050_blackblood.mat
2024_val_P051_blackblood.mat
2024_val_P052_blackblood.mat
2024_val_P053_blackblood.mat
2024_val_P054_blackblood.mat
2024_val_P056_blackblood.mat
2024_val_P057_blackblood.mat
2024_val_P058_blackblood.mat
2024_val_P059_blackblood.mat
2024_val_P060_blackblood.mat
2024_test_P001_tagging.mat
2024_test_P004_tagging.mat
2024_test_P005_tagging.mat
2024_test_P006_tagging.mat
2024_test_P007_tagging.mat
2024_test_P008_tagging.mat
2024_test_P009_tagging.mat
2024_test_P010_tagging.mat
2024_test_P011_tagging.mat
2024_test_P012_tagging.mat
2024_test_P013_tagging.mat
2024_test_P014_tagging.mat
2024_test_P015_tagging.mat
2024_test_P017_tagging.mat
2024_test_P019_tagging.mat
2024_test_P023_tagging.mat
2024_test_P024_tagging.mat
2024_test_P025_tagging.mat
2024_test_P026_tagging.mat
2024_test_P027_tagging.mat
2024_test_P028_tagging.mat
2024_test_P029_tagging.mat
2024_test_P031_tagging.mat
2024_test_P032_tagging.mat
2024_test_P033_tagging.mat
2024_test_P034_tagging.mat
2024_test_P035_tagging.mat
2024_test_P040_tagging.mat
2024_test_P041_tagging.mat
2024_test_P042_tagging.mat
2024_test_P043_tagging.mat
2024_test_P045_tagging.mat
2024_test_P046_tagging.mat
2024_test_P047_tagging.mat
2024_test_P048_tagging.mat
2024_test_P049_tagging.mat
2024_test_P050_tagging.mat
2024_test_P052_tagging.mat
2024_test_P054_tagging.mat
2024_test_P056_tagging.mat
2024_test_P058_tagging.mat
2024_test_P060_tagging.mat
2024_test_P063_tagging.mat
2024_test_P064_tagging.mat
2024_test_P065_tagging.mat
2024_test_P069_tagging.mat
2024_train_P002_tagging.mat
2024_train_P003_tagging.mat
2024_train_P004_tagging.mat
2024_train_P005_tagging.mat
2024_train_P009_tagging.mat
2024_train_P011_tagging.mat
2024_train_P012_tagging.mat
2024_train_P013_tagging.mat
2024_train_P015_tagging.mat
2024_train_P016_tagging.mat
2024_train_P018_tagging.mat
2024_train_P020_tagging.mat
2024_train_P021_tagging.mat
2024_train_P022_tagging.mat
2024_train_P023_tagging.mat
2024_train_P024_tagging.mat
2024_train_P026_tagging.mat
2024_train_P027_tagging.mat
2024_train_P028_tagging.mat
2024_train_P029_tagging.mat
2024_train_P030_tagging.mat
2024_train_P031_tagging.mat
2024_train_P032_tagging.mat
2024_train_P033_tagging.mat
2024_train_P034_tagging.mat
2024_train_P035_tagging.mat
2024_train_P037_tagging.mat
2024_train_P039_tagging.mat
2024_train_P040_tagging.mat
2024_train_P041_tagging.mat
2024_train_P042_tagging.mat
2024_train_P044_tagging.mat
2024_train_P045_tagging.mat
2024_train_P046_tagging.mat
2024_train_P047_tagging.mat
2024_train_P048_tagging.mat
2024_train_P049_tagging.mat
2024_train_P050_tagging.mat
2024_train_P051_tagging.mat
2024_train_P052_tagging.mat
2024_train_P053_tagging.mat
2024_train_P055_tagging.mat
2024_train_P057_tagging.mat
2024_train_P058_tagging.mat
2024_train_P059_tagging.mat
2024_train_P063_tagging.mat
2024_train_P064_tagging.mat
2024_train_P065_tagging.mat
2024_train_P066_tagging.mat
2024_train_P067_tagging.mat
2024_train_P069_tagging.mat
2024_train_P070_tagging.mat
2024_train_P071_tagging.mat
2024_train_P072_tagging.mat
2024_train_P073_tagging.mat
2024_train_P074_tagging.mat
2024_train_P076_tagging.mat
2024_train_P079_tagging.mat
2024_train_P080_tagging.mat
2024_train_P081_tagging.mat
2024_train_P082_tagging.mat
2024_train_P083_tagging.mat
2024_train_P084_tagging.mat
2024_train_P085_tagging.mat
2024_train_P086_tagging.mat
2024_train_P089_tagging.mat
2024_train_P092_tagging.mat
2024_train_P093_tagging.mat
2024_train_P094_tagging.mat
2024_train_P095_tagging.mat
2024_train_P096_tagging.mat
2024_train_P097_tagging.mat
2024_train_P098_tagging.mat
2024_train_P100_tagging.mat
2024_train_P101_tagging.mat
2024_train_P104_tagging.mat
2024_train_P106_tagging.mat
2024_train_P107_tagging.mat
2024_train_P108_tagging.mat
2024_train_P111_tagging.mat
2024_train_P112_tagging.mat
2024_train_P113_tagging.mat
2024_train_P114_tagging.mat
2024_train_P115_tagging.mat
2024_train_P116_tagging.mat
2024_train_P117_tagging.mat
2024_train_P118_tagging.mat
2024_train_P119_tagging.mat
2024_train_P120_tagging.mat
2024_train_P123_tagging.mat
2024_train_P124_tagging.mat
2024_train_P126_tagging.mat
2024_train_P127_tagging.mat
2024_train_P129_tagging.mat
2024_train_P130_tagging.mat
2024_train_P131_tagging.mat
2024_train_P132_tagging.mat
2024_train_P133_tagging.mat
2024_train_P134_tagging.mat
2024_train_P136_tagging.mat
2024_train_P137_tagging.mat
2024_train_P139_tagging.mat
2024_train_P141_tagging.mat
2024_train_P142_tagging.mat
2024_train_P145_tagging.mat
2024_train_P146_tagging.mat
2024_train_P147_tagging.mat
2024_train_P148_tagging.mat
2024_train_P150_tagging.mat
2024_train_P152_tagging.mat
2024_train_P153_tagging.mat
2024_train_P154_tagging.mat
2024_train_P155_tagging.mat
2024_train_P156_tagging.mat
2024_train_P159_tagging.mat
2024_train_P160_tagging.mat
2024_train_P161_tagging.mat
2024_train_P162_tagging.mat
2024_train_P163_tagging.mat
2024_train_P164_tagging.mat
2024_train_P166_tagging.mat
2024_train_P167_tagging.mat
2024_train_P169_tagging.mat
2024_train_P170_tagging.mat
2024_train_P174_tagging.mat
2024_train_P175_tagging.mat
2024_train_P176_tagging.mat
2024_train_P178_tagging.mat
2024_train_P179_tagging.mat
2024_train_P180_tagging.mat
2024_train_P181_tagging.mat
2024_train_P182_tagging.mat
2024_train_P183_tagging.mat
2024_train_P191_tagging.mat
2024_train_P192_tagging.mat
2024_train_P193_tagging.mat
2024_train_P194_tagging.mat
2024_train_P195_tagging.mat
2024_train_P196_tagging.mat
2024_train_P197_tagging.mat
2024_train_P198_tagging.mat
2024_train_P199_tagging.mat
2024_train_P200_tagging.mat
2024_val_P001_tagging.mat
2024_val_P002_tagging.mat
2024_val_P003_tagging.mat
2024_val_P004_tagging.mat
2024_val_P005_tagging.mat
2024_val_P006_tagging.mat
2024_val_P008_tagging.mat
2024_val_P011_tagging.mat
2024_val_P013_tagging.mat
2024_val_P014_tagging.mat
2024_val_P015_tagging.mat
2024_val_P016_tagging.mat
2024_val_P017_tagging.mat
2024_val_P018_tagging.mat
2024_val_P019_tagging.mat
2024_val_P021_tagging.mat
2024_val_P022_tagging.mat
2024_val_P023_tagging.mat
2024_val_P024_tagging.mat
2024_val_P025_tagging.mat
2024_val_P026_tagging.mat
2024_val_P027_tagging.mat
2024_val_P029_tagging.mat
2024_val_P030_tagging.mat
2024_val_P031_tagging.mat
2024_val_P032_tagging.mat
2024_val_P035_tagging.mat
2024_val_P036_tagging.mat
2024_val_P037_tagging.mat
2024_val_P038_tagging.mat
2024_val_P039_tagging.mat
2024_val_P041_tagging.mat
2024_val_P042_tagging.mat
2024_val_P043_tagging.mat
2024_val_P044_tagging.mat
2024_val_P045_tagging.mat
2024_val_P046_tagging.mat
2024_val_P047_tagging.mat
2024_val_P048_tagging.mat
2024_val_P049_tagging.mat
2024_val_P050_tagging.mat
2024_val_P051_tagging.mat
2024_val_P052_tagging.mat
2024_val_P053_tagging.mat
2024_val_P054_tagging.mat
2024_val_P056_tagging.mat
2024_val_P057_tagging.mat
2024_val_P058_tagging.mat
2024_val_P060_tagging.mat
