2025_train_Center001_UIH_30T_umr780_P001_cine_lax_3ch.mat
2025_train_Center001_UIH_30T_umr780_P003_cine_lax_4ch.mat
2025_train_Center001_UIH_30T_umr780_P008_cine_sax.mat
2025_train_Center001_UIH_30T_umr780_P009_cine_sax.mat
2025_train_Center001_UIH_30T_umr780_P010_cine_lax_3ch.mat
2025_train_Center001_UIH_30T_umr780_P011_cine_sax.mat
2025_train_Center001_UIH_30T_umr780_P014_cine_sax.mat
2025_train_Center001_UIH_30T_umr780_P017_cine_sax.mat
2025_train_Center001_UIH_30T_umr780_P020_cine_lax_3ch.mat
2025_train_Center001_UIH_30T_umr780_P021_cine_lax_3ch.mat
2025_train_Center001_UIH_30T_umr780_P021_cine_lax_4ch.mat
2025_train_Center001_UIH_30T_umr780_P026_cine_sax.mat
2025_train_Center001_UIH_30T_umr780_P028_cine_lax_4ch.mat
2025_train_Center001_UIH_30T_umr780_P029_cine_lax_4ch.mat
2025_train_Center001_UIH_30T_umr780_P030_cine_sax.mat
2025_train_Center001_UIH_30T_umr780_P031_cine_sax.mat
2025_train_Center001_UIH_30T_umr780_P032_cine_lax_4ch.mat
2025_train_Center001_UIH_30T_umr780_P033_cine_sax.mat
2025_train_Center001_UIH_30T_umr780_P034_cine_lax_3ch.mat
2025_train_Center001_UIH_30T_umr780_P036_cine_sax.mat
2025_train_Center001_UIH_30T_umr780_P037_cine_lax_3ch.mat
2025_train_Center001_UIH_30T_umr780_P043_cine_lax_3ch.mat
2025_train_Center001_UIH_30T_umr780_P050_cine_lax_3ch.mat
2025_train_Center001_UIH_30T_umr780_P053_cine_lax_4ch.mat
2025_train_Center001_UIH_30T_umr780_P053_cine_sax.mat
2025_train_Center001_UIH_30T_umr780_P054_cine_lax_4ch.mat
2025_train_Center001_UIH_30T_umr780_P054_cine_sax.mat
2025_train_Center001_UIH_30T_umr780_P056_cine_lax_3ch.mat
2025_train_Center001_UIH_30T_umr780_P057_cine_lax_3ch.mat
2025_train_Center001_UIH_30T_umr780_P058_cine_lax_3ch.mat
2025_train_Center001_UIH_30T_umr780_P060_cine_sax.mat
2025_train_Center003_UIH_30T_umr880_P002_cine_lax_4ch.mat
2025_train_Center003_UIH_30T_umr880_P022_cine_lax_3ch.mat
2025_train_Center001_UIH_30T_umr780_P001_cine_lax_4ch.mat
2025_train_Center001_UIH_30T_umr780_P005_cine_sax.mat
2025_train_Center001_UIH_30T_umr780_P013_cine_lax_3ch.mat
2025_train_Center001_UIH_30T_umr780_P013_cine_lax_4ch.mat
2025_train_Center001_UIH_30T_umr780_P027_cine_lax_3ch.mat
2025_train_Center001_UIH_30T_umr780_P027_cine_lax_4ch.mat
2025_train_Center001_UIH_30T_umr780_P031_cine_lax_4ch.mat
2025_train_Center001_UIH_30T_umr780_P036_cine_lax_4ch.mat
2025_train_Center001_UIH_30T_umr780_P046_cine_lax_4ch.mat
2025_train_Center001_UIH_30T_umr780_P055_cine_lax_4ch.mat
2025_train_Center003_UIH_30T_umr880_P005_cine_lax_4ch.mat
2025_train_Center003_UIH_30T_umr880_P025_cine_lax_2ch.mat
2025_train_Center001_UIH_30T_umr780_P002_cine_sax.mat
2025_train_Center001_UIH_30T_umr780_P004_cine_lax_4ch.mat
2025_train_Center001_UIH_30T_umr780_P008_cine_lax_3ch.mat
2025_train_Center001_UIH_30T_umr780_P009_cine_lax_3ch.mat
2025_train_Center001_UIH_30T_umr780_P010_cine_sax.mat
2025_train_Center001_UIH_30T_umr780_P017_cine_lax_4ch.mat
2025_train_Center001_UIH_30T_umr780_P018_cine_lax_4ch.mat
2025_train_Center001_UIH_30T_umr780_P019_cine_sax.mat
2025_train_Center001_UIH_30T_umr780_P030_cine_lax_4ch.mat
2025_train_Center001_UIH_30T_umr780_P031_cine_lax_3ch.mat
2025_train_Center001_UIH_30T_umr780_P032_cine_lax_3ch.mat
2025_train_Center001_UIH_30T_umr780_P034_cine_lax_4ch.mat
2025_train_Center001_UIH_30T_umr780_P037_cine_lax_4ch.mat
2025_train_Center001_UIH_30T_umr780_P041_cine_sax.mat
2025_train_Center001_UIH_30T_umr780_P043_cine_lax_4ch.mat
2025_train_Center001_UIH_30T_umr780_P044_cine_lax_4ch.mat
2025_train_Center001_UIH_30T_umr780_P046_cine_lax_3ch.mat
2025_train_Center001_UIH_30T_umr780_P053_cine_lax_3ch.mat
2025_train_Center001_UIH_30T_umr780_P054_cine_lax_3ch.mat
2025_train_Center001_UIH_30T_umr780_P055_cine_lax_3ch.mat
2025_train_Center001_UIH_30T_umr780_P060_cine_lax_4ch.mat
2025_train_Center003_UIH_30T_umr880_P007_cine_lax_2ch.mat
2025_train_Center003_UIH_30T_umr880_P013_cine_lax_3ch.mat
2025_train_Center001_UIH_30T_umr780_P003_cine_lax_3ch.mat
2025_train_Center001_UIH_30T_umr780_P024_cine_lax_3ch.mat
2025_train_Center003_UIH_30T_umr880_P004_cine_lax_3ch.mat
2025_train_Center003_UIH_30T_umr880_P015_cine_lax_2ch.mat
2025_train_Center001_UIH_30T_umr780_P003_cine_sax.mat
2025_train_Center001_UIH_30T_umr780_P005_cine_lax_3ch.mat
2025_train_Center001_UIH_30T_umr780_P005_cine_lax_4ch.mat
2025_train_Center001_UIH_30T_umr780_P006_cine_lax_4ch.mat
2025_train_Center001_UIH_30T_umr780_P006_cine_sax.mat
2025_train_Center001_UIH_30T_umr780_P008_cine_lax_4ch.mat
2025_train_Center001_UIH_30T_umr780_P011_cine_lax_3ch.mat
2025_train_Center001_UIH_30T_umr780_P013_cine_sax.mat
2025_train_Center001_UIH_30T_umr780_P014_cine_lax_4ch.mat
2025_train_Center001_UIH_30T_umr780_P017_cine_lax_3ch.mat
2025_train_Center001_UIH_30T_umr780_P019_cine_lax_3ch.mat
2025_train_Center001_UIH_30T_umr780_P020_cine_lax_4ch.mat
2025_train_Center001_UIH_30T_umr780_P021_cine_sax.mat
2025_train_Center001_UIH_30T_umr780_P024_cine_lax_4ch.mat
2025_train_Center001_UIH_30T_umr780_P026_cine_lax_4ch.mat
2025_train_Center001_UIH_30T_umr780_P032_cine_sax.mat
2025_train_Center001_UIH_30T_umr780_P040_cine_lax_3ch.mat
2025_train_Center001_UIH_30T_umr780_P041_cine_lax_4ch.mat
2025_train_Center001_UIH_30T_umr780_P043_cine_sax.mat
2025_train_Center001_UIH_30T_umr780_P044_cine_lax_3ch.mat
2025_train_Center001_UIH_30T_umr780_P044_cine_sax.mat
2025_train_Center001_UIH_30T_umr780_P049_cine_lax_3ch.mat
2025_train_Center001_UIH_30T_umr780_P050_cine_sax.mat
2025_train_Center001_UIH_30T_umr780_P051_cine_lax_3ch.mat
2025_train_Center001_UIH_30T_umr780_P055_cine_sax.mat
2025_train_Center001_UIH_30T_umr780_P057_cine_lax_4ch.mat
2025_train_Center001_UIH_30T_umr780_P057_cine_sax.mat
2025_train_Center001_UIH_30T_umr780_P058_cine_lax_4ch.mat
2025_train_Center001_UIH_30T_umr780_P061_cine_lax_4ch.mat
2025_train_Center003_UIH_30T_umr880_P011_cine_lax_2ch.mat
2025_train_Center003_UIH_30T_umr880_P011_cine_lax_3ch.mat
2025_train_Center003_UIH_30T_umr880_P013_cine_lax_2ch.mat
2025_train_Center003_UIH_30T_umr880_P017_cine_lax_3ch.mat
2025_train_Center003_UIH_30T_umr880_P018_cine_lax_2ch.mat
2025_train_Center003_UIH_30T_umr880_P019_cine_lax_3ch.mat
2025_train_Center003_UIH_30T_umr880_P024_cine_lax_3ch.mat
2025_train_Center003_UIH_30T_umr880_P025_cine_lax_3ch.mat
2025_train_Center001_UIH_30T_umr780_P004_cine_lax_3ch.mat
2025_train_Center001_UIH_30T_umr780_P014_cine_lax_3ch.mat
2025_train_Center001_UIH_30T_umr780_P015_cine_lax_3ch.mat
2025_train_Center001_UIH_30T_umr780_P040_cine_sax.mat
2025_train_Center006_UIH_30T_umr790_P007_cine_sax.mat
2025_train_Center001_UIH_30T_umr780_P004_cine_sax.mat
2025_train_Center001_UIH_30T_umr780_P009_cine_lax_4ch.mat
2025_train_Center001_UIH_30T_umr780_P011_cine_lax_4ch.mat
2025_train_Center001_UIH_30T_umr780_P018_cine_lax_3ch.mat
2025_train_Center001_UIH_30T_umr780_P018_cine_sax.mat
2025_train_Center001_UIH_30T_umr780_P019_cine_lax_4ch.mat
2025_train_Center001_UIH_30T_umr780_P020_cine_sax.mat
2025_train_Center001_UIH_30T_umr780_P024_cine_sax.mat
2025_train_Center001_UIH_30T_umr780_P026_cine_lax_3ch.mat
2025_train_Center001_UIH_30T_umr780_P028_cine_lax_3ch.mat
2025_train_Center001_UIH_30T_umr780_P034_cine_sax.mat
2025_train_Center001_UIH_30T_umr780_P035_cine_lax_3ch.mat
2025_train_Center001_UIH_30T_umr780_P036_cine_lax_3ch.mat
2025_train_Center001_UIH_30T_umr780_P037_cine_sax.mat
2025_train_Center001_UIH_30T_umr780_P040_cine_lax_4ch.mat
2025_train_Center001_UIH_30T_umr780_P041_cine_lax_3ch.mat
2025_train_Center001_UIH_30T_umr780_P042_cine_sax.mat
2025_train_Center001_UIH_30T_umr780_P049_cine_lax_4ch.mat
2025_train_Center001_UIH_30T_umr780_P049_cine_sax.mat
2025_train_Center001_UIH_30T_umr780_P050_cine_lax_4ch.mat
2025_train_Center001_UIH_30T_umr780_P051_cine_sax.mat
2025_train_Center001_UIH_30T_umr780_P058_cine_sax.mat
2025_train_Center001_UIH_30T_umr780_P061_cine_lax_3ch.mat
2025_train_Center001_UIH_30T_umr780_P061_cine_sax.mat
2025_train_Center003_UIH_30T_umr880_P005_cine_lax_2ch.mat
2025_train_Center003_UIH_30T_umr880_P008_cine_lax_2ch.mat
2025_train_Center003_UIH_30T_umr880_P008_cine_lax_3ch.mat
2025_train_Center003_UIH_30T_umr880_P009_cine_lax_3ch.mat
2025_train_Center003_UIH_30T_umr880_P015_cine_lax_3ch.mat
2025_train_Center003_UIH_30T_umr880_P023_cine_lax_3ch.mat
2025_train_Center006_UIH_30T_umr790_P004_cine_sax.mat
2025_train_Center001_UIH_30T_umr780_P015_cine_sax.mat
2025_train_Center001_UIH_30T_umr780_P027_cine_sax.mat
2025_train_Center001_UIH_30T_umr780_P028_cine_sax.mat
2025_train_Center001_UIH_30T_umr780_P029_cine_lax_3ch.mat
2025_train_Center001_UIH_30T_umr780_P035_cine_lax_4ch.mat
2025_train_Center001_UIH_30T_umr780_P035_cine_sax.mat
2025_train_Center001_UIH_30T_umr780_P046_cine_sax.mat
2025_train_Center001_UIH_30T_umr780_P056_cine_lax_4ch.mat
2025_train_Center001_UIH_30T_umr780_P060_cine_lax_3ch.mat
2025_train_Center003_UIH_30T_umr880_P002_cine_lax_2ch.mat
2025_train_Center003_UIH_30T_umr880_P009_cine_lax_2ch.mat
2025_train_Center003_UIH_30T_umr880_P018_cine_lax_3ch.mat
2025_train_Center003_UIH_30T_umr880_P023_cine_lax_2ch.mat
2025_train_Center001_UIH_30T_umr780_P030_cine_lax_3ch.mat
2025_train_Center003_UIH_30T_umr880_P012_cine_lax_3ch.mat
2025_train_Center003_UIH_30T_umr880_P019_cine_lax_2ch.mat
2025_train_Center003_UIH_30T_umr880_P022_cine_lax_2ch.mat
2025_train_Center002_Siemens_30T_CIMA.X_P008_cine_lax.mat
2025_train_Center002_Siemens_30T_CIMA.X_P012_cine_lax.mat
2025_train_Center002_Siemens_30T_CIMA.X_P015_cine_lax.mat
2025_train_Center002_Siemens_30T_CIMA.X_P014_cine_lax.mat
2025_train_Center002_Siemens_30T_CIMA.X_P016_cine_lax.mat
2025_train_Center003_UIH_30T_umr880_P004_cine_lax_2ch.mat
2025_train_Center003_UIH_30T_umr880_P020_cine_lax_2ch.mat
2025_train_Center003_UIH_30T_umr880_P006_cine_lax_2ch.mat
2025_train_Center003_UIH_30T_umr880_P017_cine_lax_2ch.mat
2025_train_Center003_UIH_30T_umr880_P024_cine_lax_2ch.mat
2025_train_Center006_UIH_30T_umr790_P003_cine_sax.mat
2025_train_Center006_UIH_30T_umr790_P006_cine_sax.mat
2025_train_Center003_UIH_30T_umr880_P012_cine_lax_2ch.mat
2025_train_Center003_UIH_30T_umr880_P020_cine_lax_3ch.mat
2025_train_Center005_Siemens_30T_Vida_P001_cine_sax.mat
2025_train_Center005_Siemens_30T_Vida_P008_cine_sax.mat
2025_train_Center005_Siemens_30T_Vida_P002_cine_lax.mat
2025_train_Center005_Siemens_30T_Vida_P004_cine_lax.mat
2025_train_Center005_Siemens_30T_Vida_P007_cine_lax.mat
2025_train_Center006_Siemens_30T_Prisma_P005_blackblood.mat
2025_train_Center006_Siemens_30T_Prisma_P017_blackblood.mat
2025_train_Center006_Siemens_30T_Prisma_P024_blackblood.mat
2025_train_Center006_Siemens_30T_Prisma_P034_blackblood.mat
2025_train_Center006_Siemens_30T_Prisma_P027_blackblood.mat
2025_train_Center006_Siemens_30T_Prisma_P037_cine_rvot.mat
2025_train_Center006_UIH_30T_umr790_P001_cine_lax_2ch.mat
2025_train_Center006_UIH_30T_umr790_P011_cine_lax_2ch.mat
2025_train_Center006_UIH_30T_umr790_P011_cine_sax.mat
2025_train_Center006_UIH_30T_umr790_P001_cine_lax_3ch.mat
2025_train_Center006_UIH_30T_umr790_P002_cine_lax_3ch.mat
2025_train_Center006_UIH_30T_umr790_P001_cine_lax_4ch.mat
2025_train_Center006_UIH_30T_umr790_P001_cine_sax.mat
2025_train_Center006_UIH_30T_umr790_P010_cine_lax_3ch.mat
2025_train_Center006_UIH_30T_umr790_P010_cine_sax.mat
2025_train_Center006_UIH_30T_umr790_P002_cine_lax_2ch.mat
2025_train_Center006_UIH_30T_umr790_P002_cine_lax_4ch.mat
2025_train_Center006_UIH_30T_umr790_P002_cine_sax.mat
2025_train_Center006_UIH_30T_umr790_P011_cine_lax_3ch.mat
2025_train_Center006_UIH_30T_umr790_P011_cine_lax_4ch.mat
2025_train_Center006_UIH_30T_umr790_P010_cine_lax_2ch.mat
2025_train_Center006_UIH_30T_umr790_P010_cine_lax_4ch.mat
2025_train_Center001_UIH_30T_umr780_P001_cine_lax_3ch.mat
2025_train_Center001_UIH_30T_umr780_P003_cine_lax_4ch.mat
2025_train_Center001_UIH_30T_umr780_P008_cine_sax.mat
2025_train_Center001_UIH_30T_umr780_P009_cine_sax.mat
2025_train_Center001_UIH_30T_umr780_P010_cine_lax_3ch.mat
2025_train_Center001_UIH_30T_umr780_P011_cine_sax.mat
2025_train_Center001_UIH_30T_umr780_P014_cine_sax.mat
2025_train_Center001_UIH_30T_umr780_P017_cine_sax.mat
2025_train_Center001_UIH_30T_umr780_P020_cine_lax_3ch.mat
2025_train_Center001_UIH_30T_umr780_P021_cine_lax_3ch.mat
2025_train_Center001_UIH_30T_umr780_P021_cine_lax_4ch.mat
2025_train_Center001_UIH_30T_umr780_P026_cine_sax.mat
2025_train_Center001_UIH_30T_umr780_P028_cine_lax_4ch.mat
2025_train_Center001_UIH_30T_umr780_P029_cine_lax_4ch.mat
2025_train_Center001_UIH_30T_umr780_P030_cine_sax.mat
2025_train_Center001_UIH_30T_umr780_P031_cine_sax.mat
2025_train_Center001_UIH_30T_umr780_P032_cine_lax_4ch.mat
2025_train_Center001_UIH_30T_umr780_P033_cine_sax.mat
2025_train_Center001_UIH_30T_umr780_P034_cine_lax_3ch.mat
2025_train_Center001_UIH_30T_umr780_P036_cine_sax.mat
2025_train_Center001_UIH_30T_umr780_P037_cine_lax_3ch.mat
2025_train_Center001_UIH_30T_umr780_P043_cine_lax_3ch.mat
2025_train_Center001_UIH_30T_umr780_P050_cine_lax_3ch.mat
2025_train_Center001_UIH_30T_umr780_P053_cine_lax_4ch.mat
2025_train_Center001_UIH_30T_umr780_P053_cine_sax.mat
2025_train_Center001_UIH_30T_umr780_P054_cine_lax_4ch.mat
2025_train_Center001_UIH_30T_umr780_P054_cine_sax.mat
2025_train_Center001_UIH_30T_umr780_P056_cine_lax_3ch.mat
2025_train_Center001_UIH_30T_umr780_P057_cine_lax_3ch.mat
2025_train_Center001_UIH_30T_umr780_P058_cine_lax_3ch.mat
2025_train_Center001_UIH_30T_umr780_P060_cine_sax.mat
2025_train_Center003_UIH_30T_umr880_P002_cine_lax_4ch.mat
2025_train_Center003_UIH_30T_umr880_P022_cine_lax_3ch.mat
2025_train_Center001_UIH_30T_umr780_P001_cine_lax_4ch.mat
2025_train_Center001_UIH_30T_umr780_P005_cine_sax.mat
2025_train_Center001_UIH_30T_umr780_P013_cine_lax_3ch.mat
2025_train_Center001_UIH_30T_umr780_P013_cine_lax_4ch.mat
2025_train_Center001_UIH_30T_umr780_P027_cine_lax_3ch.mat
2025_train_Center001_UIH_30T_umr780_P027_cine_lax_4ch.mat
2025_train_Center001_UIH_30T_umr780_P031_cine_lax_4ch.mat
2025_train_Center001_UIH_30T_umr780_P036_cine_lax_4ch.mat
2025_train_Center001_UIH_30T_umr780_P046_cine_lax_4ch.mat
2025_train_Center001_UIH_30T_umr780_P055_cine_lax_4ch.mat
2025_train_Center003_UIH_30T_umr880_P005_cine_lax_4ch.mat
2025_train_Center003_UIH_30T_umr880_P025_cine_lax_2ch.mat
2025_train_Center001_UIH_30T_umr780_P002_cine_sax.mat
2025_train_Center001_UIH_30T_umr780_P004_cine_lax_4ch.mat
2025_train_Center001_UIH_30T_umr780_P008_cine_lax_3ch.mat
2025_train_Center001_UIH_30T_umr780_P009_cine_lax_3ch.mat
2025_train_Center001_UIH_30T_umr780_P010_cine_sax.mat
2025_train_Center001_UIH_30T_umr780_P017_cine_lax_4ch.mat
2025_train_Center001_UIH_30T_umr780_P018_cine_lax_4ch.mat
2025_train_Center001_UIH_30T_umr780_P019_cine_sax.mat
2025_train_Center001_UIH_30T_umr780_P030_cine_lax_4ch.mat
2025_train_Center001_UIH_30T_umr780_P031_cine_lax_3ch.mat
2025_train_Center001_UIH_30T_umr780_P032_cine_lax_3ch.mat
2025_train_Center001_UIH_30T_umr780_P034_cine_lax_4ch.mat
2025_train_Center001_UIH_30T_umr780_P037_cine_lax_4ch.mat
2025_train_Center001_UIH_30T_umr780_P041_cine_sax.mat
2025_train_Center001_UIH_30T_umr780_P043_cine_lax_4ch.mat
2025_train_Center001_UIH_30T_umr780_P044_cine_lax_4ch.mat
2025_train_Center001_UIH_30T_umr780_P046_cine_lax_3ch.mat
2025_train_Center001_UIH_30T_umr780_P053_cine_lax_3ch.mat
2025_train_Center001_UIH_30T_umr780_P054_cine_lax_3ch.mat
2025_train_Center001_UIH_30T_umr780_P055_cine_lax_3ch.mat
2025_train_Center001_UIH_30T_umr780_P060_cine_lax_4ch.mat
2025_train_Center003_UIH_30T_umr880_P007_cine_lax_2ch.mat
2025_train_Center003_UIH_30T_umr880_P013_cine_lax_3ch.mat
2025_train_Center001_UIH_30T_umr780_P003_cine_lax_3ch.mat
2025_train_Center001_UIH_30T_umr780_P024_cine_lax_3ch.mat
2025_train_Center003_UIH_30T_umr880_P004_cine_lax_3ch.mat
2025_train_Center003_UIH_30T_umr880_P015_cine_lax_2ch.mat
2025_train_Center001_UIH_30T_umr780_P003_cine_sax.mat
2025_train_Center001_UIH_30T_umr780_P005_cine_lax_3ch.mat
2025_train_Center001_UIH_30T_umr780_P005_cine_lax_4ch.mat
2025_train_Center001_UIH_30T_umr780_P006_cine_lax_4ch.mat
2025_train_Center001_UIH_30T_umr780_P006_cine_sax.mat
2025_train_Center001_UIH_30T_umr780_P008_cine_lax_4ch.mat
2025_train_Center001_UIH_30T_umr780_P011_cine_lax_3ch.mat
2025_train_Center001_UIH_30T_umr780_P013_cine_sax.mat
2025_train_Center001_UIH_30T_umr780_P014_cine_lax_4ch.mat
2025_train_Center001_UIH_30T_umr780_P017_cine_lax_3ch.mat
2025_train_Center001_UIH_30T_umr780_P019_cine_lax_3ch.mat
2025_train_Center001_UIH_30T_umr780_P020_cine_lax_4ch.mat
2025_train_Center001_UIH_30T_umr780_P021_cine_sax.mat
2025_train_Center001_UIH_30T_umr780_P024_cine_lax_4ch.mat
2025_train_Center001_UIH_30T_umr780_P026_cine_lax_4ch.mat
2025_train_Center001_UIH_30T_umr780_P032_cine_sax.mat
2025_train_Center001_UIH_30T_umr780_P040_cine_lax_3ch.mat
2025_train_Center001_UIH_30T_umr780_P041_cine_lax_4ch.mat
2025_train_Center001_UIH_30T_umr780_P043_cine_sax.mat
2025_train_Center001_UIH_30T_umr780_P044_cine_lax_3ch.mat
2025_train_Center001_UIH_30T_umr780_P044_cine_sax.mat
2025_train_Center001_UIH_30T_umr780_P049_cine_lax_3ch.mat
2025_train_Center001_UIH_30T_umr780_P050_cine_sax.mat
2025_train_Center001_UIH_30T_umr780_P051_cine_lax_3ch.mat
2025_train_Center001_UIH_30T_umr780_P055_cine_sax.mat
2025_train_Center001_UIH_30T_umr780_P057_cine_lax_4ch.mat
2025_train_Center001_UIH_30T_umr780_P057_cine_sax.mat
2025_train_Center001_UIH_30T_umr780_P058_cine_lax_4ch.mat
2025_train_Center001_UIH_30T_umr780_P061_cine_lax_4ch.mat
2025_train_Center003_UIH_30T_umr880_P011_cine_lax_2ch.mat
2025_train_Center003_UIH_30T_umr880_P011_cine_lax_3ch.mat
2025_train_Center003_UIH_30T_umr880_P013_cine_lax_2ch.mat
2025_train_Center003_UIH_30T_umr880_P017_cine_lax_3ch.mat
2025_train_Center003_UIH_30T_umr880_P018_cine_lax_2ch.mat
2025_train_Center003_UIH_30T_umr880_P019_cine_lax_3ch.mat
2025_train_Center003_UIH_30T_umr880_P024_cine_lax_3ch.mat
2025_train_Center003_UIH_30T_umr880_P025_cine_lax_3ch.mat
2025_train_Center001_UIH_30T_umr780_P004_cine_lax_3ch.mat
2025_train_Center001_UIH_30T_umr780_P014_cine_lax_3ch.mat
2025_train_Center001_UIH_30T_umr780_P015_cine_lax_3ch.mat
2025_train_Center001_UIH_30T_umr780_P040_cine_sax.mat
2025_train_Center006_UIH_30T_umr790_P007_cine_sax.mat
2025_train_Center001_UIH_30T_umr780_P004_cine_sax.mat
2025_train_Center001_UIH_30T_umr780_P009_cine_lax_4ch.mat
2025_train_Center001_UIH_30T_umr780_P011_cine_lax_4ch.mat
2025_train_Center001_UIH_30T_umr780_P018_cine_lax_3ch.mat
2025_train_Center001_UIH_30T_umr780_P018_cine_sax.mat
2025_train_Center001_UIH_30T_umr780_P019_cine_lax_4ch.mat
2025_train_Center001_UIH_30T_umr780_P020_cine_sax.mat
2025_train_Center001_UIH_30T_umr780_P024_cine_sax.mat
2025_train_Center001_UIH_30T_umr780_P026_cine_lax_3ch.mat
2025_train_Center001_UIH_30T_umr780_P028_cine_lax_3ch.mat
2025_train_Center001_UIH_30T_umr780_P034_cine_sax.mat
2025_train_Center001_UIH_30T_umr780_P035_cine_lax_3ch.mat
2025_train_Center001_UIH_30T_umr780_P036_cine_lax_3ch.mat
2025_train_Center001_UIH_30T_umr780_P037_cine_sax.mat
2025_train_Center001_UIH_30T_umr780_P040_cine_lax_4ch.mat
2025_train_Center001_UIH_30T_umr780_P041_cine_lax_3ch.mat
2025_train_Center001_UIH_30T_umr780_P042_cine_sax.mat
2025_train_Center001_UIH_30T_umr780_P049_cine_lax_4ch.mat
2025_train_Center001_UIH_30T_umr780_P049_cine_sax.mat
2025_train_Center001_UIH_30T_umr780_P050_cine_lax_4ch.mat
2025_train_Center001_UIH_30T_umr780_P051_cine_sax.mat
2025_train_Center001_UIH_30T_umr780_P058_cine_sax.mat
2025_train_Center001_UIH_30T_umr780_P061_cine_lax_3ch.mat
2025_train_Center001_UIH_30T_umr780_P061_cine_sax.mat
2025_train_Center003_UIH_30T_umr880_P005_cine_lax_2ch.mat
2025_train_Center003_UIH_30T_umr880_P008_cine_lax_2ch.mat
2025_train_Center003_UIH_30T_umr880_P008_cine_lax_3ch.mat
2025_train_Center003_UIH_30T_umr880_P009_cine_lax_3ch.mat
2025_train_Center003_UIH_30T_umr880_P015_cine_lax_3ch.mat
2025_train_Center003_UIH_30T_umr880_P023_cine_lax_3ch.mat
2025_train_Center006_UIH_30T_umr790_P004_cine_sax.mat
2025_train_Center001_UIH_30T_umr780_P015_cine_sax.mat
2025_train_Center001_UIH_30T_umr780_P027_cine_sax.mat
2025_train_Center001_UIH_30T_umr780_P028_cine_sax.mat
2025_train_Center001_UIH_30T_umr780_P029_cine_lax_3ch.mat
2025_train_Center001_UIH_30T_umr780_P035_cine_lax_4ch.mat
2025_train_Center001_UIH_30T_umr780_P035_cine_sax.mat
2025_train_Center001_UIH_30T_umr780_P046_cine_sax.mat
2025_train_Center001_UIH_30T_umr780_P056_cine_lax_4ch.mat
2025_train_Center001_UIH_30T_umr780_P060_cine_lax_3ch.mat
2025_train_Center003_UIH_30T_umr880_P002_cine_lax_2ch.mat
2025_train_Center003_UIH_30T_umr880_P009_cine_lax_2ch.mat
2025_train_Center003_UIH_30T_umr880_P018_cine_lax_3ch.mat
2025_train_Center003_UIH_30T_umr880_P023_cine_lax_2ch.mat
2025_train_Center001_UIH_30T_umr780_P030_cine_lax_3ch.mat
2025_train_Center003_UIH_30T_umr880_P012_cine_lax_3ch.mat
2025_train_Center003_UIH_30T_umr880_P019_cine_lax_2ch.mat
2025_train_Center003_UIH_30T_umr880_P022_cine_lax_2ch.mat
2025_train_Center002_Siemens_30T_CIMA.X_P008_cine_lax.mat
2025_train_Center002_Siemens_30T_CIMA.X_P012_cine_lax.mat
2025_train_Center002_Siemens_30T_CIMA.X_P015_cine_lax.mat
2025_train_Center002_Siemens_30T_CIMA.X_P014_cine_lax.mat
2025_train_Center002_Siemens_30T_CIMA.X_P016_cine_lax.mat
2025_train_Center003_UIH_30T_umr880_P004_cine_lax_2ch.mat
2025_train_Center003_UIH_30T_umr880_P020_cine_lax_2ch.mat
2025_train_Center003_UIH_30T_umr880_P006_cine_lax_2ch.mat
2025_train_Center003_UIH_30T_umr880_P017_cine_lax_2ch.mat
2025_train_Center003_UIH_30T_umr880_P024_cine_lax_2ch.mat
2025_train_Center006_UIH_30T_umr790_P003_cine_sax.mat
2025_train_Center006_UIH_30T_umr790_P006_cine_sax.mat
2025_train_Center003_UIH_30T_umr880_P012_cine_lax_2ch.mat
2025_train_Center003_UIH_30T_umr880_P020_cine_lax_3ch.mat
2025_train_Center005_Siemens_30T_Vida_P001_cine_sax.mat
2025_train_Center005_Siemens_30T_Vida_P008_cine_sax.mat
2025_train_Center005_Siemens_30T_Vida_P002_cine_lax.mat
2025_train_Center005_Siemens_30T_Vida_P004_cine_lax.mat
2025_train_Center005_Siemens_30T_Vida_P007_cine_lax.mat
2025_train_Center006_Siemens_30T_Prisma_P005_blackblood.mat
2025_train_Center006_Siemens_30T_Prisma_P017_blackblood.mat
2025_train_Center006_Siemens_30T_Prisma_P024_blackblood.mat
2025_train_Center006_Siemens_30T_Prisma_P034_blackblood.mat
2025_train_Center006_Siemens_30T_Prisma_P027_blackblood.mat
2025_train_Center006_Siemens_30T_Prisma_P037_cine_rvot.mat
2025_train_Center006_UIH_30T_umr790_P001_cine_lax_2ch.mat
2025_train_Center006_UIH_30T_umr790_P011_cine_lax_2ch.mat
2025_train_Center006_UIH_30T_umr790_P011_cine_sax.mat
2025_train_Center006_UIH_30T_umr790_P001_cine_lax_3ch.mat
2025_train_Center006_UIH_30T_umr790_P002_cine_lax_3ch.mat
2025_train_Center006_UIH_30T_umr790_P001_cine_lax_4ch.mat
2025_train_Center006_UIH_30T_umr790_P001_cine_sax.mat
2025_train_Center006_UIH_30T_umr790_P010_cine_lax_3ch.mat
2025_train_Center006_UIH_30T_umr790_P010_cine_sax.mat
2025_train_Center006_UIH_30T_umr790_P002_cine_lax_2ch.mat
2025_train_Center006_UIH_30T_umr790_P002_cine_lax_4ch.mat
2025_train_Center006_UIH_30T_umr790_P002_cine_sax.mat
2025_train_Center006_UIH_30T_umr790_P011_cine_lax_3ch.mat
2025_train_Center006_UIH_30T_umr790_P011_cine_lax_4ch.mat
2025_train_Center006_UIH_30T_umr790_P010_cine_lax_2ch.mat
2025_train_Center006_UIH_30T_umr790_P010_cine_lax_4ch.mat
