2025_train_Center005_UIH_15T_umr670_P001_T1w.mat
2025_train_Center005_UIH_15T_umr670_P002_T1w.mat
2025_train_Center005_UIH_15T_umr670_P003_T1w.mat
2025_train_Center005_UIH_15T_umr670_P004_T1w.mat
2025_train_Center005_UIH_15T_umr670_P005_T1w.mat
2025_train_Center005_UIH_15T_umr670_P007_T1w.mat
2025_train_Center005_UIH_15T_umr670_P008_T1w.mat
2025_train_Center005_UIH_15T_umr670_P010_T1w.mat
2025_train_Center005_UIH_15T_umr670_P013_T1w.mat
2025_train_Center005_UIH_15T_umr670_P014_T1w.mat
2025_train_Center005_UIH_15T_umr670_P015_T1w.mat
2025_train_Center005_UIH_15T_umr670_P016_T1w.mat
2025_train_Center005_UIH_15T_umr670_P017_T1w.mat
2025_train_Center005_UIH_15T_umr670_P018_T1w.mat
2025_train_Center005_UIH_15T_umr670_P019_T1w.mat
2025_train_Center005_UIH_15T_umr670_P020_T1w.mat
2025_train_Center005_UIH_15T_umr670_P021_T1w.mat
2025_train_Center005_UIH_15T_umr670_P023_T1w.mat
2025_train_Center001_UIH_30T_umr780_P003_T2w.mat
2025_train_Center001_UIH_30T_umr780_P004_T2w.mat
2025_train_Center001_UIH_30T_umr780_P006_T2w.mat
2025_train_Center001_UIH_30T_umr780_P010_T2w.mat
2025_train_Center001_UIH_30T_umr780_P011_T2w.mat
2025_train_Center001_UIH_30T_umr780_P013_T2w.mat
2025_train_Center001_UIH_30T_umr780_P014_T2w.mat
2025_train_Center001_UIH_30T_umr780_P017_T2w.mat
2025_train_Center001_UIH_30T_umr780_P020_T2w.mat
2025_train_Center001_UIH_30T_umr780_P021_T2w.mat
2025_train_Center001_UIH_30T_umr780_P024_T2w.mat
2025_train_Center001_UIH_30T_umr780_P026_T2w.mat
2025_train_Center001_UIH_30T_umr780_P027_T2w.mat
2025_train_Center001_UIH_30T_umr780_P032_T2w.mat
2025_train_Center001_UIH_30T_umr780_P033_T2w.mat
2025_train_Center001_UIH_30T_umr780_P034_T2w.mat
2025_train_Center001_UIH_30T_umr780_P036_T2w.mat
2025_train_Center001_UIH_30T_umr780_P037_T2w.mat
2025_train_Center001_UIH_30T_umr780_P041_T2w.mat
2025_train_Center001_UIH_30T_umr780_P042_T2w.mat
2025_train_Center001_UIH_30T_umr780_P044_T2w.mat
2025_train_Center001_UIH_30T_umr780_P046_T2w.mat
2025_train_Center001_UIH_30T_umr780_P047_T2w.mat
2025_train_Center001_UIH_30T_umr780_P049_T2w.mat
2025_train_Center001_UIH_30T_umr780_P050_T2w.mat
2025_train_Center001_UIH_30T_umr780_P053_T2w.mat
2025_train_Center001_UIH_30T_umr780_P054_T2w.mat
2025_train_Center001_UIH_30T_umr780_P055_T2w.mat
2025_train_Center001_UIH_30T_umr780_P056_T2w.mat
2025_train_Center001_UIH_30T_umr780_P058_T2w.mat
2025_train_Center001_UIH_30T_umr780_P060_T2w.mat
2025_train_Center001_UIH_30T_umr780_P061_T2w.mat
2025_train_Center003_UIH_30T_umr880_P004_T1w.mat
2025_train_Center003_UIH_30T_umr880_P006_T1w.mat
2025_train_Center003_UIH_30T_umr880_P008_T1w.mat
2025_train_Center003_UIH_30T_umr880_P009_T1w.mat
2025_train_Center003_UIH_30T_umr880_P010_T1w.mat
2025_train_Center003_UIH_30T_umr880_P011_T1w.mat
2025_train_Center003_UIH_30T_umr880_P012_T1w.mat
2025_train_Center003_UIH_30T_umr880_P015_T1w.mat
2025_train_Center003_UIH_30T_umr880_P017_T1w.mat
2025_train_Center003_UIH_30T_umr880_P018_T1w.mat
2025_train_Center003_UIH_30T_umr880_P019_T1w.mat
2025_train_Center003_UIH_30T_umr880_P020_T1w.mat
2025_train_Center003_UIH_30T_umr880_P022_T1w.mat
2025_train_Center003_UIH_30T_umr880_P023_T1w.mat
2025_train_Center003_UIH_30T_umr880_P024_T1w.mat
2025_train_Center003_UIH_30T_umr880_P008_cine_sax.mat
2025_train_Center003_UIH_30T_umr880_P009_cine_ot.mat
2025_train_Center003_UIH_30T_umr880_P010_cine_ot.mat
2025_train_Center003_UIH_30T_umr880_P025_cine_ot.mat
2025_train_Center003_UIH_30T_umr880_P011_cine_ot.mat
2025_train_Center003_UIH_30T_umr880_P012_cine_ot.mat
2025_train_Center003_UIH_30T_umr880_P015_cine_ot.mat
2025_train_Center003_UIH_30T_umr880_P022_cine_ot.mat
2025_train_Center003_UIH_30T_umr880_P013_cine_ot.mat
2025_train_Center003_UIH_30T_umr880_P019_cine_ot.mat
2025_train_Center003_UIH_30T_umr880_P020_cine_ot.mat
2025_train_Center003_UIH_30T_umr880_P017_cine_ot.mat
2025_train_Center003_UIH_30T_umr880_P023_cine_ot.mat
2025_train_Center003_UIH_30T_umr880_P024_cine_ot.mat
2025_train_Center005_Siemens_30T_Vida_P013_T1w.mat
2025_train_Center006_UIH_30T_umr790_P002_cine_lax_r2ch.mat
2025_train_Center005_UIH_15T_umr670_P001_T1w.mat
2025_train_Center005_UIH_15T_umr670_P002_T1w.mat
2025_train_Center005_UIH_15T_umr670_P003_T1w.mat
2025_train_Center005_UIH_15T_umr670_P004_T1w.mat
2025_train_Center005_UIH_15T_umr670_P005_T1w.mat
2025_train_Center005_UIH_15T_umr670_P007_T1w.mat
2025_train_Center005_UIH_15T_umr670_P008_T1w.mat
2025_train_Center005_UIH_15T_umr670_P010_T1w.mat
2025_train_Center005_UIH_15T_umr670_P013_T1w.mat
2025_train_Center005_UIH_15T_umr670_P014_T1w.mat
2025_train_Center005_UIH_15T_umr670_P015_T1w.mat
2025_train_Center005_UIH_15T_umr670_P016_T1w.mat
2025_train_Center005_UIH_15T_umr670_P017_T1w.mat
2025_train_Center005_UIH_15T_umr670_P018_T1w.mat
2025_train_Center005_UIH_15T_umr670_P019_T1w.mat
2025_train_Center005_UIH_15T_umr670_P020_T1w.mat
2025_train_Center005_UIH_15T_umr670_P021_T1w.mat
2025_train_Center005_UIH_15T_umr670_P023_T1w.mat
2025_train_Center001_UIH_30T_umr780_P003_T2w.mat
2025_train_Center001_UIH_30T_umr780_P004_T2w.mat
2025_train_Center001_UIH_30T_umr780_P006_T2w.mat
2025_train_Center001_UIH_30T_umr780_P010_T2w.mat
2025_train_Center001_UIH_30T_umr780_P011_T2w.mat
2025_train_Center001_UIH_30T_umr780_P013_T2w.mat
2025_train_Center001_UIH_30T_umr780_P014_T2w.mat
2025_train_Center001_UIH_30T_umr780_P017_T2w.mat
2025_train_Center001_UIH_30T_umr780_P020_T2w.mat
2025_train_Center001_UIH_30T_umr780_P021_T2w.mat
2025_train_Center001_UIH_30T_umr780_P024_T2w.mat
2025_train_Center001_UIH_30T_umr780_P026_T2w.mat
2025_train_Center001_UIH_30T_umr780_P027_T2w.mat
2025_train_Center001_UIH_30T_umr780_P032_T2w.mat
2025_train_Center001_UIH_30T_umr780_P033_T2w.mat
2025_train_Center001_UIH_30T_umr780_P034_T2w.mat
2025_train_Center001_UIH_30T_umr780_P036_T2w.mat
2025_train_Center001_UIH_30T_umr780_P037_T2w.mat
2025_train_Center001_UIH_30T_umr780_P041_T2w.mat
2025_train_Center001_UIH_30T_umr780_P042_T2w.mat
2025_train_Center001_UIH_30T_umr780_P044_T2w.mat
2025_train_Center001_UIH_30T_umr780_P046_T2w.mat
2025_train_Center001_UIH_30T_umr780_P047_T2w.mat
2025_train_Center001_UIH_30T_umr780_P049_T2w.mat
2025_train_Center001_UIH_30T_umr780_P050_T2w.mat
2025_train_Center001_UIH_30T_umr780_P053_T2w.mat
2025_train_Center001_UIH_30T_umr780_P054_T2w.mat
2025_train_Center001_UIH_30T_umr780_P055_T2w.mat
2025_train_Center001_UIH_30T_umr780_P056_T2w.mat
2025_train_Center001_UIH_30T_umr780_P058_T2w.mat
2025_train_Center001_UIH_30T_umr780_P060_T2w.mat
2025_train_Center001_UIH_30T_umr780_P061_T2w.mat
2025_train_Center003_UIH_30T_umr880_P004_T1w.mat
2025_train_Center003_UIH_30T_umr880_P006_T1w.mat
2025_train_Center003_UIH_30T_umr880_P008_T1w.mat
2025_train_Center003_UIH_30T_umr880_P009_T1w.mat
2025_train_Center003_UIH_30T_umr880_P010_T1w.mat
2025_train_Center003_UIH_30T_umr880_P011_T1w.mat
2025_train_Center003_UIH_30T_umr880_P012_T1w.mat
2025_train_Center003_UIH_30T_umr880_P015_T1w.mat
2025_train_Center003_UIH_30T_umr880_P017_T1w.mat
2025_train_Center003_UIH_30T_umr880_P018_T1w.mat
2025_train_Center003_UIH_30T_umr880_P019_T1w.mat
2025_train_Center003_UIH_30T_umr880_P020_T1w.mat
2025_train_Center003_UIH_30T_umr880_P022_T1w.mat
2025_train_Center003_UIH_30T_umr880_P023_T1w.mat
2025_train_Center003_UIH_30T_umr880_P024_T1w.mat
2025_train_Center003_UIH_30T_umr880_P008_cine_sax.mat
2025_train_Center003_UIH_30T_umr880_P009_cine_ot.mat
2025_train_Center003_UIH_30T_umr880_P010_cine_ot.mat
2025_train_Center003_UIH_30T_umr880_P025_cine_ot.mat
2025_train_Center003_UIH_30T_umr880_P011_cine_ot.mat
2025_train_Center003_UIH_30T_umr880_P012_cine_ot.mat
2025_train_Center003_UIH_30T_umr880_P015_cine_ot.mat
2025_train_Center003_UIH_30T_umr880_P022_cine_ot.mat
2025_train_Center003_UIH_30T_umr880_P013_cine_ot.mat
2025_train_Center003_UIH_30T_umr880_P019_cine_ot.mat
2025_train_Center003_UIH_30T_umr880_P020_cine_ot.mat
2025_train_Center003_UIH_30T_umr880_P017_cine_ot.mat
2025_train_Center003_UIH_30T_umr880_P023_cine_ot.mat
2025_train_Center003_UIH_30T_umr880_P024_cine_ot.mat
2025_train_Center005_Siemens_30T_Vida_P013_T1w.mat
2025_train_Center006_UIH_30T_umr790_P002_cine_lax_r2ch.mat
