2023_test_P003_T1map.mat
2023_test_P004_T1map.mat
2023_test_P005_T1map.mat
2023_test_P006_T1map.mat
2023_test_P007_T1map.mat
2023_test_P008_T1map.mat
2023_test_P009_T1map.mat
2023_test_P010_T1map.mat
2023_test_P011_T1map.mat
2023_test_P012_T1map.mat
2023_test_P013_T1map.mat
2023_test_P014_T1map.mat
2023_test_P015_T1map.mat
2023_test_P017_T1map.mat
2023_test_P019_T1map.mat
2023_test_P020_T1map.mat
2023_test_P021_T1map.mat
2023_test_P022_T1map.mat
2023_test_P023_T1map.mat
2023_test_P024_T1map.mat
2023_test_P025_T1map.mat
2023_test_P026_T1map.mat
2023_test_P027_T1map.mat
2023_test_P028_T1map.mat
2023_test_P029_T1map.mat
2023_test_P030_T1map.mat
2023_test_P031_T1map.mat
2023_test_P032_T1map.mat
2023_test_P033_T1map.mat
2023_test_P034_T1map.mat
2023_test_P035_T1map.mat
2023_test_P036_T1map.mat
2023_test_P037_T1map.mat
2023_test_P038_T1map.mat
2023_test_P039_T1map.mat
2023_test_P040_T1map.mat
2023_test_P041_T1map.mat
2023_test_P043_T1map.mat
2023_test_P044_T1map.mat
2023_test_P045_T1map.mat
2023_test_P046_T1map.mat
2023_test_P047_T1map.mat
2023_test_P048_T1map.mat
2023_test_P049_T1map.mat
2023_test_P050_T1map.mat
2023_test_P051_T1map.mat
2023_test_P052_T1map.mat
2023_test_P054_T1map.mat
2023_test_P055_T1map.mat
2023_test_P056_T1map.mat
2023_test_P057_T1map.mat
2023_test_P058_T1map.mat
2023_test_P059_T1map.mat
2023_test_P060_T1map.mat
2023_test_P061_T1map.mat
2023_test_P062_T1map.mat
2023_test_P063_T1map.mat
2023_test_P064_T1map.mat
2023_test_P065_T1map.mat
2023_test_P066_T1map.mat
2023_test_P067_T1map.mat
2023_test_P068_T1map.mat
2023_test_P069_T1map.mat
2023_test_P070_T1map.mat
2023_test_P071_T1map.mat
2023_test_P072_T1map.mat
2023_test_P075_T1map.mat
2023_test_P076_T1map.mat
2023_test_P077_T1map.mat
2023_test_P079_T1map.mat
2023_test_P080_T1map.mat
2023_test_P081_T1map.mat
2023_test_P082_T1map.mat
2023_test_P084_T1map.mat
2023_test_P085_T1map.mat
2023_test_P086_T1map.mat
2023_test_P087_T1map.mat
2023_test_P088_T1map.mat
2023_test_P089_T1map.mat
2023_test_P090_T1map.mat
2023_test_P091_T1map.mat
2023_test_P092_T1map.mat
2023_test_P093_T1map.mat
2023_test_P094_T1map.mat
2023_test_P095_T1map.mat
2023_test_P096_T1map.mat
2023_test_P097_T1map.mat
2023_test_P098_T1map.mat
2023_test_P099_T1map.mat
2023_test_P101_T1map.mat
2023_test_P102_T1map.mat
2023_test_P103_T1map.mat
2023_test_P104_T1map.mat
2023_test_P106_T1map.mat
2023_test_P107_T1map.mat
2023_test_P108_T1map.mat
2023_test_P109_T1map.mat
2023_test_P110_T1map.mat
2023_test_P111_T1map.mat
2023_test_P112_T1map.mat
2023_test_P113_T1map.mat
2023_test_P114_T1map.mat
2023_test_P115_T1map.mat
2023_test_P116_T1map.mat
2023_test_P117_T1map.mat
2023_test_P118_T1map.mat
2023_test_P119_T1map.mat
2023_test_P120_T1map.mat
2023_train_P001_T1map.mat
2023_train_P002_T1map.mat
2023_train_P003_T1map.mat
2023_train_P004_T1map.mat
2023_train_P005_T1map.mat
2023_train_P006_T1map.mat
2023_train_P007_T1map.mat
2023_train_P008_T1map.mat
2023_train_P009_T1map.mat
2023_train_P010_T1map.mat
2023_train_P011_T1map.mat
2023_train_P012_T1map.mat
2023_train_P013_T1map.mat
2023_train_P014_T1map.mat
2023_train_P015_T1map.mat
2023_train_P016_T1map.mat
2023_train_P017_T1map.mat
2023_train_P018_T1map.mat
2023_train_P019_T1map.mat
2023_train_P020_T1map.mat
2023_train_P021_T1map.mat
2023_train_P022_T1map.mat
2023_train_P023_T1map.mat
2023_train_P024_T1map.mat
2023_train_P025_T1map.mat
2023_train_P026_T1map.mat
2023_train_P027_T1map.mat
2023_train_P028_T1map.mat
2023_train_P029_T1map.mat
2023_train_P030_T1map.mat
2023_train_P031_T1map.mat
2023_train_P032_T1map.mat
2023_train_P033_T1map.mat
2023_train_P034_T1map.mat
2023_train_P035_T1map.mat
2023_train_P036_T1map.mat
2023_train_P037_T1map.mat
2023_train_P038_T1map.mat
2023_train_P039_T1map.mat
2023_train_P040_T1map.mat
2023_train_P041_T1map.mat
2023_train_P042_T1map.mat
2023_train_P043_T1map.mat
2023_train_P044_T1map.mat
2023_train_P045_T1map.mat
2023_train_P046_T1map.mat
2023_train_P047_T1map.mat
2023_train_P048_T1map.mat
2023_train_P049_T1map.mat
2023_train_P050_T1map.mat
2023_train_P051_T1map.mat
2023_train_P052_T1map.mat
2023_train_P053_T1map.mat
2023_train_P054_T1map.mat
2023_train_P055_T1map.mat
2023_train_P056_T1map.mat
2023_train_P057_T1map.mat
2023_train_P058_T1map.mat
2023_train_P059_T1map.mat
2023_train_P060_T1map.mat
2023_train_P061_T1map.mat
2023_train_P062_T1map.mat
2023_train_P063_T1map.mat
2023_train_P064_T1map.mat
2023_train_P065_T1map.mat
2023_train_P066_T1map.mat
2023_train_P067_T1map.mat
2023_train_P068_T1map.mat
2023_train_P069_T1map.mat
2023_train_P070_T1map.mat
2023_train_P071_T1map.mat
2023_train_P072_T1map.mat
2023_train_P073_T1map.mat
2023_train_P074_T1map.mat
2023_train_P075_T1map.mat
2023_train_P076_T1map.mat
2023_train_P077_T1map.mat
2023_train_P078_T1map.mat
2023_train_P079_T1map.mat
2023_train_P080_T1map.mat
2023_train_P081_T1map.mat
2023_train_P082_T1map.mat
2023_train_P083_T1map.mat
2023_train_P084_T1map.mat
2023_train_P085_T1map.mat
2023_train_P086_T1map.mat
2023_train_P087_T1map.mat
2023_train_P088_T1map.mat
2023_train_P089_T1map.mat
2023_train_P090_T1map.mat
2023_train_P091_T1map.mat
2023_train_P092_T1map.mat
2023_train_P093_T1map.mat
2023_train_P094_T1map.mat
2023_train_P095_T1map.mat
2023_train_P096_T1map.mat
2023_train_P097_T1map.mat
2023_train_P098_T1map.mat
2023_train_P099_T1map.mat
2023_train_P100_T1map.mat
2023_train_P101_T1map.mat
2023_train_P102_T1map.mat
2023_train_P103_T1map.mat
2023_train_P104_T1map.mat
2023_train_P105_T1map.mat
2023_train_P106_T1map.mat
2023_train_P107_T1map.mat
2023_train_P108_T1map.mat
2023_train_P109_T1map.mat
2023_train_P110_T1map.mat
2023_train_P111_T1map.mat
2023_train_P112_T1map.mat
2023_train_P113_T1map.mat
2023_train_P114_T1map.mat
2023_train_P115_T1map.mat
2023_train_P116_T1map.mat
2023_train_P117_T1map.mat
2023_train_P118_T1map.mat
2023_train_P119_T1map.mat
2023_train_P120_T1map.mat
2023_val_P001_T1map.mat
2023_val_P002_T1map.mat
2023_val_P003_T1map.mat
2023_val_P004_T1map.mat
2023_val_P005_T1map.mat
2023_val_P006_T1map.mat
2023_val_P007_T1map.mat
2023_val_P009_T1map.mat
2023_val_P010_T1map.mat
2023_val_P011_T1map.mat
2023_val_P012_T1map.mat
2023_val_P013_T1map.mat
2023_val_P014_T1map.mat
2023_val_P015_T1map.mat
2023_val_P016_T1map.mat
2023_val_P017_T1map.mat
2023_val_P018_T1map.mat
2023_val_P019_T1map.mat
2023_val_P020_T1map.mat
2023_val_P021_T1map.mat
2023_val_P022_T1map.mat
2023_val_P023_T1map.mat
2023_val_P024_T1map.mat
2023_val_P025_T1map.mat
2023_val_P026_T1map.mat
2023_val_P027_T1map.mat
2023_val_P028_T1map.mat
2023_val_P029_T1map.mat
2023_val_P030_T1map.mat
2023_val_P031_T1map.mat
2023_val_P032_T1map.mat
2023_val_P033_T1map.mat
2023_val_P034_T1map.mat
2023_val_P035_T1map.mat
2023_val_P036_T1map.mat
2023_val_P037_T1map.mat
2023_val_P038_T1map.mat
2023_val_P039_T1map.mat
2023_val_P040_T1map.mat
2023_val_P041_T1map.mat
2023_val_P042_T1map.mat
2023_val_P043_T1map.mat
2023_val_P044_T1map.mat
2023_val_P045_T1map.mat
2023_val_P046_T1map.mat
2023_val_P047_T1map.mat
2023_val_P048_T1map.mat
2023_val_P049_T1map.mat
2023_val_P050_T1map.mat
2023_val_P051_T1map.mat
2023_val_P052_T1map.mat
2023_val_P053_T1map.mat
2023_val_P054_T1map.mat
2023_val_P055_T1map.mat
2023_val_P056_T1map.mat
2023_val_P057_T1map.mat
2023_val_P058_T1map.mat
2023_val_P059_T1map.mat
2023_val_P060_T1map.mat
2024_test_P001_T1map.mat
2024_test_P002_T1map.mat
2024_test_P003_T1map.mat
2024_test_P004_T1map.mat
2024_test_P005_T1map.mat
2024_test_P006_T1map.mat
2024_test_P007_T1map.mat
2024_test_P008_T1map.mat
2024_test_P009_T1map.mat
2024_test_P010_T1map.mat
2024_test_P011_T1map.mat
2024_test_P012_T1map.mat
2024_test_P013_T1map.mat
2024_test_P014_T1map.mat
2024_test_P015_T1map.mat
2024_test_P016_T1map.mat
2024_test_P017_T1map.mat
2024_test_P019_T1map.mat
2024_test_P020_T1map.mat
2024_test_P021_T1map.mat
2024_test_P022_T1map.mat
2024_test_P023_T1map.mat
2024_test_P025_T1map.mat
2024_test_P026_T1map.mat
2024_test_P027_T1map.mat
2024_test_P028_T1map.mat
2024_test_P029_T1map.mat
2024_test_P030_T1map.mat
2024_test_P031_T1map.mat
2024_test_P032_T1map.mat
2024_test_P033_T1map.mat
2024_test_P034_T1map.mat
2024_test_P035_T1map.mat
2024_test_P036_T1map.mat
2024_test_P037_T1map.mat
2024_test_P038_T1map.mat
2024_test_P039_T1map.mat
2024_test_P040_T1map.mat
2024_test_P041_T1map.mat
2024_test_P042_T1map.mat
2024_test_P043_T1map.mat
2024_test_P044_T1map.mat
2024_test_P045_T1map.mat
2024_test_P046_T1map.mat
2024_test_P047_T1map.mat
2024_test_P048_T1map.mat
2024_test_P049_T1map.mat
2024_test_P050_T1map.mat
2024_test_P051_T1map.mat
2024_test_P052_T1map.mat
2024_test_P053_T1map.mat
2024_test_P054_T1map.mat
2024_test_P055_T1map.mat
2024_test_P056_T1map.mat
2024_test_P057_T1map.mat
2024_test_P058_T1map.mat
2024_test_P059_T1map.mat
2024_test_P060_T1map.mat
2024_test_P061_T1map.mat
2024_test_P062_T1map.mat
2024_test_P063_T1map.mat
2024_test_P064_T1map.mat
2024_test_P065_T1map.mat
2024_test_P066_T1map.mat
2024_test_P067_T1map.mat
2024_test_P068_T1map.mat
2024_test_P069_T1map.mat
2024_test_P070_T1map.mat
2024_train_P001_T1map.mat
2024_train_P002_T1map.mat
2024_train_P003_T1map.mat
2024_train_P004_T1map.mat
2024_train_P005_T1map.mat
2024_train_P006_T1map.mat
2024_train_P007_T1map.mat
2024_train_P009_T1map.mat
2024_train_P010_T1map.mat
2024_train_P011_T1map.mat
2024_train_P012_T1map.mat
2024_train_P013_T1map.mat
2024_train_P014_T1map.mat
2024_train_P015_T1map.mat
2024_train_P016_T1map.mat
2024_train_P017_T1map.mat
2024_train_P018_T1map.mat
2024_train_P019_T1map.mat
2024_train_P020_T1map.mat
2024_train_P021_T1map.mat
2024_train_P022_T1map.mat
2024_train_P023_T1map.mat
2024_train_P024_T1map.mat
2024_train_P025_T1map.mat
2024_train_P026_T1map.mat
2024_train_P027_T1map.mat
2024_train_P028_T1map.mat
2024_train_P029_T1map.mat
2024_train_P030_T1map.mat
2024_train_P031_T1map.mat
2024_train_P032_T1map.mat
2024_train_P033_T1map.mat
2024_train_P034_T1map.mat
2024_train_P035_T1map.mat
2024_train_P036_T1map.mat
2024_train_P037_T1map.mat
2024_train_P038_T1map.mat
2024_train_P039_T1map.mat
2024_train_P040_T1map.mat
2024_train_P041_T1map.mat
2024_train_P042_T1map.mat
2024_train_P043_T1map.mat
2024_train_P044_T1map.mat
2024_train_P045_T1map.mat
2024_train_P046_T1map.mat
2024_train_P047_T1map.mat
2024_train_P048_T1map.mat
2024_train_P049_T1map.mat
2024_train_P050_T1map.mat
2024_train_P051_T1map.mat
2024_train_P052_T1map.mat
2024_train_P053_T1map.mat
2024_train_P054_T1map.mat
2024_train_P055_T1map.mat
2024_train_P057_T1map.mat
2024_train_P058_T1map.mat
2024_train_P059_T1map.mat
2024_train_P060_T1map.mat
2024_train_P061_T1map.mat
2024_train_P062_T1map.mat
2024_train_P063_T1map.mat
2024_train_P064_T1map.mat
2024_train_P065_T1map.mat
2024_train_P066_T1map.mat
2024_train_P067_T1map.mat
2024_train_P068_T1map.mat
2024_train_P069_T1map.mat
2024_train_P070_T1map.mat
2024_train_P071_T1map.mat
2024_train_P072_T1map.mat
2024_train_P073_T1map.mat
2024_train_P074_T1map.mat
2024_train_P075_T1map.mat
2024_train_P076_T1map.mat
2024_train_P078_T1map.mat
2024_train_P079_T1map.mat
2024_train_P080_T1map.mat
2024_train_P081_T1map.mat
2024_train_P082_T1map.mat
2024_train_P083_T1map.mat
2024_train_P084_T1map.mat
2024_train_P085_T1map.mat
2024_train_P086_T1map.mat
2024_train_P087_T1map.mat
2024_train_P088_T1map.mat
2024_train_P089_T1map.mat
2024_train_P091_T1map.mat
2024_train_P092_T1map.mat
2024_train_P093_T1map.mat
2024_train_P094_T1map.mat
2024_train_P095_T1map.mat
2024_train_P096_T1map.mat
2024_train_P097_T1map.mat
2024_train_P098_T1map.mat
2024_train_P099_T1map.mat
2024_train_P100_T1map.mat
2024_train_P101_T1map.mat
2024_train_P103_T1map.mat
2024_train_P104_T1map.mat
2024_train_P105_T1map.mat
2024_train_P106_T1map.mat
2024_train_P107_T1map.mat
2024_train_P108_T1map.mat
2024_train_P109_T1map.mat
2024_train_P110_T1map.mat
2024_train_P111_T1map.mat
2024_train_P112_T1map.mat
2024_train_P113_T1map.mat
2024_train_P114_T1map.mat
2024_train_P115_T1map.mat
2024_train_P116_T1map.mat
2024_train_P117_T1map.mat
2024_train_P118_T1map.mat
2024_train_P119_T1map.mat
2024_train_P120_T1map.mat
2024_train_P122_T1map.mat
2024_train_P123_T1map.mat
2024_train_P124_T1map.mat
2024_train_P125_T1map.mat
2024_train_P126_T1map.mat
2024_train_P127_T1map.mat
2024_train_P128_T1map.mat
2024_train_P129_T1map.mat
2024_train_P130_T1map.mat
2024_train_P131_T1map.mat
2024_train_P132_T1map.mat
2024_train_P133_T1map.mat
2024_train_P134_T1map.mat
2024_train_P135_T1map.mat
2024_train_P136_T1map.mat
2024_train_P137_T1map.mat
2024_train_P139_T1map.mat
2024_train_P140_T1map.mat
2024_train_P141_T1map.mat
2024_train_P142_T1map.mat
2024_train_P143_T1map.mat
2024_train_P144_T1map.mat
2024_train_P145_T1map.mat
2024_train_P146_T1map.mat
2024_train_P147_T1map.mat
2024_train_P148_T1map.mat
2024_train_P149_T1map.mat
2024_train_P150_T1map.mat
2024_train_P151_T1map.mat
2024_train_P152_T1map.mat
2024_train_P153_T1map.mat
2024_train_P154_T1map.mat
2024_train_P155_T1map.mat
2024_train_P156_T1map.mat
2024_train_P157_T1map.mat
2024_train_P158_T1map.mat
2024_train_P159_T1map.mat
2024_train_P160_T1map.mat
2024_train_P161_T1map.mat
2024_train_P162_T1map.mat
2024_train_P163_T1map.mat
2024_train_P164_T1map.mat
2024_train_P165_T1map.mat
2024_train_P166_T1map.mat
2024_train_P167_T1map.mat
2024_train_P168_T1map.mat
2024_train_P169_T1map.mat
2024_train_P170_T1map.mat
2024_train_P171_T1map.mat
2024_train_P172_T1map.mat
2024_train_P173_T1map.mat
2024_train_P174_T1map.mat
2024_train_P175_T1map.mat
2024_train_P176_T1map.mat
2024_train_P177_T1map.mat
2024_train_P178_T1map.mat
2024_train_P179_T1map.mat
2024_train_P180_T1map.mat
2024_train_P181_T1map.mat
2024_train_P182_T1map.mat
2024_train_P183_T1map.mat
2024_train_P184_T1map.mat
2024_train_P185_T1map.mat
2024_train_P186_T1map.mat
2024_train_P187_T1map.mat
2024_train_P188_T1map.mat
2024_train_P189_T1map.mat
2024_train_P190_T1map.mat
2024_train_P191_T1map.mat
2024_train_P192_T1map.mat
2024_train_P193_T1map.mat
2024_train_P194_T1map.mat
2024_train_P195_T1map.mat
2024_train_P196_T1map.mat
2024_train_P197_T1map.mat
2024_train_P198_T1map.mat
2024_train_P199_T1map.mat
2024_train_P200_T1map.mat
2024_val_P001_T1map.mat
2024_val_P002_T1map.mat
2024_val_P003_T1map.mat
2024_val_P004_T1map.mat
2024_val_P005_T1map.mat
2024_val_P006_T1map.mat
2024_val_P007_T1map.mat
2024_val_P008_T1map.mat
2024_val_P009_T1map.mat
2024_val_P010_T1map.mat
2024_val_P011_T1map.mat
2024_val_P012_T1map.mat
2024_val_P013_T1map.mat
2024_val_P014_T1map.mat
2024_val_P015_T1map.mat
2024_val_P016_T1map.mat
2024_val_P017_T1map.mat
2024_val_P018_T1map.mat
2024_val_P019_T1map.mat
2024_val_P020_T1map.mat
2024_val_P021_T1map.mat
2024_val_P022_T1map.mat
2024_val_P023_T1map.mat
2024_val_P024_T1map.mat
2024_val_P025_T1map.mat
2024_val_P026_T1map.mat
2024_val_P027_T1map.mat
2024_val_P028_T1map.mat
2024_val_P029_T1map.mat
2024_val_P030_T1map.mat
2024_val_P031_T1map.mat
2024_val_P032_T1map.mat
2024_val_P033_T1map.mat
2024_val_P034_T1map.mat
2024_val_P035_T1map.mat
2024_val_P036_T1map.mat
2024_val_P037_T1map.mat
2024_val_P038_T1map.mat
2024_val_P039_T1map.mat
2024_val_P040_T1map.mat
2024_val_P041_T1map.mat
2024_val_P042_T1map.mat
2024_val_P043_T1map.mat
2024_val_P044_T1map.mat
2024_val_P045_T1map.mat
2024_val_P046_T1map.mat
2024_val_P047_T1map.mat
2024_val_P048_T1map.mat
2024_val_P049_T1map.mat
2024_val_P050_T1map.mat
2024_val_P051_T1map.mat
2024_val_P052_T1map.mat
2024_val_P053_T1map.mat
2024_val_P054_T1map.mat
2024_val_P055_T1map.mat
2024_val_P056_T1map.mat
2024_val_P057_T1map.mat
2024_val_P058_T1map.mat
2024_val_P059_T1map.mat
2024_val_P060_T1map.mat
2024_test_P001_flow2d.mat
2024_test_P002_flow2d.mat
2024_test_P003_flow2d.mat
2024_test_P004_flow2d.mat
2024_test_P005_flow2d.mat
2024_test_P006_flow2d.mat
2024_test_P007_flow2d.mat
2024_test_P008_flow2d.mat
2024_test_P009_flow2d.mat
2024_test_P010_flow2d.mat
2024_test_P011_flow2d.mat
2024_test_P012_flow2d.mat
2024_test_P013_flow2d.mat
2024_test_P015_flow2d.mat
2024_test_P016_flow2d.mat
2024_test_P017_flow2d.mat
2024_test_P019_flow2d.mat
2024_test_P020_flow2d.mat
2024_test_P021_flow2d.mat
2024_test_P022_flow2d.mat
2024_test_P023_flow2d.mat
2024_test_P024_flow2d.mat
2024_test_P026_flow2d.mat
2024_test_P027_flow2d.mat
2024_test_P028_flow2d.mat
2024_test_P029_flow2d.mat
2024_test_P030_flow2d.mat
2024_test_P031_flow2d.mat
2024_test_P032_flow2d.mat
2024_test_P033_flow2d.mat
2024_test_P034_flow2d.mat
2024_test_P035_flow2d.mat
2024_test_P036_flow2d.mat
2024_test_P037_flow2d.mat
2024_test_P038_flow2d.mat
2024_test_P039_flow2d.mat
2024_test_P040_flow2d.mat
2024_test_P041_flow2d.mat
2024_test_P042_flow2d.mat
2024_test_P043_flow2d.mat
2024_test_P044_flow2d.mat
2024_test_P045_flow2d.mat
2024_test_P046_flow2d.mat
2024_test_P047_flow2d.mat
2024_test_P048_flow2d.mat
2024_test_P049_flow2d.mat
2024_test_P050_flow2d.mat
2024_test_P051_flow2d.mat
2024_test_P052_flow2d.mat
2024_test_P053_flow2d.mat
2024_test_P054_flow2d.mat
2024_test_P055_flow2d.mat
2024_test_P056_flow2d.mat
2024_test_P057_flow2d.mat
2024_test_P058_flow2d.mat
2024_test_P059_flow2d.mat
2024_test_P060_flow2d.mat
2024_test_P061_flow2d.mat
2024_test_P062_flow2d.mat
2024_test_P063_flow2d.mat
2024_test_P064_flow2d.mat
2024_test_P065_flow2d.mat
2024_test_P066_flow2d.mat
2024_test_P067_flow2d.mat
2024_test_P068_flow2d.mat
2024_test_P069_flow2d.mat
2024_test_P070_flow2d.mat
2024_val_P001_flow2d.mat
2024_val_P002_flow2d.mat
2024_val_P003_flow2d.mat
2024_val_P004_flow2d.mat
2024_val_P005_flow2d.mat
2024_val_P006_flow2d.mat
2024_val_P007_flow2d.mat
2024_val_P008_flow2d.mat
2024_val_P009_flow2d.mat
2024_val_P010_flow2d.mat
2024_val_P011_flow2d.mat
2024_val_P012_flow2d.mat
2024_val_P013_flow2d.mat
2024_val_P014_flow2d.mat
2024_val_P015_flow2d.mat
2024_val_P016_flow2d.mat
2024_val_P017_flow2d.mat
2024_val_P018_flow2d.mat
2024_val_P019_flow2d.mat
2024_val_P020_flow2d.mat
2024_val_P021_flow2d.mat
2024_val_P022_flow2d.mat
2024_val_P023_flow2d.mat
2024_val_P024_flow2d.mat
2024_val_P025_flow2d.mat
2024_val_P026_flow2d.mat
2024_val_P027_flow2d.mat
2024_val_P028_flow2d.mat
2024_val_P029_flow2d.mat
2024_val_P030_flow2d.mat
2024_val_P031_flow2d.mat
2024_val_P032_flow2d.mat
2024_val_P034_flow2d.mat
2024_val_P035_flow2d.mat
2024_val_P036_flow2d.mat
2024_val_P037_flow2d.mat
2024_val_P038_flow2d.mat
2024_val_P039_flow2d.mat
2024_val_P040_flow2d.mat
2024_val_P041_flow2d.mat
2024_val_P042_flow2d.mat
2024_val_P043_flow2d.mat
2024_val_P044_flow2d.mat
2024_val_P045_flow2d.mat
2024_val_P047_flow2d.mat
2024_val_P048_flow2d.mat
2024_val_P049_flow2d.mat
2024_val_P050_flow2d.mat
2024_val_P051_flow2d.mat
2024_val_P052_flow2d.mat
2024_val_P053_flow2d.mat
2024_val_P054_flow2d.mat
2024_val_P055_flow2d.mat
2024_val_P056_flow2d.mat
2024_val_P057_flow2d.mat
2024_val_P058_flow2d.mat
2024_val_P059_flow2d.mat
2024_val_P060_flow2d.mat
