2025_train_Center002_Siemens_30T_CIMA.X_P003_T2map.mat
2025_train_Center002_Siemens_30T_CIMA.X_P007_T2map.mat
2025_train_Center002_Siemens_30T_CIMA.X_P015_T2map.mat
2025_train_Center002_Siemens_30T_CIMA.X_P020_T2map.mat
2025_train_Center005_Siemens_30T_Vida_P001_T2map.mat
2025_train_Center005_Siemens_30T_Vida_P010_T2map.mat
2025_train_Center005_Siemens_30T_Vida_P003_T2map.mat
2025_train_Center005_Siemens_30T_Vida_P007_T2map.mat
2025_train_Center005_Siemens_30T_Vida_P009_T2map.mat
2025_train_Center005_Siemens_30T_Vida_P014_T2map.mat
2025_train_Center005_Siemens_30T_Vida_P014_lge_lax.mat
2025_train_Center005_Siemens_30T_Vida_P014_lge_sax.mat
2025_train_Center006_Siemens_30T_Prisma_P001_T2map.mat
2025_train_Center006_Siemens_30T_Prisma_P001_flow2d.mat
2025_train_Center006_Siemens_30T_Prisma_P004_flow2d.mat
2025_train_Center006_Siemens_30T_Prisma_P012_flow2d.mat
2025_train_Center006_Siemens_30T_Prisma_P022_flow2d.mat
2025_train_Center006_Siemens_30T_Prisma_P037_flow2d.mat
2025_train_Center006_Siemens_30T_Prisma_P039_flow2d.mat
2025_train_Center006_Siemens_30T_Prisma_P002_flow2d.mat
2025_train_Center006_Siemens_30T_Prisma_P020_flow2d.mat
2025_train_Center006_Siemens_30T_Prisma_P028_flow2d.mat
2025_train_Center006_Siemens_30T_Prisma_P004_T2map.mat
2025_train_Center006_Siemens_30T_Prisma_P005_flow2d.mat
2025_train_Center006_Siemens_30T_Prisma_P014_flow2d.mat
2025_train_Center006_Siemens_30T_Prisma_P019_flow2d.mat
2025_train_Center006_Siemens_30T_Prisma_P026_flow2d.mat
2025_train_Center006_Siemens_30T_Prisma_P031_flow2d.mat
2025_train_Center006_Siemens_30T_Prisma_P033_flow2d.mat
2025_train_Center006_Siemens_30T_Prisma_P035_flow2d.mat
2025_train_Center006_Siemens_30T_Prisma_P006_flow2d.mat
2025_train_Center006_Siemens_30T_Prisma_P029_flow2d.mat
2025_train_Center006_Siemens_30T_Prisma_P034_flow2d.mat
2025_train_Center006_Siemens_30T_Prisma_P011_flow2d.mat
2025_train_Center006_Siemens_30T_Prisma_P030_flow2d.mat
2025_train_Center006_Siemens_30T_Prisma_P012_T2map.mat
2025_train_Center006_Siemens_30T_Prisma_P013_flow2d.mat
2025_train_Center006_Siemens_30T_Prisma_P015_flow2d.mat
2025_train_Center006_Siemens_30T_Prisma_P017_flow2d.mat
2025_train_Center006_Siemens_30T_Prisma_P025_flow2d.mat
2025_train_Center006_Siemens_30T_Prisma_P027_flow2d.mat
2025_train_Center006_Siemens_30T_Prisma_P032_flow2d.mat
2025_train_Center006_Siemens_30T_Prisma_P015_T2map.mat
2025_train_Center006_Siemens_30T_Prisma_P019_T2map.mat
2025_train_Center006_Siemens_30T_Prisma_P031_T2map.mat
2025_train_Center006_Siemens_30T_Prisma_P022_T2map.mat
2025_train_Center006_Siemens_30T_Prisma_P025_T2map.mat
2025_train_Center006_Siemens_30T_Prisma_P029_T2map.mat
2025_train_Center006_Siemens_30T_Prisma_P032_T2map.mat
2025_train_Center006_Siemens_30T_Prisma_P033_T2map.mat
2025_train_Center006_Siemens_30T_Prisma_P035_T2map.mat
2025_train_Center006_Siemens_30T_Prisma_P036_T2map.mat
2025_train_Center006_Siemens_30T_Prisma_P038_T2map.mat
