2025_train_Center001_UIH_30T_umr780_P001_T2map.mat
2025_train_Center001_UIH_30T_umr780_P013_T2map.mat
2025_train_Center001_UIH_30T_umr780_P018_T2map.mat
2025_train_Center001_UIH_30T_umr780_P027_T2map.mat
2025_train_Center001_UIH_30T_umr780_P043_T2map.mat
2025_train_Center001_UIH_30T_umr780_P053_T2map.mat
2025_train_Center001_UIH_30T_umr780_P061_T2map.mat
2025_train_Center002_UIH_30T_umr880_P003_T2map.mat
2025_train_Center002_UIH_30T_umr880_P009_T2map.mat
2025_train_Center001_UIH_30T_umr780_P001_lge_lax_2ch.mat
2025_train_Center001_UIH_30T_umr780_P014_lge_lax_2ch.mat
2025_train_Center001_UIH_30T_umr780_P029_lge_lax_2ch.mat
2025_train_Center001_UIH_30T_umr780_P031_lge_lax_2ch.mat
2025_train_Center001_UIH_30T_umr780_P034_lge_lax_2ch.mat
2025_train_Center001_UIH_30T_umr780_P049_lge_lax_4ch.mat
2025_train_Center001_UIH_30T_umr780_P053_lge_lax_2ch.mat
2025_train_Center001_UIH_30T_umr780_P055_lge_lax_2ch.mat
2025_train_Center001_UIH_30T_umr780_P056_lge_lax_2ch.mat
2025_train_Center002_UIH_30T_umr880_P002_lge_lax_2ch.mat
2025_train_Center002_UIH_30T_umr880_P006_lge_lax_2ch.mat
2025_train_Center002_UIH_30T_umr880_P007_lge_lax_3ch.mat
2025_train_Center002_UIH_30T_umr880_P007_lge_lax_4ch.mat
2025_train_Center002_UIH_30T_umr880_P008_lge_lax_2ch.mat
2025_train_Center002_UIH_30T_umr880_P008_lge_lax_3ch.mat
2025_train_Center002_UIH_30T_umr880_P009_lge_sax.mat
2025_train_Center002_UIH_30T_umr880_P010_lge_lax_3ch.mat
2025_train_Center003_UIH_30T_umr880_P004_lge_lax_2ch.mat
2025_train_Center003_UIH_30T_umr880_P004_lge_lax_4ch.mat
2025_train_Center003_UIH_30T_umr880_P010_lge_sax.mat
2025_train_Center003_UIH_30T_umr880_P011_lge_lax_2ch.mat
2025_train_Center003_UIH_30T_umr880_P012_lge_lax_4ch.mat
2025_train_Center003_UIH_30T_umr880_P015_lge_lax_4ch.mat
2025_train_Center003_UIH_30T_umr880_P017_lge_lax_2ch.mat
2025_train_Center003_UIH_30T_umr880_P018_lge_lax_2ch.mat
2025_train_Center003_UIH_30T_umr880_P020_lge_lax_2ch.mat
2025_train_Center003_UIH_30T_umr880_P022_lge_lax_2ch.mat
2025_train_Center003_UIH_30T_umr880_P023_lge_lax_2ch.mat
2025_train_Center003_UIH_30T_umr880_P025_lge_lax_2ch.mat
2025_train_Center006_UIH_30T_umr790_P001_lge_sax.mat
2025_train_Center006_UIH_30T_umr790_P002_lge_lax_3ch.mat
2025_train_Center006_UIH_30T_umr790_P002_lge_lax_4ch.mat
2025_train_Center001_UIH_30T_umr780_P001_lge_lax_4ch.mat
2025_train_Center001_UIH_30T_umr780_P009_lge_lax_2ch.mat
2025_train_Center001_UIH_30T_umr780_P029_lge_lax_4ch.mat
2025_train_Center001_UIH_30T_umr780_P031_lge_lax_4ch.mat
2025_train_Center001_UIH_30T_umr780_P033_lge_lax_2ch.mat
2025_train_Center001_UIH_30T_umr780_P033_lge_lax_4ch.mat
2025_train_Center001_UIH_30T_umr780_P042_lge_lax_2ch.mat
2025_train_Center001_UIH_30T_umr780_P051_lge_lax_4ch.mat
2025_train_Center001_UIH_30T_umr780_P057_lge_lax_2ch.mat
2025_train_Center001_UIH_30T_umr780_P058_lge_lax_2ch.mat
2025_train_Center001_UIH_30T_umr780_P060_lge_lax_4ch.mat
2025_train_Center001_UIH_30T_umr780_P061_lge_lax_2ch.mat
2025_train_Center001_UIH_30T_umr780_P061_lge_lax_4ch.mat
2025_train_Center002_UIH_30T_umr880_P003_lge_lax_3ch.mat
2025_train_Center002_UIH_30T_umr880_P008_lge_sax.mat
2025_train_Center002_UIH_30T_umr880_P010_lge_lax_2ch.mat
2025_train_Center003_UIH_30T_umr880_P006_lge_lax_4ch.mat
2025_train_Center003_UIH_30T_umr880_P009_lge_lax_2ch.mat
2025_train_Center003_UIH_30T_umr880_P015_lge_lax_2ch.mat
2025_train_Center006_UIH_30T_umr790_P001_lge_lax_2ch.mat
2025_train_Center001_UIH_30T_umr780_P002_T2map.mat
2025_train_Center001_UIH_30T_umr780_P040_T2map.mat
2025_train_Center001_UIH_30T_umr780_P003_T2map.mat
2025_train_Center001_UIH_30T_umr780_P010_T2map.mat
2025_train_Center001_UIH_30T_umr780_P015_T2map.mat
2025_train_Center001_UIH_30T_umr780_P017_T2map.mat
2025_train_Center001_UIH_30T_umr780_P019_T2map.mat
2025_train_Center001_UIH_30T_umr780_P054_T2map.mat
2025_train_Center001_UIH_30T_umr780_P060_T2map.mat
2025_train_Center002_UIH_30T_umr880_P005_T2map.mat
2025_train_Center002_UIH_30T_umr880_P007_T2map.mat
2025_train_Center001_UIH_30T_umr780_P004_T2map.mat
2025_train_Center001_UIH_30T_umr780_P005_T2map.mat
2025_train_Center001_UIH_30T_umr780_P011_T2map.mat
2025_train_Center001_UIH_30T_umr780_P020_T2map.mat
2025_train_Center001_UIH_30T_umr780_P006_T2map.mat
2025_train_Center001_UIH_30T_umr780_P014_T2map.mat
2025_train_Center001_UIH_30T_umr780_P021_T2map.mat
2025_train_Center001_UIH_30T_umr780_P031_T2map.mat
2025_train_Center001_UIH_30T_umr780_P032_T2map.mat
2025_train_Center001_UIH_30T_umr780_P033_T2map.mat
2025_train_Center001_UIH_30T_umr780_P034_T2map.mat
2025_train_Center001_UIH_30T_umr780_P046_T2map.mat
2025_train_Center001_UIH_30T_umr780_P051_T2map.mat
2025_train_Center001_UIH_30T_umr780_P055_T2map.mat
2025_train_Center002_UIH_30T_umr880_P006_T2map.mat
2025_train_Center001_UIH_30T_umr780_P006_lge_lax_4ch.mat
2025_train_Center001_UIH_30T_umr780_P010_lge_lax_4ch.mat
2025_train_Center001_UIH_30T_umr780_P011_lge_lax_2ch.mat
2025_train_Center001_UIH_30T_umr780_P034_lge_lax_4ch.mat
2025_train_Center001_UIH_30T_umr780_P036_lge_lax_4ch.mat
2025_train_Center001_UIH_30T_umr780_P043_lge_lax_2ch.mat
2025_train_Center001_UIH_30T_umr780_P049_lge_lax_2ch.mat
2025_train_Center001_UIH_30T_umr780_P053_lge_lax_4ch.mat
2025_train_Center001_UIH_30T_umr780_P054_lge_lax_2ch.mat
2025_train_Center001_UIH_30T_umr780_P057_lge_lax_4ch.mat
2025_train_Center002_UIH_30T_umr880_P002_lge_sax.mat
2025_train_Center002_UIH_30T_umr880_P003_lge_lax_2ch.mat
2025_train_Center002_UIH_30T_umr880_P003_lge_sax.mat
2025_train_Center002_UIH_30T_umr880_P005_lge_lax_2ch.mat
2025_train_Center002_UIH_30T_umr880_P009_lge_lax_4ch.mat
2025_train_Center003_UIH_30T_umr880_P008_lge_lax_2ch.mat
2025_train_Center003_UIH_30T_umr880_P010_lge_lax_2ch.mat
2025_train_Center003_UIH_30T_umr880_P012_lge_lax_2ch.mat
2025_train_Center003_UIH_30T_umr880_P017_lge_lax_4ch.mat
2025_train_Center003_UIH_30T_umr880_P024_lge_lax_2ch.mat
2025_train_Center006_UIH_30T_umr790_P003_lge_lax_2ch.mat
2025_train_Center001_UIH_30T_umr780_P009_T2map.mat
2025_train_Center001_UIH_30T_umr780_P009_lge_lax_4ch.mat
2025_train_Center001_UIH_30T_umr780_P054_lge_lax_4ch.mat
2025_train_Center001_UIH_30T_umr780_P060_lge_lax_2ch.mat
2025_train_Center002_UIH_30T_umr880_P003_lge_lax_4ch.mat
2025_train_Center002_UIH_30T_umr880_P005_lge_lax_3ch.mat
2025_train_Center002_UIH_30T_umr880_P006_lge_lax_3ch.mat
2025_train_Center002_UIH_30T_umr880_P007_lge_lax_2ch.mat
2025_train_Center002_UIH_30T_umr880_P009_lge_lax_3ch.mat
2025_train_Center002_UIH_30T_umr880_P010_lge_lax_4ch.mat
2025_train_Center003_UIH_30T_umr880_P008_lge_lax_4ch.mat
2025_train_Center003_UIH_30T_umr880_P018_lge_lax_4ch.mat
2025_train_Center003_UIH_30T_umr880_P019_lge_lax_2ch.mat
2025_train_Center003_UIH_30T_umr880_P020_lge_lax_4ch.mat
2025_train_Center003_UIH_30T_umr880_P022_lge_lax_4ch.mat
2025_train_Center001_UIH_30T_umr780_P010_lge_lax_2ch.mat
2025_train_Center001_UIH_30T_umr780_P020_lge_lax_2ch.mat
2025_train_Center001_UIH_30T_umr780_P020_lge_lax_4ch.mat
2025_train_Center001_UIH_30T_umr780_P036_lge_lax_2ch.mat
2025_train_Center001_UIH_30T_umr780_P043_lge_lax_4ch.mat
2025_train_Center001_UIH_30T_umr780_P055_lge_lax_4ch.mat
2025_train_Center002_UIH_30T_umr880_P009_lge_lax_2ch.mat
2025_train_Center002_UIH_30T_umr880_P010_lge_sax.mat
2025_train_Center003_UIH_30T_umr880_P006_lge_lax_2ch.mat
2025_train_Center003_UIH_30T_umr880_P023_lge_lax_4ch.mat
2025_train_Center003_UIH_30T_umr880_P024_lge_lax_4ch.mat
2025_train_Center001_UIH_30T_umr780_P014_T1rho.mat
2025_train_Center001_UIH_30T_umr780_P014_lge_lax_4ch.mat
2025_train_Center002_UIH_30T_umr880_P006_lge_lax_4ch.mat
2025_train_Center002_UIH_30T_umr880_P008_lge_lax_4ch.mat
2025_train_Center003_UIH_30T_umr880_P019_lge_lax_4ch.mat
2025_train_Center001_UIH_30T_umr780_P028_T2map.mat
2025_train_Center001_UIH_30T_umr780_P041_T2map.mat
2025_train_Center001_UIH_30T_umr780_P044_T2map.mat
2025_train_Center002_UIH_30T_umr880_P002_T2map.mat
2025_train_Center001_UIH_30T_umr780_P042_lge_lax_4ch.mat
2025_train_Center001_UIH_30T_umr780_P056_lge_lax_4ch.mat
2025_train_Center001_UIH_30T_umr780_P058_lge_lax_4ch.mat
2025_train_Center002_UIH_30T_umr880_P002_lge_lax_3ch.mat
2025_train_Center002_UIH_30T_umr880_P002_lge_lax_4ch.mat
2025_train_Center002_UIH_30T_umr880_P005_lge_lax_4ch.mat
2025_train_Center003_UIH_30T_umr880_P009_lge_lax_4ch.mat
2025_train_Center003_UIH_30T_umr880_P010_lge_lax_4ch.mat
2025_train_Center003_UIH_30T_umr880_P025_lge_lax_4ch.mat
2025_train_Center006_UIH_30T_umr790_P001_lge_lax_3ch.mat
2025_train_Center006_UIH_30T_umr790_P001_lge_lax_4ch.mat
2025_train_Center006_UIH_30T_umr790_P003_lge_lax_4ch.mat
2025_train_Center002_Siemens_30T_CIMA.X_P001_T2map.mat
2025_train_Center002_Siemens_30T_CIMA.X_P001_lge_lax.mat
2025_train_Center002_Siemens_30T_CIMA.X_P010_lge_lax.mat
2025_train_Center002_Siemens_30T_CIMA.X_P001_lge_sax.mat
2025_train_Center002_Siemens_30T_CIMA.X_P002_T2map.mat
2025_train_Center002_Siemens_30T_CIMA.X_P010_T2map.mat
2025_train_Center002_Siemens_30T_CIMA.X_P002_lge_lax.mat
2025_train_Center002_Siemens_30T_CIMA.X_P002_lge_sax.mat
2025_train_Center002_Siemens_30T_CIMA.X_P003_lge_lax.mat
2025_train_Center002_Siemens_30T_CIMA.X_P003_lge_sax.mat
2025_train_Center002_Siemens_30T_CIMA.X_P005_lge_lax.mat
2025_train_Center002_Siemens_30T_CIMA.X_P005_lge_sax.mat
2025_train_Center002_Siemens_30T_CIMA.X_P008_lge_sax.mat
2025_train_Center002_Siemens_30T_CIMA.X_P009_lge_sax.mat
2025_train_Center002_Siemens_30T_CIMA.X_P007_lge_lax.mat
2025_train_Center002_Siemens_30T_CIMA.X_P007_lge_sax.mat
2025_train_Center002_Siemens_30T_CIMA.X_P008_T2map.mat
2025_train_Center002_Siemens_30T_CIMA.X_P016_T2map.mat
2025_train_Center005_Siemens_30T_Vida_P008_T2map.mat
2025_train_Center006_Siemens_30T_Prisma_P005_T2map.mat
2025_train_Center006_Siemens_30T_Prisma_P006_T2map.mat
2025_train_Center006_Siemens_30T_Prisma_P030_T2map.mat
2025_train_Center006_Siemens_30T_Prisma_P034_T2map.mat
2025_train_Center006_Siemens_30T_Prisma_P039_T2map.mat
2025_train_Center002_Siemens_30T_CIMA.X_P008_lge_lax.mat
2025_train_Center002_Siemens_30T_CIMA.X_P009_T2map.mat
2025_train_Center002_Siemens_30T_CIMA.X_P009_lge_lax.mat
2025_train_Center002_Siemens_30T_CIMA.X_P010_lge_sax.mat
2025_train_Center002_Siemens_30T_CIMA.X_P019_lge_sax.mat
2025_train_Center002_Siemens_30T_CIMA.X_P012_T2map.mat
2025_train_Center006_Siemens_30T_Prisma_P002_T2map.mat
2025_train_Center006_Siemens_30T_Prisma_P008_T2map.mat
2025_train_Center002_Siemens_30T_CIMA.X_P012_lge_lax.mat
2025_train_Center002_Siemens_30T_CIMA.X_P012_lge_sax.mat
2025_train_Center002_Siemens_30T_CIMA.X_P017_lge_sax.mat
2025_train_Center002_Siemens_30T_CIMA.X_P016_lge_lax.mat
2025_train_Center002_Siemens_30T_CIMA.X_P016_lge_sax.mat
2025_train_Center002_Siemens_30T_CIMA.X_P018_T2map.mat
2025_train_Center002_Siemens_30T_CIMA.X_P019_T2map.mat
2025_train_Center002_Siemens_30T_CIMA.X_P018_lge_lax.mat
2025_train_Center002_Siemens_30T_CIMA.X_P018_lge_sax.mat
2025_train_Center002_Siemens_30T_CIMA.X_P019_lge_lax.mat
2025_train_Center002_Siemens_30T_CIMA.X_P020_lge_lax.mat
2025_train_Center002_Siemens_30T_CIMA.X_P020_lge_sax.mat
2025_train_Center002_UIH_30T_umr880_P005_lge_sax.mat
2025_train_Center002_UIH_30T_umr880_P007_lge_sax.mat
2025_train_Center003_UIH_30T_umr880_P011_lge_lax_4ch.mat
2025_train_Center002_UIH_30T_umr880_P008_T2map.mat
2025_train_Center003_UIH_30T_umr880_P020_T2map.mat
2025_train_Center005_Siemens_30T_Vida_P001_lge_lax.mat
2025_train_Center006_Siemens_30T_Prisma_P019_lge_sax.mat
2025_train_Center006_Siemens_30T_Prisma_P025_lge_sax.mat
2025_train_Center006_Siemens_30T_Prisma_P032_lge_sax.mat
2025_train_Center005_Siemens_30T_Vida_P001_lge_sax.mat
2025_train_Center005_Siemens_30T_Vida_P002_T2map.mat
2025_train_Center005_Siemens_30T_Vida_P002_lge_lax.mat
2025_train_Center005_Siemens_30T_Vida_P002_lge_sax.mat
2025_train_Center005_Siemens_30T_Vida_P003_lge_lax.mat
2025_train_Center005_Siemens_30T_Vida_P003_lge_sax.mat
2025_train_Center005_Siemens_30T_Vida_P004_T2map.mat
2025_train_Center006_Siemens_30T_Prisma_P021_T2map.mat
2025_train_Center005_Siemens_30T_Vida_P004_lge_lax.mat
2025_train_Center005_Siemens_30T_Vida_P004_lge_sax.mat
2025_train_Center005_Siemens_30T_Vida_P007_lge_lax.mat
2025_train_Center005_Siemens_30T_Vida_P007_lge_sax.mat
2025_train_Center005_Siemens_30T_Vida_P008_lge_lax.mat
2025_train_Center005_Siemens_30T_Vida_P008_lge_sax.mat
2025_train_Center005_Siemens_30T_Vida_P009_lge_lax.mat
2025_train_Center005_Siemens_30T_Vida_P009_lge_sax.mat
2025_train_Center005_Siemens_30T_Vida_P010_lge_lax.mat
2025_train_Center005_Siemens_30T_Vida_P011_T2map.mat
2025_train_Center005_Siemens_30T_Vida_P011_lge_lax.mat
2025_train_Center005_Siemens_30T_Vida_P011_lge_sax.mat
2025_train_Center005_Siemens_30T_Vida_P013_T2map.mat
2025_train_Center005_Siemens_30T_Vida_P013_lge_lax.mat
2025_train_Center005_Siemens_30T_Vida_P013_lge_sax.mat
2025_train_Center005_UIH_15T_umr670_P001_T2map.mat
2025_train_Center005_UIH_15T_umr670_P002_T2map.mat
2025_train_Center005_UIH_15T_umr670_P026_T2map.mat
2025_train_Center006_UIH_30T_umr790_P011_T2map.mat
2025_train_Center005_UIH_15T_umr670_P001_lge_lax_2ch.mat
2025_train_Center005_UIH_15T_umr670_P001_lge_lax_4ch.mat
2025_train_Center005_UIH_15T_umr670_P003_lge_lax_4ch.mat
2025_train_Center005_UIH_15T_umr670_P003_lge_sax.mat
2025_train_Center005_UIH_15T_umr670_P007_lge_lax_2ch.mat
2025_train_Center005_UIH_15T_umr670_P007_lge_sax.mat
2025_train_Center005_UIH_15T_umr670_P010_lge_lax_4ch.mat
2025_train_Center005_UIH_15T_umr670_P014_lge_lax_2ch.mat
2025_train_Center005_UIH_15T_umr670_P015_lge_lax_2ch.mat
2025_train_Center005_UIH_15T_umr670_P015_lge_sax.mat
2025_train_Center005_UIH_15T_umr670_P016_lge_lax_2ch.mat
2025_train_Center005_UIH_15T_umr670_P017_lge_lax_2ch.mat
2025_train_Center005_UIH_15T_umr670_P017_lge_sax.mat
2025_train_Center005_UIH_15T_umr670_P018_lge_lax_2ch.mat
2025_train_Center005_UIH_15T_umr670_P018_lge_sax.mat
2025_train_Center005_UIH_15T_umr670_P020_lge_sax.mat
2025_train_Center005_UIH_15T_umr670_P021_lge_sax.mat
2025_train_Center005_UIH_15T_umr670_P024_lge_sax.mat
2025_train_Center005_UIH_15T_umr670_P026_lge_sax.mat
2025_train_Center005_UIH_15T_umr670_P027_lge_lax_4ch.mat
2025_train_Center005_UIH_15T_umr670_P001_lge_sax.mat
2025_train_Center005_UIH_15T_umr670_P002_lge_lax_4ch.mat
2025_train_Center005_UIH_15T_umr670_P003_lge_lax_2ch.mat
2025_train_Center005_UIH_15T_umr670_P004_lge_sax.mat
2025_train_Center005_UIH_15T_umr670_P005_lge_lax_2ch.mat
2025_train_Center005_UIH_15T_umr670_P008_lge_lax_2ch.mat
2025_train_Center005_UIH_15T_umr670_P010_lge_sax.mat
2025_train_Center005_UIH_15T_umr670_P013_lge_lax_2ch.mat
2025_train_Center005_UIH_15T_umr670_P013_lge_sax.mat
2025_train_Center005_UIH_15T_umr670_P014_lge_sax.mat
2025_train_Center005_UIH_15T_umr670_P020_lge_lax_2ch.mat
2025_train_Center005_UIH_15T_umr670_P020_lge_lax_4ch.mat
2025_train_Center005_UIH_15T_umr670_P021_lge_lax_2ch.mat
2025_train_Center005_UIH_15T_umr670_P023_lge_lax_2ch.mat
2025_train_Center005_UIH_15T_umr670_P023_lge_sax.mat
2025_train_Center005_UIH_15T_umr670_P024_lge_lax_2ch.mat
2025_train_Center005_UIH_15T_umr670_P026_lge_lax_2ch.mat
2025_train_Center005_UIH_15T_umr670_P026_lge_lax_4ch.mat
2025_train_Center005_UIH_15T_umr670_P027_lge_lax_2ch.mat
2025_train_Center005_UIH_15T_umr670_P002_lge_lax_2ch.mat
2025_train_Center005_UIH_15T_umr670_P019_lge_lax_2ch.mat
2025_train_Center005_UIH_15T_umr670_P019_lge_sax.mat
2025_train_Center005_UIH_15T_umr670_P003_T2map.mat
2025_train_Center005_UIH_15T_umr670_P004_T2map.mat
2025_train_Center005_UIH_15T_umr670_P007_T2map.mat
2025_train_Center005_UIH_15T_umr670_P008_T2map.mat
2025_train_Center005_UIH_15T_umr670_P010_T2map.mat
2025_train_Center005_UIH_15T_umr670_P013_T2map.mat
2025_train_Center005_UIH_15T_umr670_P015_T2map.mat
2025_train_Center005_UIH_15T_umr670_P016_T2map.mat
2025_train_Center005_UIH_15T_umr670_P017_T2map.mat
2025_train_Center005_UIH_15T_umr670_P019_T2map.mat
2025_train_Center005_UIH_15T_umr670_P020_T2map.mat
2025_train_Center005_UIH_15T_umr670_P024_T2map.mat
2025_train_Center005_UIH_15T_umr670_P027_T2map.mat
2025_train_Center005_UIH_15T_umr670_P004_lge_lax_2ch.mat
2025_train_Center005_UIH_15T_umr670_P004_lge_lax_4ch.mat
2025_train_Center005_UIH_15T_umr670_P005_lge_sax.mat
2025_train_Center005_UIH_15T_umr670_P006_lge_sax.mat
2025_train_Center005_UIH_15T_umr670_P007_lge_lax_4ch.mat
2025_train_Center005_UIH_15T_umr670_P008_lge_sax.mat
2025_train_Center005_UIH_15T_umr670_P010_lge_lax_2ch.mat
2025_train_Center005_UIH_15T_umr670_P013_lge_lax_4ch.mat
2025_train_Center005_UIH_15T_umr670_P017_lge_lax_4ch.mat
2025_train_Center005_UIH_15T_umr670_P018_lge_lax_4ch.mat
2025_train_Center005_UIH_15T_umr670_P019_lge_lax_4ch.mat
2025_train_Center005_UIH_15T_umr670_P023_lge_lax_4ch.mat
2025_train_Center005_UIH_15T_umr670_P024_lge_lax_4ch.mat
2025_train_Center005_UIH_15T_umr670_P005_T2map.mat
2025_train_Center005_UIH_15T_umr670_P014_T2map.mat
2025_train_Center005_UIH_15T_umr670_P018_T2map.mat
2025_train_Center005_UIH_15T_umr670_P021_T2map.mat
2025_train_Center006_UIH_30T_umr790_P004_T2map.mat
2025_train_Center005_UIH_15T_umr670_P006_T2map.mat
2025_train_Center005_UIH_15T_umr670_P023_T2map.mat
2025_train_Center006_UIH_30T_umr790_P006_T2map.mat
2025_train_Center005_UIH_15T_umr670_P006_lge_lax_4ch.mat
2025_train_Center005_UIH_15T_umr670_P008_lge_lax_4ch.mat
2025_train_Center005_UIH_15T_umr670_P014_lge_lax_4ch.mat
2025_train_Center005_UIH_15T_umr670_P015_lge_lax_4ch.mat
2025_train_Center005_UIH_15T_umr670_P016_lge_lax_4ch.mat
2025_train_Center005_UIH_15T_umr670_P027_lge_sax.mat
2025_train_Center005_UIH_15T_umr670_P021_lge_lax_4ch.mat
2025_train_Center006_Siemens_30T_Prisma_P004_lge_sax.mat
2025_train_Center006_Siemens_30T_Prisma_P006_lge_sax.mat
2025_train_Center006_Siemens_30T_Prisma_P011_T2map.mat
2025_train_Center006_Siemens_30T_Prisma_P012_lge_sax.mat
2025_train_Center006_Siemens_30T_Prisma_P013_T2map.mat
2025_train_Center006_Siemens_30T_Prisma_P014_T2map.mat
2025_train_Center006_Siemens_30T_Prisma_P015_lge_sax.mat
2025_train_Center006_Siemens_30T_Prisma_P031_lge_sax.mat
2025_train_Center006_Siemens_30T_Prisma_P017_T2map.mat
2025_train_Center006_Siemens_30T_Prisma_P020_T2map.mat
2025_train_Center006_Siemens_30T_Prisma_P022_lge_sax.mat
2025_train_Center006_Siemens_30T_Prisma_P035_lge_sax.mat
2025_train_Center006_Siemens_30T_Prisma_P036_lge_sax.mat
2025_train_Center006_Siemens_30T_Prisma_P024_T2map.mat
2025_train_Center006_Siemens_30T_Prisma_P024_flow2d.mat
2025_train_Center006_Siemens_30T_Prisma_P026_T2map.mat
2025_train_Center006_Siemens_30T_Prisma_P027_T2map.mat
2025_train_Center006_Siemens_30T_Prisma_P028_T2map.mat
2025_train_Center006_Siemens_30T_Prisma_P029_lge_sax.mat
2025_train_Center006_Siemens_30T_Prisma_P037_T2map.mat
2025_train_Center006_Siemens_30T_Prisma_P042_T2map.mat
2025_train_Center006_UIH_30T_umr790_P002_lge_lax_2ch.mat
2025_train_Center006_UIH_30T_umr790_P007_T1map.mat
2025_train_Center006_UIH_30T_umr790_P010_T1map.mat
2025_train_Center006_UIH_30T_umr790_P007_T2map.mat
2025_train_Center006_UIH_30T_umr790_P009_T1map.mat
2025_train_Center006_UIH_30T_umr790_P009_T2map.mat
2025_train_Center006_UIH_30T_umr790_P010_T2map.mat
2025_train_Center006_UIH_30T_umr790_P011_T1map.mat
2025_train_Center001_UIH_30T_umr780_P001_T2map.mat
2025_train_Center001_UIH_30T_umr780_P013_T2map.mat
2025_train_Center001_UIH_30T_umr780_P018_T2map.mat
2025_train_Center001_UIH_30T_umr780_P027_T2map.mat
2025_train_Center001_UIH_30T_umr780_P043_T2map.mat
2025_train_Center001_UIH_30T_umr780_P053_T2map.mat
2025_train_Center001_UIH_30T_umr780_P061_T2map.mat
2025_train_Center002_UIH_30T_umr880_P003_T2map.mat
2025_train_Center002_UIH_30T_umr880_P009_T2map.mat
2025_train_Center001_UIH_30T_umr780_P001_lge_lax_2ch.mat
2025_train_Center001_UIH_30T_umr780_P014_lge_lax_2ch.mat
2025_train_Center001_UIH_30T_umr780_P029_lge_lax_2ch.mat
2025_train_Center001_UIH_30T_umr780_P031_lge_lax_2ch.mat
2025_train_Center001_UIH_30T_umr780_P034_lge_lax_2ch.mat
2025_train_Center001_UIH_30T_umr780_P049_lge_lax_4ch.mat
2025_train_Center001_UIH_30T_umr780_P053_lge_lax_2ch.mat
2025_train_Center001_UIH_30T_umr780_P055_lge_lax_2ch.mat
2025_train_Center001_UIH_30T_umr780_P056_lge_lax_2ch.mat
2025_train_Center002_UIH_30T_umr880_P002_lge_lax_2ch.mat
2025_train_Center002_UIH_30T_umr880_P006_lge_lax_2ch.mat
2025_train_Center002_UIH_30T_umr880_P007_lge_lax_3ch.mat
2025_train_Center002_UIH_30T_umr880_P007_lge_lax_4ch.mat
2025_train_Center002_UIH_30T_umr880_P008_lge_lax_2ch.mat
2025_train_Center002_UIH_30T_umr880_P008_lge_lax_3ch.mat
2025_train_Center002_UIH_30T_umr880_P009_lge_sax.mat
2025_train_Center002_UIH_30T_umr880_P010_lge_lax_3ch.mat
2025_train_Center003_UIH_30T_umr880_P004_lge_lax_2ch.mat
2025_train_Center003_UIH_30T_umr880_P004_lge_lax_4ch.mat
2025_train_Center003_UIH_30T_umr880_P010_lge_sax.mat
2025_train_Center003_UIH_30T_umr880_P011_lge_lax_2ch.mat
2025_train_Center003_UIH_30T_umr880_P012_lge_lax_4ch.mat
2025_train_Center003_UIH_30T_umr880_P015_lge_lax_4ch.mat
2025_train_Center003_UIH_30T_umr880_P017_lge_lax_2ch.mat
2025_train_Center003_UIH_30T_umr880_P018_lge_lax_2ch.mat
2025_train_Center003_UIH_30T_umr880_P020_lge_lax_2ch.mat
2025_train_Center003_UIH_30T_umr880_P022_lge_lax_2ch.mat
2025_train_Center003_UIH_30T_umr880_P023_lge_lax_2ch.mat
2025_train_Center003_UIH_30T_umr880_P025_lge_lax_2ch.mat
2025_train_Center006_UIH_30T_umr790_P001_lge_sax.mat
2025_train_Center006_UIH_30T_umr790_P002_lge_lax_3ch.mat
2025_train_Center006_UIH_30T_umr790_P002_lge_lax_4ch.mat
2025_train_Center001_UIH_30T_umr780_P001_lge_lax_4ch.mat
2025_train_Center001_UIH_30T_umr780_P009_lge_lax_2ch.mat
2025_train_Center001_UIH_30T_umr780_P029_lge_lax_4ch.mat
2025_train_Center001_UIH_30T_umr780_P031_lge_lax_4ch.mat
2025_train_Center001_UIH_30T_umr780_P033_lge_lax_2ch.mat
2025_train_Center001_UIH_30T_umr780_P033_lge_lax_4ch.mat
2025_train_Center001_UIH_30T_umr780_P042_lge_lax_2ch.mat
2025_train_Center001_UIH_30T_umr780_P051_lge_lax_4ch.mat
2025_train_Center001_UIH_30T_umr780_P057_lge_lax_2ch.mat
2025_train_Center001_UIH_30T_umr780_P058_lge_lax_2ch.mat
2025_train_Center001_UIH_30T_umr780_P060_lge_lax_4ch.mat
2025_train_Center001_UIH_30T_umr780_P061_lge_lax_2ch.mat
2025_train_Center001_UIH_30T_umr780_P061_lge_lax_4ch.mat
2025_train_Center002_UIH_30T_umr880_P003_lge_lax_3ch.mat
2025_train_Center002_UIH_30T_umr880_P008_lge_sax.mat
2025_train_Center002_UIH_30T_umr880_P010_lge_lax_2ch.mat
2025_train_Center003_UIH_30T_umr880_P006_lge_lax_4ch.mat
2025_train_Center003_UIH_30T_umr880_P009_lge_lax_2ch.mat
2025_train_Center003_UIH_30T_umr880_P015_lge_lax_2ch.mat
2025_train_Center006_UIH_30T_umr790_P001_lge_lax_2ch.mat
2025_train_Center001_UIH_30T_umr780_P002_T2map.mat
2025_train_Center001_UIH_30T_umr780_P040_T2map.mat
2025_train_Center001_UIH_30T_umr780_P003_T2map.mat
2025_train_Center001_UIH_30T_umr780_P010_T2map.mat
2025_train_Center001_UIH_30T_umr780_P015_T2map.mat
2025_train_Center001_UIH_30T_umr780_P017_T2map.mat
2025_train_Center001_UIH_30T_umr780_P019_T2map.mat
2025_train_Center001_UIH_30T_umr780_P054_T2map.mat
2025_train_Center001_UIH_30T_umr780_P060_T2map.mat
2025_train_Center002_UIH_30T_umr880_P005_T2map.mat
2025_train_Center002_UIH_30T_umr880_P007_T2map.mat
2025_train_Center001_UIH_30T_umr780_P004_T2map.mat
2025_train_Center001_UIH_30T_umr780_P005_T2map.mat
2025_train_Center001_UIH_30T_umr780_P011_T2map.mat
2025_train_Center001_UIH_30T_umr780_P020_T2map.mat
2025_train_Center001_UIH_30T_umr780_P006_T2map.mat
2025_train_Center001_UIH_30T_umr780_P014_T2map.mat
2025_train_Center001_UIH_30T_umr780_P021_T2map.mat
2025_train_Center001_UIH_30T_umr780_P031_T2map.mat
2025_train_Center001_UIH_30T_umr780_P032_T2map.mat
2025_train_Center001_UIH_30T_umr780_P033_T2map.mat
2025_train_Center001_UIH_30T_umr780_P034_T2map.mat
2025_train_Center001_UIH_30T_umr780_P046_T2map.mat
2025_train_Center001_UIH_30T_umr780_P051_T2map.mat
2025_train_Center001_UIH_30T_umr780_P055_T2map.mat
2025_train_Center002_UIH_30T_umr880_P006_T2map.mat
2025_train_Center001_UIH_30T_umr780_P006_lge_lax_4ch.mat
2025_train_Center001_UIH_30T_umr780_P010_lge_lax_4ch.mat
2025_train_Center001_UIH_30T_umr780_P011_lge_lax_2ch.mat
2025_train_Center001_UIH_30T_umr780_P034_lge_lax_4ch.mat
2025_train_Center001_UIH_30T_umr780_P036_lge_lax_4ch.mat
2025_train_Center001_UIH_30T_umr780_P043_lge_lax_2ch.mat
2025_train_Center001_UIH_30T_umr780_P049_lge_lax_2ch.mat
2025_train_Center001_UIH_30T_umr780_P053_lge_lax_4ch.mat
2025_train_Center001_UIH_30T_umr780_P054_lge_lax_2ch.mat
2025_train_Center001_UIH_30T_umr780_P057_lge_lax_4ch.mat
2025_train_Center002_UIH_30T_umr880_P002_lge_sax.mat
2025_train_Center002_UIH_30T_umr880_P003_lge_lax_2ch.mat
2025_train_Center002_UIH_30T_umr880_P003_lge_sax.mat
2025_train_Center002_UIH_30T_umr880_P005_lge_lax_2ch.mat
2025_train_Center002_UIH_30T_umr880_P009_lge_lax_4ch.mat
2025_train_Center003_UIH_30T_umr880_P008_lge_lax_2ch.mat
2025_train_Center003_UIH_30T_umr880_P010_lge_lax_2ch.mat
2025_train_Center003_UIH_30T_umr880_P012_lge_lax_2ch.mat
2025_train_Center003_UIH_30T_umr880_P017_lge_lax_4ch.mat
2025_train_Center003_UIH_30T_umr880_P024_lge_lax_2ch.mat
2025_train_Center006_UIH_30T_umr790_P003_lge_lax_2ch.mat
2025_train_Center001_UIH_30T_umr780_P009_T2map.mat
2025_train_Center001_UIH_30T_umr780_P009_lge_lax_4ch.mat
2025_train_Center001_UIH_30T_umr780_P054_lge_lax_4ch.mat
2025_train_Center001_UIH_30T_umr780_P060_lge_lax_2ch.mat
2025_train_Center002_UIH_30T_umr880_P003_lge_lax_4ch.mat
2025_train_Center002_UIH_30T_umr880_P005_lge_lax_3ch.mat
2025_train_Center002_UIH_30T_umr880_P006_lge_lax_3ch.mat
2025_train_Center002_UIH_30T_umr880_P007_lge_lax_2ch.mat
2025_train_Center002_UIH_30T_umr880_P009_lge_lax_3ch.mat
2025_train_Center002_UIH_30T_umr880_P010_lge_lax_4ch.mat
2025_train_Center003_UIH_30T_umr880_P008_lge_lax_4ch.mat
2025_train_Center003_UIH_30T_umr880_P018_lge_lax_4ch.mat
2025_train_Center003_UIH_30T_umr880_P019_lge_lax_2ch.mat
2025_train_Center003_UIH_30T_umr880_P020_lge_lax_4ch.mat
2025_train_Center003_UIH_30T_umr880_P022_lge_lax_4ch.mat
2025_train_Center001_UIH_30T_umr780_P010_lge_lax_2ch.mat
2025_train_Center001_UIH_30T_umr780_P020_lge_lax_2ch.mat
2025_train_Center001_UIH_30T_umr780_P020_lge_lax_4ch.mat
2025_train_Center001_UIH_30T_umr780_P036_lge_lax_2ch.mat
2025_train_Center001_UIH_30T_umr780_P043_lge_lax_4ch.mat
2025_train_Center001_UIH_30T_umr780_P055_lge_lax_4ch.mat
2025_train_Center002_UIH_30T_umr880_P009_lge_lax_2ch.mat
2025_train_Center002_UIH_30T_umr880_P010_lge_sax.mat
2025_train_Center003_UIH_30T_umr880_P006_lge_lax_2ch.mat
2025_train_Center003_UIH_30T_umr880_P023_lge_lax_4ch.mat
2025_train_Center003_UIH_30T_umr880_P024_lge_lax_4ch.mat
2025_train_Center001_UIH_30T_umr780_P014_T1rho.mat
2025_train_Center001_UIH_30T_umr780_P014_lge_lax_4ch.mat
2025_train_Center002_UIH_30T_umr880_P006_lge_lax_4ch.mat
2025_train_Center002_UIH_30T_umr880_P008_lge_lax_4ch.mat
2025_train_Center003_UIH_30T_umr880_P019_lge_lax_4ch.mat
2025_train_Center001_UIH_30T_umr780_P028_T2map.mat
2025_train_Center001_UIH_30T_umr780_P041_T2map.mat
2025_train_Center001_UIH_30T_umr780_P044_T2map.mat
2025_train_Center002_UIH_30T_umr880_P002_T2map.mat
2025_train_Center001_UIH_30T_umr780_P042_lge_lax_4ch.mat
2025_train_Center001_UIH_30T_umr780_P056_lge_lax_4ch.mat
2025_train_Center001_UIH_30T_umr780_P058_lge_lax_4ch.mat
2025_train_Center002_UIH_30T_umr880_P002_lge_lax_3ch.mat
2025_train_Center002_UIH_30T_umr880_P002_lge_lax_4ch.mat
2025_train_Center002_UIH_30T_umr880_P005_lge_lax_4ch.mat
2025_train_Center003_UIH_30T_umr880_P009_lge_lax_4ch.mat
2025_train_Center003_UIH_30T_umr880_P010_lge_lax_4ch.mat
2025_train_Center003_UIH_30T_umr880_P025_lge_lax_4ch.mat
2025_train_Center006_UIH_30T_umr790_P001_lge_lax_3ch.mat
2025_train_Center006_UIH_30T_umr790_P001_lge_lax_4ch.mat
2025_train_Center006_UIH_30T_umr790_P003_lge_lax_4ch.mat
2025_train_Center002_Siemens_30T_CIMA.X_P001_T2map.mat
2025_train_Center002_Siemens_30T_CIMA.X_P001_lge_lax.mat
2025_train_Center002_Siemens_30T_CIMA.X_P010_lge_lax.mat
2025_train_Center002_Siemens_30T_CIMA.X_P001_lge_sax.mat
2025_train_Center002_Siemens_30T_CIMA.X_P002_T2map.mat
2025_train_Center002_Siemens_30T_CIMA.X_P010_T2map.mat
2025_train_Center002_Siemens_30T_CIMA.X_P002_lge_lax.mat
2025_train_Center002_Siemens_30T_CIMA.X_P002_lge_sax.mat
2025_train_Center002_Siemens_30T_CIMA.X_P003_lge_lax.mat
2025_train_Center002_Siemens_30T_CIMA.X_P003_lge_sax.mat
2025_train_Center002_Siemens_30T_CIMA.X_P005_lge_lax.mat
2025_train_Center002_Siemens_30T_CIMA.X_P005_lge_sax.mat
2025_train_Center002_Siemens_30T_CIMA.X_P008_lge_sax.mat
2025_train_Center002_Siemens_30T_CIMA.X_P009_lge_sax.mat
2025_train_Center002_Siemens_30T_CIMA.X_P007_lge_lax.mat
2025_train_Center002_Siemens_30T_CIMA.X_P007_lge_sax.mat
2025_train_Center002_Siemens_30T_CIMA.X_P008_T2map.mat
2025_train_Center002_Siemens_30T_CIMA.X_P016_T2map.mat
2025_train_Center005_Siemens_30T_Vida_P008_T2map.mat
2025_train_Center006_Siemens_30T_Prisma_P005_T2map.mat
2025_train_Center006_Siemens_30T_Prisma_P006_T2map.mat
2025_train_Center006_Siemens_30T_Prisma_P030_T2map.mat
2025_train_Center006_Siemens_30T_Prisma_P034_T2map.mat
2025_train_Center006_Siemens_30T_Prisma_P039_T2map.mat
2025_train_Center002_Siemens_30T_CIMA.X_P008_lge_lax.mat
2025_train_Center002_Siemens_30T_CIMA.X_P009_T2map.mat
2025_train_Center002_Siemens_30T_CIMA.X_P009_lge_lax.mat
2025_train_Center002_Siemens_30T_CIMA.X_P010_lge_sax.mat
2025_train_Center002_Siemens_30T_CIMA.X_P019_lge_sax.mat
2025_train_Center002_Siemens_30T_CIMA.X_P012_T2map.mat
2025_train_Center006_Siemens_30T_Prisma_P002_T2map.mat
2025_train_Center006_Siemens_30T_Prisma_P008_T2map.mat
2025_train_Center002_Siemens_30T_CIMA.X_P012_lge_lax.mat
2025_train_Center002_Siemens_30T_CIMA.X_P012_lge_sax.mat
2025_train_Center002_Siemens_30T_CIMA.X_P017_lge_sax.mat
2025_train_Center002_Siemens_30T_CIMA.X_P016_lge_lax.mat
2025_train_Center002_Siemens_30T_CIMA.X_P016_lge_sax.mat
2025_train_Center002_Siemens_30T_CIMA.X_P018_T2map.mat
2025_train_Center002_Siemens_30T_CIMA.X_P019_T2map.mat
2025_train_Center002_Siemens_30T_CIMA.X_P018_lge_lax.mat
2025_train_Center002_Siemens_30T_CIMA.X_P018_lge_sax.mat
2025_train_Center002_Siemens_30T_CIMA.X_P019_lge_lax.mat
2025_train_Center002_Siemens_30T_CIMA.X_P020_lge_lax.mat
2025_train_Center002_Siemens_30T_CIMA.X_P020_lge_sax.mat
2025_train_Center002_UIH_30T_umr880_P005_lge_sax.mat
2025_train_Center002_UIH_30T_umr880_P007_lge_sax.mat
2025_train_Center003_UIH_30T_umr880_P011_lge_lax_4ch.mat
2025_train_Center002_UIH_30T_umr880_P008_T2map.mat
2025_train_Center003_UIH_30T_umr880_P020_T2map.mat
2025_train_Center005_Siemens_30T_Vida_P001_lge_lax.mat
2025_train_Center006_Siemens_30T_Prisma_P019_lge_sax.mat
2025_train_Center006_Siemens_30T_Prisma_P025_lge_sax.mat
2025_train_Center006_Siemens_30T_Prisma_P032_lge_sax.mat
2025_train_Center005_Siemens_30T_Vida_P001_lge_sax.mat
2025_train_Center005_Siemens_30T_Vida_P002_T2map.mat
2025_train_Center005_Siemens_30T_Vida_P002_lge_lax.mat
2025_train_Center005_Siemens_30T_Vida_P002_lge_sax.mat
2025_train_Center005_Siemens_30T_Vida_P003_lge_lax.mat
2025_train_Center005_Siemens_30T_Vida_P003_lge_sax.mat
2025_train_Center005_Siemens_30T_Vida_P004_T2map.mat
2025_train_Center006_Siemens_30T_Prisma_P021_T2map.mat
2025_train_Center005_Siemens_30T_Vida_P004_lge_lax.mat
2025_train_Center005_Siemens_30T_Vida_P004_lge_sax.mat
2025_train_Center005_Siemens_30T_Vida_P007_lge_lax.mat
2025_train_Center005_Siemens_30T_Vida_P007_lge_sax.mat
2025_train_Center005_Siemens_30T_Vida_P008_lge_lax.mat
2025_train_Center005_Siemens_30T_Vida_P008_lge_sax.mat
2025_train_Center005_Siemens_30T_Vida_P009_lge_lax.mat
2025_train_Center005_Siemens_30T_Vida_P009_lge_sax.mat
2025_train_Center005_Siemens_30T_Vida_P010_lge_lax.mat
2025_train_Center005_Siemens_30T_Vida_P011_T2map.mat
2025_train_Center005_Siemens_30T_Vida_P011_lge_lax.mat
2025_train_Center005_Siemens_30T_Vida_P011_lge_sax.mat
2025_train_Center005_Siemens_30T_Vida_P013_T2map.mat
2025_train_Center005_Siemens_30T_Vida_P013_lge_lax.mat
2025_train_Center005_Siemens_30T_Vida_P013_lge_sax.mat
2025_train_Center005_UIH_15T_umr670_P001_T2map.mat
2025_train_Center005_UIH_15T_umr670_P002_T2map.mat
2025_train_Center005_UIH_15T_umr670_P026_T2map.mat
2025_train_Center006_UIH_30T_umr790_P011_T2map.mat
2025_train_Center005_UIH_15T_umr670_P001_lge_lax_2ch.mat
2025_train_Center005_UIH_15T_umr670_P001_lge_lax_4ch.mat
2025_train_Center005_UIH_15T_umr670_P003_lge_lax_4ch.mat
2025_train_Center005_UIH_15T_umr670_P003_lge_sax.mat
2025_train_Center005_UIH_15T_umr670_P007_lge_lax_2ch.mat
2025_train_Center005_UIH_15T_umr670_P007_lge_sax.mat
2025_train_Center005_UIH_15T_umr670_P010_lge_lax_4ch.mat
2025_train_Center005_UIH_15T_umr670_P014_lge_lax_2ch.mat
2025_train_Center005_UIH_15T_umr670_P015_lge_lax_2ch.mat
2025_train_Center005_UIH_15T_umr670_P015_lge_sax.mat
2025_train_Center005_UIH_15T_umr670_P016_lge_lax_2ch.mat
2025_train_Center005_UIH_15T_umr670_P017_lge_lax_2ch.mat
2025_train_Center005_UIH_15T_umr670_P017_lge_sax.mat
2025_train_Center005_UIH_15T_umr670_P018_lge_lax_2ch.mat
2025_train_Center005_UIH_15T_umr670_P018_lge_sax.mat
2025_train_Center005_UIH_15T_umr670_P020_lge_sax.mat
2025_train_Center005_UIH_15T_umr670_P021_lge_sax.mat
2025_train_Center005_UIH_15T_umr670_P024_lge_sax.mat
2025_train_Center005_UIH_15T_umr670_P026_lge_sax.mat
2025_train_Center005_UIH_15T_umr670_P027_lge_lax_4ch.mat
2025_train_Center005_UIH_15T_umr670_P001_lge_sax.mat
2025_train_Center005_UIH_15T_umr670_P002_lge_lax_4ch.mat
2025_train_Center005_UIH_15T_umr670_P003_lge_lax_2ch.mat
2025_train_Center005_UIH_15T_umr670_P004_lge_sax.mat
2025_train_Center005_UIH_15T_umr670_P005_lge_lax_2ch.mat
2025_train_Center005_UIH_15T_umr670_P008_lge_lax_2ch.mat
2025_train_Center005_UIH_15T_umr670_P010_lge_sax.mat
2025_train_Center005_UIH_15T_umr670_P013_lge_lax_2ch.mat
2025_train_Center005_UIH_15T_umr670_P013_lge_sax.mat
2025_train_Center005_UIH_15T_umr670_P014_lge_sax.mat
2025_train_Center005_UIH_15T_umr670_P020_lge_lax_2ch.mat
2025_train_Center005_UIH_15T_umr670_P020_lge_lax_4ch.mat
2025_train_Center005_UIH_15T_umr670_P021_lge_lax_2ch.mat
2025_train_Center005_UIH_15T_umr670_P023_lge_lax_2ch.mat
2025_train_Center005_UIH_15T_umr670_P023_lge_sax.mat
2025_train_Center005_UIH_15T_umr670_P024_lge_lax_2ch.mat
2025_train_Center005_UIH_15T_umr670_P026_lge_lax_2ch.mat
2025_train_Center005_UIH_15T_umr670_P026_lge_lax_4ch.mat
2025_train_Center005_UIH_15T_umr670_P027_lge_lax_2ch.mat
2025_train_Center005_UIH_15T_umr670_P002_lge_lax_2ch.mat
2025_train_Center005_UIH_15T_umr670_P019_lge_lax_2ch.mat
2025_train_Center005_UIH_15T_umr670_P019_lge_sax.mat
2025_train_Center005_UIH_15T_umr670_P003_T2map.mat
2025_train_Center005_UIH_15T_umr670_P004_T2map.mat
2025_train_Center005_UIH_15T_umr670_P007_T2map.mat
2025_train_Center005_UIH_15T_umr670_P008_T2map.mat
2025_train_Center005_UIH_15T_umr670_P010_T2map.mat
2025_train_Center005_UIH_15T_umr670_P013_T2map.mat
2025_train_Center005_UIH_15T_umr670_P015_T2map.mat
2025_train_Center005_UIH_15T_umr670_P016_T2map.mat
2025_train_Center005_UIH_15T_umr670_P017_T2map.mat
2025_train_Center005_UIH_15T_umr670_P019_T2map.mat
2025_train_Center005_UIH_15T_umr670_P020_T2map.mat
2025_train_Center005_UIH_15T_umr670_P024_T2map.mat
2025_train_Center005_UIH_15T_umr670_P027_T2map.mat
2025_train_Center005_UIH_15T_umr670_P004_lge_lax_2ch.mat
2025_train_Center005_UIH_15T_umr670_P004_lge_lax_4ch.mat
2025_train_Center005_UIH_15T_umr670_P005_lge_sax.mat
2025_train_Center005_UIH_15T_umr670_P006_lge_sax.mat
2025_train_Center005_UIH_15T_umr670_P007_lge_lax_4ch.mat
2025_train_Center005_UIH_15T_umr670_P008_lge_sax.mat
2025_train_Center005_UIH_15T_umr670_P010_lge_lax_2ch.mat
2025_train_Center005_UIH_15T_umr670_P013_lge_lax_4ch.mat
2025_train_Center005_UIH_15T_umr670_P017_lge_lax_4ch.mat
2025_train_Center005_UIH_15T_umr670_P018_lge_lax_4ch.mat
2025_train_Center005_UIH_15T_umr670_P019_lge_lax_4ch.mat
2025_train_Center005_UIH_15T_umr670_P023_lge_lax_4ch.mat
2025_train_Center005_UIH_15T_umr670_P024_lge_lax_4ch.mat
2025_train_Center005_UIH_15T_umr670_P005_T2map.mat
2025_train_Center005_UIH_15T_umr670_P014_T2map.mat
2025_train_Center005_UIH_15T_umr670_P018_T2map.mat
2025_train_Center005_UIH_15T_umr670_P021_T2map.mat
2025_train_Center006_UIH_30T_umr790_P004_T2map.mat
2025_train_Center005_UIH_15T_umr670_P006_T2map.mat
2025_train_Center005_UIH_15T_umr670_P023_T2map.mat
2025_train_Center006_UIH_30T_umr790_P006_T2map.mat
2025_train_Center005_UIH_15T_umr670_P006_lge_lax_4ch.mat
2025_train_Center005_UIH_15T_umr670_P008_lge_lax_4ch.mat
2025_train_Center005_UIH_15T_umr670_P014_lge_lax_4ch.mat
2025_train_Center005_UIH_15T_umr670_P015_lge_lax_4ch.mat
2025_train_Center005_UIH_15T_umr670_P016_lge_lax_4ch.mat
2025_train_Center005_UIH_15T_umr670_P027_lge_sax.mat
2025_train_Center005_UIH_15T_umr670_P021_lge_lax_4ch.mat
2025_train_Center006_Siemens_30T_Prisma_P004_lge_sax.mat
2025_train_Center006_Siemens_30T_Prisma_P006_lge_sax.mat
2025_train_Center006_Siemens_30T_Prisma_P011_T2map.mat
2025_train_Center006_Siemens_30T_Prisma_P012_lge_sax.mat
2025_train_Center006_Siemens_30T_Prisma_P013_T2map.mat
2025_train_Center006_Siemens_30T_Prisma_P014_T2map.mat
2025_train_Center006_Siemens_30T_Prisma_P015_lge_sax.mat
2025_train_Center006_Siemens_30T_Prisma_P031_lge_sax.mat
2025_train_Center006_Siemens_30T_Prisma_P017_T2map.mat
2025_train_Center006_Siemens_30T_Prisma_P020_T2map.mat
2025_train_Center006_Siemens_30T_Prisma_P022_lge_sax.mat
2025_train_Center006_Siemens_30T_Prisma_P035_lge_sax.mat
2025_train_Center006_Siemens_30T_Prisma_P036_lge_sax.mat
2025_train_Center006_Siemens_30T_Prisma_P024_T2map.mat
2025_train_Center006_Siemens_30T_Prisma_P024_flow2d.mat
2025_train_Center006_Siemens_30T_Prisma_P026_T2map.mat
2025_train_Center006_Siemens_30T_Prisma_P027_T2map.mat
2025_train_Center006_Siemens_30T_Prisma_P028_T2map.mat
2025_train_Center006_Siemens_30T_Prisma_P029_lge_sax.mat
2025_train_Center006_Siemens_30T_Prisma_P037_T2map.mat
2025_train_Center006_Siemens_30T_Prisma_P042_T2map.mat
2025_train_Center006_UIH_30T_umr790_P002_lge_lax_2ch.mat
2025_train_Center006_UIH_30T_umr790_P007_T1map.mat
2025_train_Center006_UIH_30T_umr790_P010_T1map.mat
2025_train_Center006_UIH_30T_umr790_P007_T2map.mat
2025_train_Center006_UIH_30T_umr790_P009_T1map.mat
2025_train_Center006_UIH_30T_umr790_P009_T2map.mat
2025_train_Center006_UIH_30T_umr790_P010_T2map.mat
2025_train_Center006_UIH_30T_umr790_P011_T1map.mat
