2024_test_P001_aorta_sag.mat
2024_test_P001_aorta_tra.mat
2024_test_P001_cine_lvot.mat
2024_test_P002_aorta_sag.mat
2024_test_P002_aorta_tra.mat
2024_test_P002_cine_lvot.mat
2024_test_P003_cine_lvot.mat
2024_test_P004_aorta_sag.mat
2024_test_P004_aorta_tra.mat
2024_test_P004_cine_lvot.mat
2024_test_P005_aorta_sag.mat
2024_test_P005_aorta_tra.mat
2024_test_P005_cine_lvot.mat
2024_test_P006_aorta_sag.mat
2024_test_P006_aorta_tra.mat
2024_test_P006_cine_lvot.mat
2024_test_P007_aorta_sag.mat
2024_test_P007_aorta_tra.mat
2024_test_P007_cine_lvot.mat
2024_test_P008_aorta_sag.mat
2024_test_P008_aorta_tra.mat
2024_test_P008_cine_lvot.mat
2024_test_P009_aorta_sag.mat
2024_test_P009_aorta_tra.mat
2024_test_P009_cine_lvot.mat
2024_test_P010_aorta_sag.mat
2024_test_P010_aorta_tra.mat
2024_test_P010_cine_lvot.mat
2024_test_P011_aorta_sag.mat
2024_test_P011_aorta_tra.mat
2024_test_P011_cine_lvot.mat
2024_test_P012_aorta_sag.mat
2024_test_P012_aorta_tra.mat
2024_test_P012_cine_lvot.mat
2024_test_P013_aorta_sag.mat
2024_test_P013_aorta_tra.mat
2024_test_P013_cine_lvot.mat
2024_test_P014_aorta_sag.mat
2024_test_P014_aorta_tra.mat
2024_test_P014_cine_lvot.mat
2024_test_P015_aorta_sag.mat
2024_test_P015_aorta_tra.mat
2024_test_P015_cine_lvot.mat
2024_test_P016_cine_lvot.mat
2024_test_P017_aorta_sag.mat
2024_test_P017_aorta_tra.mat
2024_test_P017_cine_lvot.mat
2024_test_P019_aorta_sag.mat
2024_test_P019_aorta_tra.mat
2024_test_P019_cine_lvot.mat
2024_test_P020_cine_lvot.mat
2024_test_P021_cine_lvot.mat
2024_test_P022_cine_lvot.mat
2024_test_P023_aorta_sag.mat
2024_test_P023_aorta_tra.mat
2024_test_P023_cine_lvot.mat
2024_test_P024_aorta_sag.mat
2024_test_P024_aorta_tra.mat
2024_test_P024_cine_lvot.mat
2024_test_P025_aorta_sag.mat
2024_test_P025_aorta_tra.mat
2024_test_P025_cine_lvot.mat
2024_test_P026_aorta_sag.mat
2024_test_P026_aorta_tra.mat
2024_test_P026_cine_lvot.mat
2024_test_P027_aorta_sag.mat
2024_test_P027_aorta_tra.mat
2024_test_P027_cine_lvot.mat
2024_test_P028_aorta_sag.mat
2024_test_P028_aorta_tra.mat
2024_test_P028_cine_lvot.mat
2024_test_P029_aorta_sag.mat
2024_test_P029_aorta_tra.mat
2024_test_P029_cine_lvot.mat
2024_test_P030_cine_lvot.mat
2024_test_P031_aorta_sag.mat
2024_test_P031_aorta_tra.mat
2024_test_P031_cine_lvot.mat
2024_test_P032_aorta_sag.mat
2024_test_P032_aorta_tra.mat
2024_test_P032_cine_lvot.mat
2024_test_P033_aorta_sag.mat
2024_test_P033_aorta_tra.mat
2024_test_P033_cine_lvot.mat
2024_test_P034_aorta_sag.mat
2024_test_P034_aorta_tra.mat
2024_test_P034_cine_lvot.mat
2024_test_P035_aorta_sag.mat
2024_test_P035_aorta_tra.mat
2024_test_P035_cine_lvot.mat
2024_test_P036_cine_lvot.mat
2024_test_P037_cine_lvot.mat
2024_test_P038_aorta_sag.mat
2024_test_P038_aorta_tra.mat
2024_test_P038_cine_lvot.mat
2024_test_P039_cine_lvot.mat
2024_test_P040_aorta_sag.mat
2024_test_P040_aorta_tra.mat
2024_test_P040_cine_lvot.mat
2024_test_P041_aorta_sag.mat
2024_test_P041_aorta_tra.mat
2024_test_P041_cine_lvot.mat
2024_test_P042_aorta_sag.mat
2024_test_P042_aorta_tra.mat
2024_test_P042_cine_lvot.mat
2024_test_P043_aorta_sag.mat
2024_test_P043_aorta_tra.mat
2024_test_P043_cine_lvot.mat
2024_test_P044_cine_lvot.mat
2024_test_P045_aorta_sag.mat
2024_test_P045_aorta_tra.mat
2024_test_P045_cine_lvot.mat
2024_test_P046_aorta_sag.mat
2024_test_P046_aorta_tra.mat
2024_test_P046_cine_lvot.mat
2024_test_P047_aorta_sag.mat
2024_test_P047_aorta_tra.mat
2024_test_P047_cine_lvot.mat
2024_test_P048_aorta_sag.mat
2024_test_P048_aorta_tra.mat
2024_test_P048_cine_lvot.mat
2024_test_P049_aorta_sag.mat
2024_test_P049_aorta_tra.mat
2024_test_P049_cine_lvot.mat
2024_test_P050_aorta_sag.mat
2024_test_P050_aorta_tra.mat
2024_test_P050_cine_lvot.mat
2024_test_P051_cine_lvot.mat
2024_test_P052_aorta_sag.mat
2024_test_P052_aorta_tra.mat
2024_test_P052_cine_lvot.mat
2024_test_P053_cine_lvot.mat
2024_test_P054_aorta_sag.mat
2024_test_P054_cine_lvot.mat
2024_test_P055_cine_lvot.mat
2024_test_P056_aorta_sag.mat
2024_test_P056_aorta_tra.mat
2024_test_P056_cine_lvot.mat
2024_test_P057_aorta_sag.mat
2024_test_P057_aorta_tra.mat
2024_test_P057_cine_lvot.mat
2024_test_P058_aorta_sag.mat
2024_test_P058_aorta_tra.mat
2024_test_P058_cine_lvot.mat
2024_test_P059_cine_lvot.mat
2024_test_P060_aorta_sag.mat
2024_test_P060_aorta_tra.mat
2024_test_P060_cine_lvot.mat
2024_test_P061_cine_lvot.mat
2024_test_P062_cine_lvot.mat
2024_test_P063_aorta_sag.mat
2024_test_P063_aorta_tra.mat
2024_test_P063_cine_lvot.mat
2024_test_P064_aorta_sag.mat
2024_test_P064_aorta_tra.mat
2024_test_P064_cine_lvot.mat
2024_test_P065_aorta_sag.mat
2024_test_P065_aorta_tra.mat
2024_test_P065_cine_lvot.mat
2024_test_P066_cine_lvot.mat
2024_test_P067_cine_lvot.mat
2024_test_P068_cine_lvot.mat
2024_test_P069_aorta_sag.mat
2024_test_P069_aorta_tra.mat
2024_test_P069_cine_lvot.mat
2024_test_P070_cine_lvot.mat
2024_train_P001_cine_lvot.mat
2024_train_P002_aorta_sag.mat
2024_train_P002_aorta_tra.mat
2024_train_P002_cine_lvot.mat
2024_train_P003_aorta_sag.mat
2024_train_P003_aorta_tra.mat
2024_train_P003_cine_lvot.mat
2024_train_P004_aorta_sag.mat
2024_train_P004_aorta_tra.mat
2024_train_P004_cine_lvot.mat
2024_train_P005_aorta_sag.mat
2024_train_P005_aorta_tra.mat
2024_train_P005_cine_lvot.mat
2024_train_P006_aorta_sag.mat
2024_train_P006_aorta_tra.mat
2024_train_P006_cine_lvot.mat
2024_train_P007_aorta_sag.mat
2024_train_P007_cine_lvot.mat
2024_train_P009_aorta_sag.mat
2024_train_P009_aorta_tra.mat
2024_train_P009_cine_lvot.mat
2024_train_P010_aorta_sag.mat
2024_train_P010_aorta_tra.mat
2024_train_P010_cine_lvot.mat
2024_train_P011_aorta_sag.mat
2024_train_P011_aorta_tra.mat
2024_train_P011_cine_lvot.mat
2024_train_P012_aorta_sag.mat
2024_train_P012_aorta_tra.mat
2024_train_P012_cine_lvot.mat
2024_train_P013_aorta_sag.mat
2024_train_P013_aorta_tra.mat
2024_train_P013_cine_lvot.mat
2024_train_P014_cine_lvot.mat
2024_train_P015_aorta_sag.mat
2024_train_P015_aorta_tra.mat
2024_train_P015_cine_lvot.mat
2024_train_P016_aorta_sag.mat
2024_train_P016_aorta_tra.mat
2024_train_P016_cine_lvot.mat
2024_train_P017_aorta_sag.mat
2024_train_P017_aorta_tra.mat
2024_train_P017_cine_lvot.mat
2024_train_P018_aorta_sag.mat
2024_train_P018_aorta_tra.mat
2024_train_P018_cine_lvot.mat
2024_train_P019_cine_lvot.mat
2024_train_P020_aorta_sag.mat
2024_train_P020_aorta_tra.mat
2024_train_P020_cine_lvot.mat
2024_train_P021_aorta_sag.mat
2024_train_P021_aorta_tra.mat
2024_train_P021_cine_lvot.mat
2024_train_P022_aorta_tra.mat
2024_train_P022_cine_lvot.mat
2024_train_P023_aorta_sag.mat
2024_train_P023_aorta_tra.mat
2024_train_P023_cine_lvot.mat
2024_train_P024_aorta_sag.mat
2024_train_P024_aorta_tra.mat
2024_train_P024_cine_lvot.mat
2024_train_P025_cine_lvot.mat
2024_train_P026_aorta_sag.mat
2024_train_P026_aorta_tra.mat
2024_train_P026_cine_lvot.mat
2024_train_P027_aorta_sag.mat
2024_train_P027_aorta_tra.mat
2024_train_P027_cine_lvot.mat
2024_train_P028_aorta_sag.mat
2024_train_P028_aorta_tra.mat
2024_train_P028_cine_lvot.mat
2024_train_P029_aorta_sag.mat
2024_train_P029_aorta_tra.mat
2024_train_P029_cine_lvot.mat
2024_train_P030_aorta_sag.mat
2024_train_P030_aorta_tra.mat
2024_train_P030_cine_lvot.mat
2024_train_P031_aorta_sag.mat
2024_train_P031_aorta_tra.mat
2024_train_P031_cine_lvot.mat
2024_train_P032_aorta_sag.mat
2024_train_P032_aorta_tra.mat
2024_train_P032_cine_lvot.mat
2024_train_P033_aorta_sag.mat
2024_train_P033_aorta_tra.mat
2024_train_P033_cine_lvot.mat
2024_train_P034_aorta_sag.mat
2024_train_P034_aorta_tra.mat
2024_train_P034_cine_lvot.mat
2024_train_P035_aorta_sag.mat
2024_train_P035_aorta_tra.mat
2024_train_P035_cine_lvot.mat
2024_train_P036_cine_lvot.mat
2024_train_P037_aorta_sag.mat
2024_train_P037_aorta_tra.mat
2024_train_P037_cine_lvot.mat
2024_train_P038_cine_lvot.mat
2024_train_P039_aorta_sag.mat
2024_train_P039_aorta_tra.mat
2024_train_P039_cine_lvot.mat
2024_train_P040_aorta_sag.mat
2024_train_P040_aorta_tra.mat
2024_train_P040_cine_lvot.mat
2024_train_P041_aorta_sag.mat
2024_train_P041_aorta_tra.mat
2024_train_P041_cine_lvot.mat
2024_train_P042_aorta_sag.mat
2024_train_P042_aorta_tra.mat
2024_train_P042_cine_lvot.mat
2024_train_P043_aorta_sag.mat
2024_train_P043_aorta_tra.mat
2024_train_P043_cine_lvot.mat
2024_train_P044_aorta_sag.mat
2024_train_P044_aorta_tra.mat
2024_train_P044_cine_lvot.mat
2024_train_P045_aorta_sag.mat
2024_train_P045_aorta_tra.mat
2024_train_P045_cine_lvot.mat
2024_train_P046_aorta_sag.mat
2024_train_P046_aorta_tra.mat
2024_train_P046_cine_lvot.mat
2024_train_P047_aorta_sag.mat
2024_train_P047_aorta_tra.mat
2024_train_P047_cine_lvot.mat
2024_train_P048_aorta_sag.mat
2024_train_P048_aorta_tra.mat
2024_train_P048_cine_lvot.mat
2024_train_P049_aorta_sag.mat
2024_train_P049_aorta_tra.mat
2024_train_P049_cine_lvot.mat
2024_train_P050_aorta_sag.mat
2024_train_P050_aorta_tra.mat
2024_train_P050_cine_lvot.mat
2024_train_P051_aorta_sag.mat
2024_train_P051_aorta_tra.mat
2024_train_P051_cine_lvot.mat
2024_train_P052_aorta_sag.mat
2024_train_P052_aorta_tra.mat
2024_train_P052_cine_lvot.mat
2024_train_P053_aorta_sag.mat
2024_train_P053_aorta_tra.mat
2024_train_P053_cine_lvot.mat
2024_train_P054_cine_lvot.mat
2024_train_P055_aorta_sag.mat
2024_train_P055_aorta_tra.mat
2024_train_P055_cine_lvot.mat
2024_train_P056_aorta_tra.mat
2024_train_P057_aorta_sag.mat
2024_train_P057_aorta_tra.mat
2024_train_P057_cine_lvot.mat
2024_train_P058_aorta_sag.mat
2024_train_P058_aorta_tra.mat
2024_train_P058_cine_lvot.mat
2024_train_P059_aorta_sag.mat
2024_train_P059_aorta_tra.mat
2024_train_P059_cine_lvot.mat
2024_train_P060_cine_lvot.mat
2024_train_P061_cine_lvot.mat
2024_train_P062_cine_lvot.mat
2024_train_P063_aorta_sag.mat
2024_train_P063_aorta_tra.mat
2024_train_P063_cine_lvot.mat
2024_train_P064_aorta_sag.mat
2024_train_P064_aorta_tra.mat
2024_train_P064_cine_lvot.mat
2024_train_P065_aorta_tra.mat
2024_train_P065_cine_lvot.mat
2024_train_P066_aorta_sag.mat
2024_train_P066_aorta_tra.mat
2024_train_P066_cine_lvot.mat
2024_train_P067_aorta_sag.mat
2024_train_P067_aorta_tra.mat
2024_train_P067_cine_lvot.mat
2024_train_P068_cine_lvot.mat
2024_train_P069_aorta_sag.mat
2024_train_P069_aorta_tra.mat
2024_train_P069_cine_lvot.mat
2024_train_P070_aorta_sag.mat
2024_train_P070_aorta_tra.mat
2024_train_P070_cine_lvot.mat
2024_train_P071_aorta_sag.mat
2024_train_P071_aorta_tra.mat
2024_train_P071_cine_lvot.mat
2024_train_P072_aorta_sag.mat
2024_train_P072_aorta_tra.mat
2024_train_P072_cine_lvot.mat
2024_train_P073_aorta_sag.mat
2024_train_P073_aorta_tra.mat
2024_train_P073_cine_lvot.mat
2024_train_P074_aorta_sag.mat
2024_train_P074_aorta_tra.mat
2024_train_P074_cine_lvot.mat
2024_train_P075_cine_lvot.mat
2024_train_P076_aorta_sag.mat
2024_train_P076_aorta_tra.mat
2024_train_P076_cine_lvot.mat
2024_train_P078_cine_lvot.mat
2024_train_P079_aorta_sag.mat
2024_train_P079_aorta_tra.mat
2024_train_P079_cine_lvot.mat
2024_train_P080_aorta_sag.mat
2024_train_P080_aorta_tra.mat
2024_train_P080_cine_lvot.mat
2024_train_P081_aorta_sag.mat
2024_train_P081_aorta_tra.mat
2024_train_P081_cine_lvot.mat
2024_train_P082_aorta_sag.mat
2024_train_P082_aorta_tra.mat
2024_train_P082_cine_lvot.mat
2024_train_P083_aorta_sag.mat
2024_train_P083_aorta_tra.mat
2024_train_P083_cine_lvot.mat
2024_train_P084_aorta_sag.mat
2024_train_P084_aorta_tra.mat
2024_train_P084_cine_lvot.mat
2024_train_P085_aorta_sag.mat
2024_train_P085_aorta_tra.mat
2024_train_P085_cine_lvot.mat
2024_train_P086_aorta_sag.mat
2024_train_P086_aorta_tra.mat
2024_train_P086_cine_lvot.mat
2024_train_P087_aorta_sag.mat
2024_train_P087_aorta_tra.mat
2024_train_P087_cine_lvot.mat
2024_train_P088_aorta_sag.mat
2024_train_P088_aorta_tra.mat
2024_train_P088_cine_lvot.mat
2024_train_P089_aorta_sag.mat
2024_train_P089_aorta_tra.mat
2024_train_P089_cine_lvot.mat
2024_train_P091_cine_lvot.mat
2024_train_P092_aorta_sag.mat
2024_train_P092_aorta_tra.mat
2024_train_P092_cine_lvot.mat
2024_train_P093_aorta_sag.mat
2024_train_P093_aorta_tra.mat
2024_train_P093_cine_lvot.mat
2024_train_P094_aorta_sag.mat
2024_train_P094_aorta_tra.mat
2024_train_P094_cine_lvot.mat
2024_train_P095_aorta_sag.mat
2024_train_P095_aorta_tra.mat
2024_train_P095_cine_lvot.mat
2024_train_P096_aorta_sag.mat
2024_train_P096_aorta_tra.mat
2024_train_P096_cine_lvot.mat
2024_train_P097_aorta_sag.mat
2024_train_P097_aorta_tra.mat
2024_train_P097_cine_lvot.mat
2024_train_P098_aorta_sag.mat
2024_train_P098_aorta_tra.mat
2024_train_P098_cine_lvot.mat
2024_train_P099_aorta_sag.mat
2024_train_P099_aorta_tra.mat
2024_train_P099_cine_lvot.mat
2024_train_P100_aorta_sag.mat
2024_train_P100_aorta_tra.mat
2024_train_P100_cine_lvot.mat
2024_train_P101_aorta_sag.mat
2024_train_P101_aorta_tra.mat
2024_train_P101_cine_lvot.mat
2024_train_P103_cine_lvot.mat
2024_train_P104_aorta_sag.mat
2024_train_P104_aorta_tra.mat
2024_train_P104_cine_lvot.mat
2024_train_P105_aorta_sag.mat
2024_train_P105_cine_lvot.mat
2024_train_P106_aorta_sag.mat
2024_train_P106_aorta_tra.mat
2024_train_P106_cine_lvot.mat
2024_train_P107_aorta_sag.mat
2024_train_P107_aorta_tra.mat
2024_train_P107_cine_lvot.mat
2024_train_P108_aorta_sag.mat
2024_train_P108_aorta_tra.mat
2024_train_P108_cine_lvot.mat
2024_train_P109_cine_lvot.mat
2024_train_P110_cine_lvot.mat
2024_train_P111_aorta_sag.mat
2024_train_P111_aorta_tra.mat
2024_train_P111_cine_lvot.mat
2024_train_P112_aorta_sag.mat
2024_train_P112_aorta_tra.mat
2024_train_P112_cine_lvot.mat
2024_train_P113_aorta_sag.mat
2024_train_P113_aorta_tra.mat
2024_train_P113_cine_lvot.mat
2024_train_P114_aorta_sag.mat
2024_train_P114_aorta_tra.mat
2024_train_P114_cine_lvot.mat
2024_train_P115_aorta_sag.mat
2024_train_P115_aorta_tra.mat
2024_train_P115_cine_lvot.mat
2024_train_P116_aorta_sag.mat
2024_train_P116_aorta_tra.mat
2024_train_P116_cine_lvot.mat
2024_train_P117_aorta_sag.mat
2024_train_P117_cine_lvot.mat
2024_train_P118_aorta_sag.mat
2024_train_P118_aorta_tra.mat
2024_train_P118_cine_lvot.mat
2024_train_P119_aorta_sag.mat
2024_train_P119_aorta_tra.mat
2024_train_P119_cine_lvot.mat
2024_train_P120_aorta_sag.mat
2024_train_P120_aorta_tra.mat
2024_train_P120_cine_lvot.mat
2024_train_P122_cine_lvot.mat
2024_train_P123_aorta_sag.mat
2024_train_P123_aorta_tra.mat
2024_train_P123_cine_lvot.mat
2024_train_P124_aorta_sag.mat
2024_train_P124_aorta_tra.mat
2024_train_P124_cine_lvot.mat
2024_train_P125_cine_lvot.mat
2024_train_P126_aorta_sag.mat
2024_train_P126_aorta_tra.mat
2024_train_P126_cine_lvot.mat
2024_train_P127_aorta_sag.mat
2024_train_P127_aorta_tra.mat
2024_train_P127_cine_lvot.mat
2024_train_P128_cine_lvot.mat
2024_train_P129_aorta_sag.mat
2024_train_P129_aorta_tra.mat
2024_train_P129_cine_lvot.mat
2024_train_P130_aorta_sag.mat
2024_train_P130_aorta_tra.mat
2024_train_P130_cine_lvot.mat
2024_train_P131_aorta_sag.mat
2024_train_P131_aorta_tra.mat
2024_train_P131_cine_lvot.mat
2024_train_P132_aorta_sag.mat
2024_train_P132_aorta_tra.mat
2024_train_P132_cine_lvot.mat
2024_train_P133_aorta_sag.mat
2024_train_P133_cine_lvot.mat
2024_train_P134_aorta_sag.mat
2024_train_P134_aorta_tra.mat
2024_train_P134_cine_lvot.mat
2024_train_P135_cine_lvot.mat
2024_train_P136_aorta_sag.mat
2024_train_P136_aorta_tra.mat
2024_train_P136_cine_lvot.mat
2024_train_P137_aorta_sag.mat
2024_train_P137_aorta_tra.mat
2024_train_P137_cine_lvot.mat
2024_train_P139_aorta_sag.mat
2024_train_P139_aorta_tra.mat
2024_train_P139_cine_lvot.mat
2024_train_P140_aorta_sag.mat
2024_train_P140_aorta_tra.mat
2024_train_P140_cine_lvot.mat
2024_train_P141_cine_lvot.mat
2024_train_P142_aorta_sag.mat
2024_train_P142_aorta_tra.mat
2024_train_P142_cine_lvot.mat
2024_train_P143_cine_lvot.mat
2024_train_P144_cine_lvot.mat
2024_train_P145_aorta_sag.mat
2024_train_P145_aorta_tra.mat
2024_train_P145_cine_lvot.mat
2024_train_P146_aorta_sag.mat
2024_train_P146_aorta_tra.mat
2024_train_P146_cine_lvot.mat
2024_train_P147_aorta_sag.mat
2024_train_P147_aorta_tra.mat
2024_train_P147_cine_lvot.mat
2024_train_P148_aorta_sag.mat
2024_train_P148_aorta_tra.mat
2024_train_P148_cine_lvot.mat
2024_train_P149_cine_lvot.mat
2024_train_P150_aorta_sag.mat
2024_train_P150_aorta_tra.mat
2024_train_P150_cine_lvot.mat
2024_train_P151_cine_lvot.mat
2024_train_P152_aorta_sag.mat
2024_train_P152_aorta_tra.mat
2024_train_P152_cine_lvot.mat
2024_train_P153_aorta_sag.mat
2024_train_P153_aorta_tra.mat
2024_train_P153_cine_lvot.mat
2024_train_P154_aorta_sag.mat
2024_train_P154_aorta_tra.mat
2024_train_P154_cine_lvot.mat
2024_train_P155_aorta_sag.mat
2024_train_P155_aorta_tra.mat
2024_train_P155_cine_lvot.mat
2024_train_P156_aorta_sag.mat
2024_train_P156_aorta_tra.mat
2024_train_P156_cine_lvot.mat
2024_train_P157_cine_lvot.mat
2024_train_P158_cine_lvot.mat
2024_train_P159_aorta_sag.mat
2024_train_P159_aorta_tra.mat
2024_train_P159_cine_lvot.mat
2024_train_P160_aorta_sag.mat
2024_train_P160_aorta_tra.mat
2024_train_P160_cine_lvot.mat
2024_train_P161_aorta_sag.mat
2024_train_P161_aorta_tra.mat
2024_train_P161_cine_lvot.mat
2024_train_P162_aorta_sag.mat
2024_train_P162_aorta_tra.mat
2024_train_P162_cine_lvot.mat
2024_train_P163_aorta_sag.mat
2024_train_P163_aorta_tra.mat
2024_train_P163_cine_lvot.mat
2024_train_P164_aorta_sag.mat
2024_train_P164_aorta_tra.mat
2024_train_P164_cine_lvot.mat
2024_train_P165_cine_lvot.mat
2024_train_P166_aorta_sag.mat
2024_train_P166_aorta_tra.mat
2024_train_P166_cine_lvot.mat
2024_train_P167_aorta_sag.mat
2024_train_P167_aorta_tra.mat
2024_train_P167_cine_lvot.mat
2024_train_P168_aorta_sag.mat
2024_train_P168_aorta_tra.mat
2024_train_P168_cine_lvot.mat
2024_train_P169_aorta_sag.mat
2024_train_P169_aorta_tra.mat
2024_train_P169_cine_lvot.mat
2024_train_P170_aorta_sag.mat
2024_train_P170_aorta_tra.mat
2024_train_P170_cine_lvot.mat
2024_train_P171_cine_lvot.mat
2024_train_P172_cine_lvot.mat
2024_train_P173_cine_lvot.mat
2024_train_P174_aorta_sag.mat
2024_train_P174_aorta_tra.mat
2024_train_P174_cine_lvot.mat
2024_train_P175_aorta_sag.mat
2024_train_P175_aorta_tra.mat
2024_train_P175_cine_lvot.mat
2024_train_P176_aorta_sag.mat
2024_train_P176_aorta_tra.mat
2024_train_P176_cine_lvot.mat
2024_train_P177_cine_lvot.mat
2024_train_P178_aorta_sag.mat
2024_train_P178_aorta_tra.mat
2024_train_P178_cine_lvot.mat
2024_train_P179_aorta_sag.mat
2024_train_P179_aorta_tra.mat
2024_train_P179_cine_lvot.mat
2024_train_P180_aorta_sag.mat
2024_train_P180_aorta_tra.mat
2024_train_P180_cine_lvot.mat
2024_train_P181_aorta_sag.mat
2024_train_P181_aorta_tra.mat
2024_train_P181_cine_lvot.mat
2024_train_P182_aorta_sag.mat
2024_train_P182_aorta_tra.mat
2024_train_P182_cine_lvot.mat
2024_train_P183_aorta_sag.mat
2024_train_P183_aorta_tra.mat
2024_train_P183_cine_lvot.mat
2024_train_P184_cine_lvot.mat
2024_train_P185_cine_lvot.mat
2024_train_P186_cine_lvot.mat
2024_train_P187_cine_lvot.mat
2024_train_P188_cine_lvot.mat
2024_train_P189_cine_lvot.mat
2024_train_P190_cine_lvot.mat
2024_train_P191_aorta_sag.mat
2024_train_P191_aorta_tra.mat
2024_train_P191_cine_lvot.mat
2024_train_P192_aorta_sag.mat
2024_train_P192_aorta_tra.mat
2024_train_P192_cine_lvot.mat
2024_train_P193_aorta_sag.mat
2024_train_P193_aorta_tra.mat
2024_train_P193_cine_lvot.mat
2024_train_P194_aorta_sag.mat
2024_train_P194_aorta_tra.mat
2024_train_P194_cine_lvot.mat
2024_train_P195_aorta_sag.mat
2024_train_P195_aorta_tra.mat
2024_train_P195_cine_lvot.mat
2024_train_P196_aorta_sag.mat
2024_train_P196_aorta_tra.mat
2024_train_P196_cine_lvot.mat
2024_train_P197_aorta_sag.mat
2024_train_P197_aorta_tra.mat
2024_train_P197_cine_lvot.mat
2024_train_P198_aorta_sag.mat
2024_train_P198_aorta_tra.mat
2024_train_P198_cine_lvot.mat
2024_train_P199_aorta_sag.mat
2024_train_P199_aorta_tra.mat
2024_train_P199_cine_lvot.mat
2024_train_P200_aorta_sag.mat
2024_train_P200_aorta_tra.mat
2024_train_P200_cine_lvot.mat
2024_val_P001_aorta_sag.mat
2024_val_P001_aorta_tra.mat
2024_val_P001_cine_lvot.mat
2024_val_P002_aorta_sag.mat
2024_val_P002_aorta_tra.mat
2024_val_P002_cine_lvot.mat
2024_val_P003_aorta_sag.mat
2024_val_P003_aorta_tra.mat
2024_val_P003_cine_lvot.mat
2024_val_P004_aorta_sag.mat
2024_val_P004_aorta_tra.mat
2024_val_P004_cine_lvot.mat
2024_val_P005_aorta_sag.mat
2024_val_P005_aorta_tra.mat
2024_val_P005_cine_lvot.mat
2024_val_P006_aorta_sag.mat
2024_val_P006_aorta_tra.mat
2024_val_P006_cine_lvot.mat
2024_val_P007_cine_lvot.mat
2024_val_P008_aorta_sag.mat
2024_val_P008_aorta_tra.mat
2024_val_P008_cine_lvot.mat
2024_val_P009_cine_lvot.mat
2024_val_P010_cine_lvot.mat
2024_val_P011_aorta_sag.mat
2024_val_P011_aorta_tra.mat
2024_val_P011_cine_lvot.mat
2024_val_P012_cine_lvot.mat
2024_val_P013_aorta_sag.mat
2024_val_P013_aorta_tra.mat
2024_val_P013_cine_lvot.mat
2024_val_P014_aorta_sag.mat
2024_val_P014_aorta_tra.mat
2024_val_P014_cine_lvot.mat
2024_val_P015_aorta_sag.mat
2024_val_P015_aorta_tra.mat
2024_val_P015_cine_lvot.mat
2024_val_P016_aorta_sag.mat
2024_val_P016_aorta_tra.mat
2024_val_P016_cine_lvot.mat
2024_val_P017_aorta_sag.mat
2024_val_P017_aorta_tra.mat
2024_val_P017_cine_lvot.mat
2024_val_P018_aorta_tra.mat
2024_val_P018_cine_lvot.mat
2024_val_P019_cine_lvot.mat
2024_val_P020_cine_lvot.mat
2024_val_P021_aorta_sag.mat
2024_val_P021_aorta_tra.mat
2024_val_P021_cine_lvot.mat
2024_val_P022_aorta_sag.mat
2024_val_P022_aorta_tra.mat
2024_val_P022_cine_lvot.mat
2024_val_P023_aorta_sag.mat
2024_val_P023_aorta_tra.mat
2024_val_P023_cine_lvot.mat
2024_val_P024_aorta_sag.mat
2024_val_P024_aorta_tra.mat
2024_val_P024_cine_lvot.mat
2024_val_P025_aorta_sag.mat
2024_val_P025_aorta_tra.mat
2024_val_P025_cine_lvot.mat
2024_val_P026_aorta_sag.mat
2024_val_P026_aorta_tra.mat
2024_val_P026_cine_lvot.mat
2024_val_P027_aorta_sag.mat
2024_val_P027_aorta_tra.mat
2024_val_P027_cine_lvot.mat
2024_val_P028_cine_lvot.mat
2024_val_P029_aorta_sag.mat
2024_val_P029_aorta_tra.mat
2024_val_P029_cine_lvot.mat
2024_val_P030_aorta_sag.mat
2024_val_P030_aorta_tra.mat
2024_val_P030_cine_lvot.mat
2024_val_P031_aorta_sag.mat
2024_val_P031_aorta_tra.mat
2024_val_P031_cine_lvot.mat
2024_val_P032_aorta_sag.mat
2024_val_P032_aorta_tra.mat
2024_val_P032_cine_lvot.mat
2024_val_P033_cine_lvot.mat
2024_val_P034_cine_lvot.mat
2024_val_P035_aorta_sag.mat
2024_val_P035_aorta_tra.mat
2024_val_P035_cine_lvot.mat
2024_val_P036_aorta_sag.mat
2024_val_P036_aorta_tra.mat
2024_val_P036_cine_lvot.mat
2024_val_P037_aorta_sag.mat
2024_val_P037_aorta_tra.mat
2024_val_P037_cine_lvot.mat
2024_val_P038_aorta_sag.mat
2024_val_P038_aorta_tra.mat
2024_val_P038_cine_lvot.mat
2024_val_P039_aorta_sag.mat
2024_val_P039_aorta_tra.mat
2024_val_P039_cine_lvot.mat
2024_val_P040_cine_lvot.mat
2024_val_P041_cine_lvot.mat
2024_val_P042_cine_lvot.mat
2024_val_P043_aorta_sag.mat
2024_val_P043_aorta_tra.mat
2024_val_P043_cine_lvot.mat
2024_val_P044_aorta_sag.mat
2024_val_P044_aorta_tra.mat
2024_val_P044_cine_lvot.mat
2024_val_P045_aorta_sag.mat
2024_val_P045_aorta_tra.mat
2024_val_P045_cine_lvot.mat
2024_val_P046_aorta_sag.mat
2024_val_P046_aorta_tra.mat
2024_val_P046_cine_lvot.mat
2024_val_P047_aorta_sag.mat
2024_val_P047_aorta_tra.mat
2024_val_P047_cine_lvot.mat
2024_val_P048_cine_lvot.mat
2024_val_P049_aorta_sag.mat
2024_val_P049_aorta_tra.mat
2024_val_P049_cine_lvot.mat
2024_val_P050_aorta_sag.mat
2024_val_P050_aorta_tra.mat
2024_val_P050_cine_lvot.mat
2024_val_P051_aorta_sag.mat
2024_val_P051_aorta_tra.mat
2024_val_P051_cine_lvot.mat
2024_val_P052_aorta_sag.mat
2024_val_P052_aorta_tra.mat
2024_val_P052_cine_lvot.mat
2024_val_P053_aorta_sag.mat
2024_val_P053_aorta_tra.mat
2024_val_P053_cine_lvot.mat
2024_val_P054_aorta_sag.mat
2024_val_P054_aorta_tra.mat
2024_val_P054_cine_lvot.mat
2024_val_P055_cine_lvot.mat
2024_val_P056_aorta_sag.mat
2024_val_P056_aorta_tra.mat
2024_val_P056_cine_lvot.mat
2024_val_P057_aorta_sag.mat
2024_val_P057_aorta_tra.mat
2024_val_P057_cine_lvot.mat
2024_val_P058_aorta_sag.mat
2024_val_P058_aorta_tra.mat
2024_val_P058_cine_lvot.mat
2024_val_P059_aorta_sag.mat
2024_val_P059_cine_lvot.mat
2024_val_P060_aorta_sag.mat
2024_val_P060_aorta_tra.mat
2024_val_P060_cine_lvot.mat
