2023_test_P003_T2map.mat
2023_test_P005_T2map.mat
2023_test_P006_T2map.mat
2023_test_P007_T2map.mat
2023_test_P008_T2map.mat
2023_test_P009_T2map.mat
2023_test_P010_T2map.mat
2023_test_P011_T2map.mat
2023_test_P012_T2map.mat
2023_test_P013_T2map.mat
2023_test_P014_T2map.mat
2023_test_P015_T2map.mat
2023_test_P017_T2map.mat
2023_test_P019_T2map.mat
2023_test_P020_T2map.mat
2023_test_P021_T2map.mat
2023_test_P022_T2map.mat
2023_test_P023_T2map.mat
2023_test_P024_T2map.mat
2023_test_P025_T2map.mat
2023_test_P026_T2map.mat
2023_test_P027_T2map.mat
2023_test_P028_T2map.mat
2023_test_P029_T2map.mat
2023_test_P030_T2map.mat
2023_test_P031_T2map.mat
2023_test_P032_T2map.mat
2023_test_P033_T2map.mat
2023_test_P034_T2map.mat
2023_test_P035_T2map.mat
2023_test_P036_T2map.mat
2023_test_P037_T2map.mat
2023_test_P038_T2map.mat
2023_test_P039_T2map.mat
2023_test_P040_T2map.mat
2023_test_P041_T2map.mat
2023_test_P043_T2map.mat
2023_test_P044_T2map.mat
2023_test_P045_T2map.mat
2023_test_P046_T2map.mat
2023_test_P047_T2map.mat
2023_test_P048_T2map.mat
2023_test_P049_T2map.mat
2023_test_P050_T2map.mat
2023_test_P051_T2map.mat
2023_test_P052_T2map.mat
2023_test_P054_T2map.mat
2023_test_P055_T2map.mat
2023_test_P056_T2map.mat
2023_test_P057_T2map.mat
2023_test_P058_T2map.mat
2023_test_P059_T2map.mat
2023_test_P060_T2map.mat
2023_test_P061_T2map.mat
2023_test_P062_T2map.mat
2023_test_P063_T2map.mat
2023_test_P064_T2map.mat
2023_test_P065_T2map.mat
2023_test_P066_T2map.mat
2023_test_P067_T2map.mat
2023_test_P068_T2map.mat
2023_test_P069_T2map.mat
2023_test_P070_T2map.mat
2023_test_P071_T2map.mat
2023_test_P072_T2map.mat
2023_test_P075_T2map.mat
2023_test_P076_T2map.mat
2023_test_P077_T2map.mat
2023_test_P079_T2map.mat
2023_test_P080_T2map.mat
2023_test_P081_T2map.mat
2023_test_P082_T2map.mat
2023_test_P084_T2map.mat
2023_test_P085_T2map.mat
2023_test_P086_T2map.mat
2023_test_P087_T2map.mat
2023_test_P088_T2map.mat
2023_test_P089_T2map.mat
2023_test_P090_T2map.mat
2023_test_P091_T2map.mat
2023_test_P092_T2map.mat
2023_test_P093_T2map.mat
2023_test_P094_T2map.mat
2023_test_P095_T2map.mat
2023_test_P096_T2map.mat
2023_test_P097_T2map.mat
2023_test_P098_T2map.mat
2023_test_P099_T2map.mat
2023_test_P101_T2map.mat
2023_test_P102_T2map.mat
2023_test_P103_T2map.mat
2023_test_P104_T2map.mat
2023_test_P106_T2map.mat
2023_test_P107_T2map.mat
2023_test_P108_T2map.mat
2023_test_P109_T2map.mat
2023_test_P110_T2map.mat
2023_test_P111_T2map.mat
2023_test_P112_T2map.mat
2023_test_P113_T2map.mat
2023_test_P114_T2map.mat
2023_test_P115_T2map.mat
2023_test_P116_T2map.mat
2023_test_P117_T2map.mat
2023_test_P118_T2map.mat
2023_test_P119_T2map.mat
2023_test_P120_T2map.mat
2023_train_P001_T2map.mat
2023_train_P002_T2map.mat
2023_train_P003_T2map.mat
2023_train_P004_T2map.mat
2023_train_P005_T2map.mat
2023_train_P006_T2map.mat
2023_train_P007_T2map.mat
2023_train_P008_T2map.mat
2023_train_P009_T2map.mat
2023_train_P010_T2map.mat
2023_train_P011_T2map.mat
2023_train_P012_T2map.mat
2023_train_P013_T2map.mat
2023_train_P014_T2map.mat
2023_train_P015_T2map.mat
2023_train_P016_T2map.mat
2023_train_P017_T2map.mat
2023_train_P018_T2map.mat
2023_train_P019_T2map.mat
2023_train_P020_T2map.mat
2023_train_P021_T2map.mat
2023_train_P022_T2map.mat
2023_train_P023_T2map.mat
2023_train_P024_T2map.mat
2023_train_P025_T2map.mat
2023_train_P026_T2map.mat
2023_train_P027_T2map.mat
2023_train_P028_T2map.mat
2023_train_P029_T2map.mat
2023_train_P030_T2map.mat
2023_train_P031_T2map.mat
2023_train_P032_T2map.mat
2023_train_P033_T2map.mat
2023_train_P034_T2map.mat
2023_train_P035_T2map.mat
2023_train_P036_T2map.mat
2023_train_P037_T2map.mat
2023_train_P038_T2map.mat
2023_train_P039_T2map.mat
2023_train_P040_T2map.mat
2023_train_P041_T2map.mat
2023_train_P042_T2map.mat
2023_train_P043_T2map.mat
2023_train_P044_T2map.mat
2023_train_P045_T2map.mat
2023_train_P046_T2map.mat
2023_train_P047_T2map.mat
2023_train_P048_T2map.mat
2023_train_P049_T2map.mat
2023_train_P050_T2map.mat
2023_train_P051_T2map.mat
2023_train_P052_T2map.mat
2023_train_P053_T2map.mat
2023_train_P054_T2map.mat
2023_train_P055_T2map.mat
2023_train_P056_T2map.mat
2023_train_P057_T2map.mat
2023_train_P058_T2map.mat
2023_train_P059_T2map.mat
2023_train_P060_T2map.mat
2023_train_P061_T2map.mat
2023_train_P062_T2map.mat
2023_train_P063_T2map.mat
2023_train_P064_T2map.mat
2023_train_P065_T2map.mat
2023_train_P066_T2map.mat
2023_train_P067_T2map.mat
2023_train_P068_T2map.mat
2023_train_P069_T2map.mat
2023_train_P070_T2map.mat
2023_train_P071_T2map.mat
2023_train_P072_T2map.mat
2023_train_P073_T2map.mat
2023_train_P074_T2map.mat
2023_train_P075_T2map.mat
2023_train_P076_T2map.mat
2023_train_P077_T2map.mat
2023_train_P078_T2map.mat
2023_train_P079_T2map.mat
2023_train_P080_T2map.mat
2023_train_P081_T2map.mat
2023_train_P082_T2map.mat
2023_train_P083_T2map.mat
2023_train_P084_T2map.mat
2023_train_P085_T2map.mat
2023_train_P086_T2map.mat
2023_train_P087_T2map.mat
2023_train_P088_T2map.mat
2023_train_P089_T2map.mat
2023_train_P090_T2map.mat
2023_train_P091_T2map.mat
2023_train_P092_T2map.mat
2023_train_P093_T2map.mat
2023_train_P094_T2map.mat
2023_train_P095_T2map.mat
2023_train_P096_T2map.mat
2023_train_P097_T2map.mat
2023_train_P098_T2map.mat
2023_train_P099_T2map.mat
2023_train_P100_T2map.mat
2023_train_P101_T2map.mat
2023_train_P102_T2map.mat
2023_train_P103_T2map.mat
2023_train_P104_T2map.mat
2023_train_P105_T2map.mat
2023_train_P106_T2map.mat
2023_train_P107_T2map.mat
2023_train_P108_T2map.mat
2023_train_P109_T2map.mat
2023_train_P110_T2map.mat
2023_train_P111_T2map.mat
2023_train_P112_T2map.mat
2023_train_P113_T2map.mat
2023_train_P114_T2map.mat
2023_train_P115_T2map.mat
2023_train_P116_T2map.mat
2023_train_P117_T2map.mat
2023_train_P118_T2map.mat
2023_train_P119_T2map.mat
2023_train_P120_T2map.mat
2023_val_P001_T2map.mat
2023_val_P002_T2map.mat
2023_val_P003_T2map.mat
2023_val_P004_T2map.mat
2023_val_P005_T2map.mat
2023_val_P006_T2map.mat
2023_val_P007_T2map.mat
2023_val_P009_T2map.mat
2023_val_P010_T2map.mat
2023_val_P011_T2map.mat
2023_val_P012_T2map.mat
2023_val_P013_T2map.mat
2023_val_P014_T2map.mat
2023_val_P015_T2map.mat
2023_val_P016_T2map.mat
2023_val_P017_T2map.mat
2023_val_P018_T2map.mat
2023_val_P019_T2map.mat
2023_val_P020_T2map.mat
2023_val_P021_T2map.mat
2023_val_P022_T2map.mat
2023_val_P023_T2map.mat
2023_val_P024_T2map.mat
2023_val_P025_T2map.mat
2023_val_P026_T2map.mat
2023_val_P027_T2map.mat
2023_val_P028_T2map (1).mat
2023_val_P028_T2map(1).mat
2023_val_P028_T2map.mat
2023_val_P029_T2map.mat
2023_val_P030_T2map.mat
2023_val_P031_T2map.mat
2023_val_P032_T2map.mat
2023_val_P033_T2map.mat
2023_val_P034_T2map.mat
2023_val_P035_T2map.mat
2023_val_P036_T2map.mat
2023_val_P037_T2map.mat
2023_val_P038_T2map.mat
2023_val_P039_T2map.mat
2023_val_P040_T2map.mat
2023_val_P041_T2map.mat
2023_val_P042_T2map.mat
2023_val_P043_T2map.mat
2023_val_P044_T2map.mat
2023_val_P045_T2map.mat
2023_val_P046_T2map.mat
2023_val_P047_T2map.mat
2023_val_P048_T2map.mat
2023_val_P049_T2map.mat
2023_val_P050_T2map.mat
2023_val_P051_T2map.mat
2023_val_P052_T2map.mat
2023_val_P053_T2map.mat
2023_val_P054_T2map.mat
2023_val_P055_T2map.mat
2023_val_P056_T2map.mat
2023_val_P057_T2map.mat
2023_val_P058_T2map.mat
2023_val_P059_T2map.mat
2023_val_P060_T2map.mat
2024_test_P001_T2map.mat
2024_test_P002_T2map.mat
2024_test_P003_T2map.mat
2024_test_P004_T2map.mat
2024_test_P005_T2map.mat
2024_test_P006_T2map.mat
2024_test_P007_T2map.mat
2024_test_P008_T2map.mat
2024_test_P009_T2map.mat
2024_test_P010_T2map.mat
2024_test_P011_T2map.mat
2024_test_P012_T2map.mat
2024_test_P013_T2map.mat
2024_test_P014_T2map.mat
2024_test_P015_T2map.mat
2024_test_P016_T2map.mat
2024_test_P017_T2map.mat
2024_test_P019_T2map.mat
2024_test_P020_T2map.mat
2024_test_P021_T2map.mat
2024_test_P022_T2map.mat
2024_test_P023_T2map.mat
2024_test_P024_T2map.mat
2024_test_P025_T2map.mat
2024_test_P026_T2map.mat
2024_test_P027_T2map.mat
2024_test_P028_T2map.mat
2024_test_P029_T2map.mat
2024_test_P030_T2map.mat
2024_test_P031_T2map.mat
2024_test_P032_T2map.mat
2024_test_P033_T2map.mat
2024_test_P034_T2map.mat
2024_test_P035_T2map.mat
2024_test_P036_T2map.mat
2024_test_P037_T2map.mat
2024_test_P038_T2map.mat
2024_test_P039_T2map.mat
2024_test_P040_T2map.mat
2024_test_P041_T2map.mat
2024_test_P042_T2map.mat
2024_test_P043_T2map.mat
2024_test_P044_T2map.mat
2024_test_P045_T2map.mat
2024_test_P046_T2map.mat
2024_test_P047_T2map.mat
2024_test_P048_T2map.mat
2024_test_P049_T2map.mat
2024_test_P050_T2map.mat
2024_test_P051_T2map.mat
2024_test_P052_T2map.mat
2024_test_P053_T2map.mat
2024_test_P054_T2map.mat
2024_test_P055_T2map.mat
2024_test_P056_T2map.mat
2024_test_P057_T2map.mat
2024_test_P058_T2map.mat
2024_test_P059_T2map.mat
2024_test_P060_T2map.mat
2024_test_P061_T2map.mat
2024_test_P062_T2map.mat
2024_test_P063_T2map.mat
2024_test_P064_T2map.mat
2024_test_P065_T2map.mat
2024_test_P066_T2map.mat
2024_test_P067_T2map.mat
2024_test_P068_T2map.mat
2024_test_P069_T2map.mat
2024_test_P070_T2map.mat
2024_train_P001_T2map.mat
2024_train_P002_T2map.mat
2024_train_P003_T2map.mat
2024_train_P004_T2map.mat
2024_train_P005_T2map.mat
2024_train_P006_T2map.mat
2024_train_P007_T2map.mat
2024_train_P009_T2map.mat
2024_train_P010_T2map.mat
2024_train_P011_T2map.mat
2024_train_P012_T2map.mat
2024_train_P013_T2map.mat
2024_train_P014_T2map.mat
2024_train_P015_T2map.mat
2024_train_P016_T2map.mat
2024_train_P017_T2map.mat
2024_train_P018_T2map.mat
2024_train_P019_T2map.mat
2024_train_P020_T2map.mat
2024_train_P021_T2map.mat
2024_train_P022_T2map.mat
2024_train_P023_T2map.mat
2024_train_P024_T2map.mat
2024_train_P025_T2map.mat
2024_train_P026_T2map.mat
2024_train_P027_T2map.mat
2024_train_P028_T2map.mat
2024_train_P029_T2map.mat
2024_train_P030_T2map.mat
2024_train_P031_T2map.mat
2024_train_P032_T2map.mat
2024_train_P033_T2map.mat
2024_train_P034_T2map.mat
2024_train_P035_T2map.mat
2024_train_P036_T2map.mat
2024_train_P037_T2map.mat
2024_train_P038_T2map.mat
2024_train_P039_T2map.mat
2024_train_P040_T2map.mat
2024_train_P041_T2map.mat
2024_train_P042_T2map.mat
2024_train_P043_T2map.mat
2024_train_P044_T2map.mat
2024_train_P045_T2map.mat
2024_train_P046_T2map.mat
2024_train_P047_T2map.mat
2024_train_P048_T2map.mat
2024_train_P049_T2map.mat
2024_train_P050_T2map.mat
2024_train_P051_T2map.mat
2024_train_P052_T2map.mat
2024_train_P053_T2map.mat
2024_train_P054_T2map.mat
2024_train_P055_T2map.mat
2024_train_P057_T2map.mat
2024_train_P058_T2map.mat
2024_train_P059_T2map.mat
2024_train_P060_T2map.mat
2024_train_P061_T2map.mat
2024_train_P062_T2map.mat
2024_train_P063_T2map.mat
2024_train_P064_T2map.mat
2024_train_P065_T2map.mat
2024_train_P066_T2map.mat
2024_train_P067_T2map.mat
2024_train_P068_T2map.mat
2024_train_P069_T2map.mat
2024_train_P070_T2map.mat
2024_train_P071_T2map.mat
2024_train_P072_T2map.mat
2024_train_P073_T2map.mat
2024_train_P074_T2map.mat
2024_train_P075_T2map.mat
2024_train_P076_T2map.mat
2024_train_P078_T2map.mat
2024_train_P079_T2map.mat
2024_train_P080_T2map.mat
2024_train_P081_T2map.mat
2024_train_P082_T2map.mat
2024_train_P083_T2map.mat
2024_train_P084_T2map.mat
2024_train_P085_T2map.mat
2024_train_P086_T2map.mat
2024_train_P087_T2map.mat
2024_train_P088_T2map.mat
2024_train_P089_T2map.mat
2024_train_P091_T2map.mat
2024_train_P092_T2map.mat
2024_train_P093_T2map.mat
2024_train_P094_T2map.mat
2024_train_P095_T2map.mat
2024_train_P096_T2map.mat
2024_train_P097_T2map.mat
2024_train_P098_T2map.mat
2024_train_P099_T2map.mat
2024_train_P100_T2map.mat
2024_train_P101_T2map.mat
2024_train_P103_T2map.mat
2024_train_P104_T2map.mat
2024_train_P105_T2map.mat
2024_train_P106_T2map.mat
2024_train_P107_T2map.mat
2024_train_P108_T2map.mat
2024_train_P109_T2map.mat
2024_train_P110_T2map.mat
2024_train_P111_T2map.mat
2024_train_P112_T2map.mat
2024_train_P113_T2map.mat
2024_train_P114_T2map.mat
2024_train_P115_T2map.mat
2024_train_P116_T2map.mat
2024_train_P117_T2map.mat
2024_train_P118_T2map.mat
2024_train_P119_T2map.mat
2024_train_P120_T2map.mat
2024_train_P122_T2map.mat
2024_train_P123_T2map.mat
2024_train_P124_T2map.mat
2024_train_P125_T2map.mat
2024_train_P126_T2map.mat
2024_train_P127_T2map.mat
2024_train_P128_T2map.mat
2024_train_P129_T2map.mat
2024_train_P130_T2map.mat
2024_train_P131_T2map.mat
2024_train_P132_T2map.mat
2024_train_P133_T2map.mat
2024_train_P134_T2map.mat
2024_train_P135_T2map.mat
2024_train_P136_T2map.mat
2024_train_P137_T2map.mat
2024_train_P139_T2map.mat
2024_train_P140_T2map.mat
2024_train_P141_T2map.mat
2024_train_P142_T2map.mat
2024_train_P143_T2map.mat
2024_train_P144_T2map.mat
2024_train_P145_T2map.mat
2024_train_P146_T2map.mat
2024_train_P147_T2map.mat
2024_train_P148_T2map.mat
2024_train_P149_T2map.mat
2024_train_P150_T2map.mat
2024_train_P151_T2map.mat
2024_train_P152_T2map.mat
2024_train_P153_T2map.mat
2024_train_P154_T2map.mat
2024_train_P155_T2map.mat
2024_train_P156_T2map.mat
2024_train_P157_T2map.mat
2024_train_P158_T2map.mat
2024_train_P159_T2map.mat
2024_train_P160_T2map.mat
2024_train_P161_T2map.mat
2024_train_P162_T2map.mat
2024_train_P163_T2map.mat
2024_train_P164_T2map.mat
2024_train_P165_T2map.mat
2024_train_P166_T2map.mat
2024_train_P167_T2map.mat
2024_train_P168_T2map.mat
2024_train_P169_T2map.mat
2024_train_P170_T2map.mat
2024_train_P171_T2map.mat
2024_train_P172_T2map.mat
2024_train_P173_T2map.mat
2024_train_P174_T2map.mat
2024_train_P175_T2map.mat
2024_train_P176_T2map.mat
2024_train_P177_T2map.mat
2024_train_P178_T2map.mat
2024_train_P179_T2map.mat
2024_train_P180_T2map.mat
2024_train_P181_T2map.mat
2024_train_P182_T2map.mat
2024_train_P183_T2map.mat
2024_train_P184_T2map.mat
2024_train_P185_T2map.mat
2024_train_P186_T2map.mat
2024_train_P187_T2map.mat
2024_train_P188_T2map.mat
2024_train_P189_T2map.mat
2024_train_P190_T2map.mat
2024_train_P191_T2map.mat
2024_train_P192_T2map.mat
2024_train_P193_T2map.mat
2024_train_P194_T2map.mat
2024_train_P195_T2map.mat
2024_train_P196_T2map.mat
2024_train_P197_T2map.mat
2024_train_P198_T2map.mat
2024_train_P199_T2map.mat
2024_train_P200_T2map.mat
2024_val_P001_T2map.mat
2024_val_P002_T2map.mat
2024_val_P003_T2map.mat
2024_val_P004_T2map.mat
2024_val_P005_T2map.mat
2024_val_P006_T2map.mat
2024_val_P007_T2map.mat
2024_val_P008_T2map.mat
2024_val_P009_T2map.mat
2024_val_P010_T2map.mat
2024_val_P011_T2map.mat
2024_val_P012_T2map.mat
2024_val_P013_T2map.mat
2024_val_P014_T2map.mat
2024_val_P015_T2map.mat
2024_val_P016_T2map.mat
2024_val_P017_T2map.mat
2024_val_P018_T2map.mat
2024_val_P019_T2map.mat
2024_val_P020_T2map.mat
2024_val_P021_T2map.mat
2024_val_P022_T2map.mat
2024_val_P023_T2map.mat
2024_val_P024_T2map.mat
2024_val_P025_T2map.mat
2024_val_P026_T2map.mat
2024_val_P027_T2map.mat
2024_val_P028_T2map.mat
2024_val_P029_T2map.mat
2024_val_P030_T2map.mat
2024_val_P031_T2map.mat
2024_val_P032_T2map.mat
2024_val_P033_T2map.mat
2024_val_P034_T2map.mat
2024_val_P035_T2map.mat
2024_val_P036_T2map.mat
2024_val_P037_T2map.mat
2024_val_P038_T2map.mat
2024_val_P039_T2map.mat
2024_val_P040_T2map.mat
2024_val_P041_T2map.mat
2024_val_P042_T2map.mat
2024_val_P043_T2map.mat
2024_val_P044_T2map.mat
2024_val_P045_T2map.mat
2024_val_P046_T2map.mat
2024_val_P047_T2map.mat
2024_val_P048_T2map.mat
2024_val_P049_T2map.mat
2024_val_P050_T2map.mat
2024_val_P051_T2map.mat
2024_val_P052_T2map.mat
2024_val_P053_T2map.mat
2024_val_P054_T2map.mat
2024_val_P055_T2map.mat
2024_val_P056_T2map.mat
2024_val_P057_T2map.mat
2024_val_P058_T2map.mat
2024_val_P059_T2map.mat
2024_val_P060_T2map.mat
