2025_train_Center001_UIH_30T_umr780_P029_T2smap.mat
2025_train_Center002_Siemens_30T_CIMA.X_P005_T1map.mat
2025_train_Center006_Siemens_30T_Prisma_P004_T1map.mat
2025_train_Center002_Siemens_30T_CIMA.X_P007_T1map.mat
2025_train_Center002_Siemens_30T_CIMA.X_P009_T1map.mat
2025_train_Center002_Siemens_30T_CIMA.X_P018_T1map.mat
2025_train_Center002_Siemens_30T_CIMA.X_P019_T1map.mat
2025_train_Center005_Siemens_30T_Vida_P001_T1map.mat
2025_train_Center005_Siemens_30T_Vida_P004_T1map.mat
2025_train_Center005_Siemens_30T_Vida_P008_T1map.mat
2025_train_Center005_Siemens_30T_Vida_P009_T1map.mat
2025_train_Center005_Siemens_30T_Vida_P011_T1map.mat
2025_train_Center006_Siemens_30T_Prisma_P001_T1map.mat
2025_train_Center006_Siemens_30T_Prisma_P037_T1map.mat
2025_train_Center005_Siemens_30T_Vida_P010_T1map.mat
2025_train_Center005_UIH_15T_umr670_P001_T1mappost.mat
2025_train_Center005_UIH_15T_umr670_P005_T1mappost.mat
2025_train_Center005_UIH_15T_umr670_P007_T1mappost.mat
2025_train_Center005_UIH_15T_umr670_P014_T1mappost.mat
2025_train_Center005_UIH_15T_umr670_P017_T1mappost.mat
2025_train_Center005_UIH_15T_umr670_P021_T1mappost.mat
2025_train_Center005_UIH_15T_umr670_P026_T1mappost.mat
2025_train_Center005_UIH_15T_umr670_P002_T1mappost.mat
2025_train_Center005_UIH_15T_umr670_P003_T1mappost.mat
2025_train_Center005_UIH_15T_umr670_P004_T1mappost.mat
2025_train_Center005_UIH_15T_umr670_P010_T1mappost.mat
2025_train_Center005_UIH_15T_umr670_P013_T1mappost.mat
2025_train_Center005_UIH_15T_umr670_P015_T1mappost.mat
2025_train_Center005_UIH_15T_umr670_P016_T1mappost.mat
2025_train_Center005_UIH_15T_umr670_P018_T1mappost.mat
2025_train_Center005_UIH_15T_umr670_P019_T1mappost.mat
2025_train_Center005_UIH_15T_umr670_P020_T1mappost.mat
2025_train_Center005_UIH_15T_umr670_P006_T1mappost.mat
2025_train_Center005_UIH_15T_umr670_P008_T1mappost.mat
2025_train_Center005_UIH_15T_umr670_P024_T1mappost.mat
2025_train_Center005_UIH_15T_umr670_P027_T1mappost.mat
2025_train_Center005_UIH_15T_umr670_P023_T1mappost.mat
2025_train_Center006_Siemens_30T_Prisma_P004_cine_sax.mat
2025_train_Center006_Siemens_30T_Prisma_P022_cine_sax.mat
2025_train_Center006_Siemens_30T_Prisma_P032_cine_sax.mat
2025_train_Center006_Siemens_30T_Prisma_P006_T1map.mat
2025_train_Center006_Siemens_30T_Prisma_P028_T1map.mat
2025_train_Center006_Siemens_30T_Prisma_P030_T1map.mat
2025_train_Center006_Siemens_30T_Prisma_P008_T1map.mat
2025_train_Center006_Siemens_30T_Prisma_P011_T1map.mat
2025_train_Center006_Siemens_30T_Prisma_P012_cine_sax.mat
2025_train_Center006_Siemens_30T_Prisma_P013_T1map.mat
2025_train_Center006_Siemens_30T_Prisma_P039_T1map.mat
2025_train_Center006_Siemens_30T_Prisma_P014_T1map.mat
2025_train_Center006_Siemens_30T_Prisma_P026_T1map.mat
2025_train_Center006_Siemens_30T_Prisma_P027_T1map.mat
2025_train_Center006_Siemens_30T_Prisma_P019_cine_sax.mat
2025_train_Center006_Siemens_30T_Prisma_P020_T1map.mat
2025_train_Center006_Siemens_30T_Prisma_P021_T1map.mat
2025_train_Center006_Siemens_30T_Prisma_P031_cine_sax.mat
2025_train_Center006_Siemens_30T_Prisma_P038_cine_sax.mat
2025_train_Center001_UIH_30T_umr780_P029_T2smap.mat
2025_train_Center002_Siemens_30T_CIMA.X_P005_T1map.mat
2025_train_Center006_Siemens_30T_Prisma_P004_T1map.mat
2025_train_Center002_Siemens_30T_CIMA.X_P007_T1map.mat
2025_train_Center002_Siemens_30T_CIMA.X_P009_T1map.mat
2025_train_Center002_Siemens_30T_CIMA.X_P018_T1map.mat
2025_train_Center002_Siemens_30T_CIMA.X_P019_T1map.mat
2025_train_Center005_Siemens_30T_Vida_P001_T1map.mat
2025_train_Center005_Siemens_30T_Vida_P004_T1map.mat
2025_train_Center005_Siemens_30T_Vida_P008_T1map.mat
2025_train_Center005_Siemens_30T_Vida_P009_T1map.mat
2025_train_Center005_Siemens_30T_Vida_P011_T1map.mat
2025_train_Center006_Siemens_30T_Prisma_P001_T1map.mat
2025_train_Center006_Siemens_30T_Prisma_P037_T1map.mat
2025_train_Center005_Siemens_30T_Vida_P010_T1map.mat
2025_train_Center005_UIH_15T_umr670_P001_T1mappost.mat
2025_train_Center005_UIH_15T_umr670_P005_T1mappost.mat
2025_train_Center005_UIH_15T_umr670_P007_T1mappost.mat
2025_train_Center005_UIH_15T_umr670_P014_T1mappost.mat
2025_train_Center005_UIH_15T_umr670_P017_T1mappost.mat
2025_train_Center005_UIH_15T_umr670_P021_T1mappost.mat
2025_train_Center005_UIH_15T_umr670_P026_T1mappost.mat
2025_train_Center005_UIH_15T_umr670_P002_T1mappost.mat
2025_train_Center005_UIH_15T_umr670_P003_T1mappost.mat
2025_train_Center005_UIH_15T_umr670_P004_T1mappost.mat
2025_train_Center005_UIH_15T_umr670_P010_T1mappost.mat
2025_train_Center005_UIH_15T_umr670_P013_T1mappost.mat
2025_train_Center005_UIH_15T_umr670_P015_T1mappost.mat
2025_train_Center005_UIH_15T_umr670_P016_T1mappost.mat
2025_train_Center005_UIH_15T_umr670_P018_T1mappost.mat
2025_train_Center005_UIH_15T_umr670_P019_T1mappost.mat
2025_train_Center005_UIH_15T_umr670_P020_T1mappost.mat
2025_train_Center005_UIH_15T_umr670_P006_T1mappost.mat
2025_train_Center005_UIH_15T_umr670_P008_T1mappost.mat
2025_train_Center005_UIH_15T_umr670_P024_T1mappost.mat
2025_train_Center005_UIH_15T_umr670_P027_T1mappost.mat
2025_train_Center005_UIH_15T_umr670_P023_T1mappost.mat
2025_train_Center006_Siemens_30T_Prisma_P004_cine_sax.mat
2025_train_Center006_Siemens_30T_Prisma_P022_cine_sax.mat
2025_train_Center006_Siemens_30T_Prisma_P032_cine_sax.mat
2025_train_Center006_Siemens_30T_Prisma_P006_T1map.mat
2025_train_Center006_Siemens_30T_Prisma_P028_T1map.mat
2025_train_Center006_Siemens_30T_Prisma_P030_T1map.mat
2025_train_Center006_Siemens_30T_Prisma_P008_T1map.mat
2025_train_Center006_Siemens_30T_Prisma_P011_T1map.mat
2025_train_Center006_Siemens_30T_Prisma_P012_cine_sax.mat
2025_train_Center006_Siemens_30T_Prisma_P013_T1map.mat
2025_train_Center006_Siemens_30T_Prisma_P039_T1map.mat
2025_train_Center006_Siemens_30T_Prisma_P014_T1map.mat
2025_train_Center006_Siemens_30T_Prisma_P026_T1map.mat
2025_train_Center006_Siemens_30T_Prisma_P027_T1map.mat
2025_train_Center006_Siemens_30T_Prisma_P019_cine_sax.mat
2025_train_Center006_Siemens_30T_Prisma_P020_T1map.mat
2025_train_Center006_Siemens_30T_Prisma_P021_T1map.mat
2025_train_Center006_Siemens_30T_Prisma_P031_cine_sax.mat
2025_train_Center006_Siemens_30T_Prisma_P038_cine_sax.mat
