Center004_Siemens_15T_Aera_P030_cine_lax_kus_ktRadial16.mat
Center004_Siemens_15T_Aera_P028_cine_lax_kus_ktRadial8.mat
Center004_Siemens_15T_Aera_P046_cine_ot_kus_ktRadial16.mat
Center004_UIH_15T_umr680_P026_cine_sax_kus_ktRadial16.mat
Center005_UIH_15T_umr670_P022_cine_lax_4ch_kus_ktRadial24.mat
Center004_UIH_15T_umr680_P022_cine_lax_3ch_kus_ktRadial8.mat
Center004_UIH_15T_umr680_P003_cine_lax_3ch_kus_ktRadial24.mat
Center004_UIH_15T_umr680_P020_cine_ot_kus_ktRadial24.mat
Center004_Siemens_15T_Aera_P042_cine_ot_kus_ktRadial8.mat
Center005_UIH_15T_umr670_P009_cine_lax_2ch_kus_ktRadial8.mat
Center004_UIH_15T_umr680_P003_cine_ot_kus_ktRadial8.mat
Center004_UIH_15T_umr680_P005_cine_lax_2ch_kus_ktRadial16.mat
Center004_UIH_15T_umr680_P018_cine_sax_kus_ktRadial8.mat
Center004_UIH_15T_umr680_P020_cine_lax_2ch_kus_ktRadial8.mat
Center004_Siemens_15T_Aera_P039_cine_sax_kus_ktRadial8.mat
Center004_Siemens_15T_Aera_P025_cine_sax_kus_ktRadial8.mat
Center004_Siemens_15T_Aera_P029_cine_lax_kus_ktRadial24.mat
Center004_Siemens_15T_Aera_P040_cine_sax_kus_ktRadial16.mat
Center004_UIH_15T_umr680_P010_cine_lax_2ch_kus_ktRadial8.mat
Center005_UIH_15T_umr670_P012_cine_lax_4ch_kus_ktRadial16.mat
Center004_UIH_15T_umr680_P009_cine_sax_kus_ktRadial16.mat
Center004_UIH_15T_umr680_P016_cine_lax_3ch_kus_ktRadial24.mat
Center004_Siemens_15T_Aera_P047_cine_ot_kus_ktRadial8.mat
Center004_Siemens_15T_Aera_P025_cine_ot_kus_ktRadial24.mat
Center004_Siemens_15T_Aera_P048_cine_lax_kus_ktRadial24.mat
Center004_UIH_15T_umr680_P004_cine_lax_2ch_kus_ktRadial8.mat
Center005_UIH_15T_umr670_P009_cine_lax_4ch_kus_ktRadial8.mat
Center004_UIH_15T_umr680_P004_cine_sax_kus_ktRadial24.mat
Center004_Siemens_15T_Aera_P038_cine_lax_kus_ktRadial8.mat
Center004_Siemens_15T_Aera_P029_cine_sax_kus_ktRadial16.mat
Center004_UIH_15T_umr680_P016_cine_sax_kus_ktRadial16.mat
Center004_UIH_15T_umr680_P032_cine_sax_kus_ktRadial16.mat
Center004_UIH_15T_umr680_P014_cine_ot_kus_ktRadial16.mat
Center004_Siemens_15T_Aera_P022_cine_lax_kus_ktRadial24.mat
Center005_UIH_15T_umr670_P012_cine_ot_kus_ktRadial8.mat
Center004_UIH_15T_umr680_P022_cine_sax_kus_ktRadial16.mat
Center004_Siemens_15T_Aera_P022_cine_sax_kus_ktRadial8.mat
Center004_UIH_15T_umr680_P030_cine_lax_2ch_kus_ktRadial24.mat
Center004_UIH_15T_umr680_P033_cine_lax_3ch_kus_ktRadial16.mat
Center004_Siemens_15T_Aera_P021_cine_ot_kus_ktRadial8.mat
Center004_UIH_15T_umr680_P019_cine_lax_2ch_kus_ktRadial16.mat
Center004_UIH_15T_umr680_P008_cine_lax_3ch_kus_ktRadial8.mat
Center004_Siemens_15T_Aera_P043_cine_ot_kus_ktRadial16.mat
Center004_UIH_15T_umr680_P002_cine_lax_2ch_kus_ktRadial16.mat
Center004_Siemens_15T_Aera_P036_cine_sax_kus_ktRadial16.mat
Center005_UIH_15T_umr670_P025_cine_lax_4ch_kus_ktRadial8.mat
Center004_UIH_15T_umr680_P023_cine_lax_3ch_kus_ktRadial24.mat
Center004_UIH_15T_umr680_P011_cine_sax_kus_ktRadial8.mat
Center004_UIH_15T_umr680_P011_cine_ot_kus_ktRadial16.mat
Center004_Siemens_15T_Aera_P034_cine_sax_kus_ktRadial24.mat
Center004_UIH_15T_umr680_P005_cine_sax_kus_ktRadial16.mat
Center004_UIH_15T_umr680_P018_cine_lax_2ch_kus_ktRadial16.mat
Center004_UIH_15T_umr680_P026_cine_lax_3ch_kus_ktRadial8.mat
Center004_Siemens_15T_Aera_P044_cine_sax_kus_ktRadial24.mat
Center005_UIH_15T_umr670_P011_cine_lax_4ch_kus_ktRadial24.mat
Center004_Siemens_15T_Aera_P037_cine_lax_kus_ktRadial16.mat
Center004_UIH_15T_umr680_P026_cine_lax_2ch_kus_ktRadial24.mat
Center004_UIH_15T_umr680_P003_cine_lax_2ch_kus_ktRadial8.mat
Center004_Siemens_15T_Aera_P029_cine_ot_kus_ktRadial24.mat
Center004_UIH_15T_umr680_P030_cine_lax_3ch_kus_ktRadial16.mat
Center004_UIH_15T_umr680_P033_cine_ot_kus_ktRadial24.mat
Center004_UIH_15T_umr680_P014_cine_sax_kus_ktRadial24.mat
Center004_UIH_15T_umr680_P013_cine_lax_3ch_kus_ktRadial16.mat
Center004_Siemens_15T_Aera_P023_cine_sax_kus_ktRadial16.mat
