Center004_Siemens_15T_Aera_P040_cine_ot_kus_Uniform24.mat
Center004_UIH_15T_umr680_P025_cine_lax_2ch_kus_Uniform8.mat
Center004_UIH_15T_umr680_P012_cine_lax_3ch_kus_Uniform8.mat
Center004_Siemens_15T_Aera_P026_cine_sax_kus_Uniform16.mat
Center004_UIH_15T_umr680_P021_cine_lax_3ch_kus_Uniform16.mat
Center004_UIH_15T_umr680_P022_cine_lax_2ch_kus_Uniform8.mat
Center004_UIH_15T_umr680_P018_cine_lax_3ch_kus_Uniform16.mat
Center004_Siemens_15T_Aera_P030_cine_sax_kus_Uniform24.mat
Center004_Siemens_15T_Aera_P026_cine_lax_kus_Uniform16.mat
Center004_UIH_15T_umr680_P013_cine_ot_kus_Uniform16.mat
Center004_UIH_15T_umr680_P009_cine_lax_2ch_kus_Uniform8.mat
Center004_UIH_15T_umr680_P017_cine_lax_3ch_kus_Uniform16.mat
Center004_Siemens_15T_Aera_P031_cine_lax_kus_Uniform24.mat
Center004_Siemens_15T_Aera_P027_cine_lax_kus_Uniform24.mat
Center004_UIH_15T_umr680_P005_cine_ot_kus_Uniform8.mat
Center004_UIH_15T_umr680_P008_cine_sax_kus_Uniform8.mat
Center004_UIH_15T_umr680_P025_cine_lax_3ch_kus_Uniform16.mat
Center004_UIH_15T_umr680_P002_cine_lax_3ch_kus_Uniform24.mat
Center004_UIH_15T_umr680_P001_cine_ot_kus_Uniform16.mat
Center005_UIH_15T_umr670_P011_cine_lax_2ch_kus_Uniform8.mat
Center004_Siemens_15T_Aera_P047_cine_sax_kus_Uniform24.mat
Center004_UIH_15T_umr680_P020_cine_sax_kus_Uniform24.mat
Center005_UIH_15T_umr670_P011_cine_ot_kus_Uniform16.mat
Center005_UIH_15T_umr670_P012_cine_lax_2ch_kus_Uniform8.mat
Center004_UIH_15T_umr680_P002_cine_ot_kus_Uniform8.mat
Center004_Siemens_15T_Aera_P034_cine_lax_kus_Uniform8.mat
Center004_UIH_15T_umr680_P003_cine_sax_kus_Uniform16.mat
Center004_Siemens_15T_Aera_P039_cine_ot_kus_Uniform8.mat
Center004_Siemens_15T_Aera_P043_cine_lax_kus_Uniform16.mat
Center004_UIH_15T_umr680_P010_cine_lax_3ch_kus_Uniform8.mat
Center004_UIH_15T_umr680_P011_cine_lax_2ch_kus_Uniform24.mat
Center004_UIH_15T_umr680_P015_cine_lax_3ch_kus_Uniform16.mat
Center004_Siemens_15T_Aera_P028_cine_sax_kus_Uniform8.mat
Center004_UIH_15T_umr680_P006_cine_lax_2ch_kus_Uniform16.mat
Center004_UIH_15T_umr680_P013_cine_lax_2ch_kus_Uniform24.mat
Center004_UIH_15T_umr680_P032_cine_lax_3ch_kus_Uniform16.mat
Center004_Siemens_15T_Aera_P037_cine_ot_kus_Uniform16.mat
Center004_Siemens_15T_Aera_P044_cine_ot_kus_Uniform8.mat
Center004_UIH_15T_umr680_P012_cine_lax_2ch_kus_Uniform8.mat
Center004_UIH_15T_umr680_P027_cine_sax_kus_Uniform16.mat
Center004_Siemens_15T_Aera_P027_cine_sax_kus_Uniform24.mat
Center004_UIH_15T_umr680_P001_cine_lax_2ch_kus_Uniform16.mat
Center004_UIH_15T_umr680_P001_cine_sax_kus_Uniform8.mat
Center004_Siemens_15T_Aera_P043_cine_sax_kus_Uniform8.mat
Center005_UIH_15T_umr670_P025_cine_lax_2ch_kus_Uniform16.mat
Center004_UIH_15T_umr680_P025_cine_ot_kus_Uniform16.mat
Center004_UIH_15T_umr680_P028_cine_sax_kus_Uniform16.mat
Center004_UIH_15T_umr680_P016_cine_lax_2ch_kus_Uniform16.mat
Center004_Siemens_15T_Aera_P027_cine_ot_kus_Uniform24.mat
Center004_Siemens_15T_Aera_P048_cine_sax_kus_Uniform24.mat
Center004_Siemens_15T_Aera_P046_cine_sax_kus_Uniform8.mat
Center004_UIH_15T_umr680_P031_cine_sax_kus_Uniform24.mat
Center005_UIH_15T_umr670_P022_cine_lax_2ch_kus_Uniform8.mat
Center004_Siemens_15T_Aera_P044_cine_lax_kus_Uniform24.mat
Center004_Siemens_15T_Aera_P021_cine_sax_kus_Uniform8.mat
Center004_Siemens_15T_Aera_P031_cine_sax_kus_Uniform24.mat
Center004_Siemens_15T_Aera_P047_cine_lax_kus_Uniform8.mat
Center004_UIH_15T_umr680_P017_cine_lax_2ch_kus_Uniform16.mat
Center004_Siemens_15T_Aera_P035_cine_lax_kus_Uniform24.mat
Center004_Siemens_15T_Aera_P045_cine_lax_kus_Uniform8.mat
Center004_UIH_15T_umr680_P027_cine_lax_3ch_kus_Uniform24.mat
Center004_UIH_15T_umr680_P007_cine_ot_kus_Uniform16.mat
