Center004_UIH_15T_umr680_P005_cine_lax_3ch_kus_ktGaussian8.mat
Center004_UIH_15T_umr680_P014_cine_lax_2ch_kus_ktGaussian16.mat
Center004_UIH_15T_umr680_P016_cine_ot_kus_ktGaussian16.mat
Center004_Siemens_15T_Aera_P024_cine_sax_kus_ktGaussian16.mat
Center004_Siemens_15T_Aera_P036_cine_lax_kus_ktGaussian8.mat
Center004_Siemens_15T_Aera_P033_cine_sax_kus_ktGaussian8.mat
Center004_UIH_15T_umr680_P028_cine_lax_2ch_kus_ktGaussian8.mat
Center004_UIH_15T_umr680_P007_cine_lax_2ch_kus_ktGaussian8.mat
Center004_Siemens_15T_Aera_P024_cine_ot_kus_ktGaussian24.mat
Center004_Siemens_15T_Aera_P041_cine_ot_kus_ktGaussian8.mat
Center004_UIH_15T_umr680_P027_cine_lax_2ch_kus_ktGaussian16.mat
Center004_UIH_15T_umr680_P018_cine_ot_kus_ktGaussian16.mat
Center004_Siemens_15T_Aera_P028_cine_ot_kus_ktGaussian24.mat
Center004_Siemens_15T_Aera_P024_cine_lax_kus_ktGaussian24.mat
Center004_UIH_15T_umr680_P011_cine_lax_3ch_kus_ktGaussian8.mat
Center004_UIH_15T_umr680_P008_cine_lax_2ch_kus_ktGaussian24.mat
Center004_Siemens_15T_Aera_P033_cine_ot_kus_ktGaussian16.mat
Center004_Siemens_15T_Aera_P036_cine_ot_kus_ktGaussian8.mat
Center004_Siemens_15T_Aera_P042_cine_lax_kus_ktGaussian8.mat
Center004_Siemens_15T_Aera_P026_cine_ot_kus_ktGaussian24.mat
Center004_UIH_15T_umr680_P012_cine_sax_kus_ktGaussian24.mat
Center004_UIH_15T_umr680_P001_cine_lax_3ch_kus_ktGaussian8.mat
Center004_UIH_15T_umr680_P012_cine_ot_kus_ktGaussian24.mat
Center004_UIH_15T_umr680_P033_cine_lax_2ch_kus_ktGaussian24.mat
Center004_Siemens_15T_Aera_P035_cine_sax_kus_ktGaussian16.mat
Center004_UIH_15T_umr680_P019_cine_sax_kus_ktGaussian16.mat
Center004_UIH_15T_umr680_P023_cine_ot_kus_ktGaussian24.mat
Center004_Siemens_15T_Aera_P035_cine_ot_kus_ktGaussian24.mat
Center004_UIH_15T_umr680_P006_cine_sax_kus_ktGaussian8.mat
Center004_UIH_15T_umr680_P007_cine_sax_kus_ktGaussian16.mat
Center004_UIH_15T_umr680_P006_cine_lax_3ch_kus_ktGaussian16.mat
Center004_UIH_15T_umr680_P010_cine_ot_kus_ktGaussian16.mat
Center004_UIH_15T_umr680_P019_cine_ot_kus_ktGaussian24.mat
Center005_UIH_15T_umr670_P022_cine_ot_kus_ktGaussian16.mat
Center004_UIH_15T_umr680_P027_cine_ot_kus_ktGaussian8.mat
Center004_Siemens_15T_Aera_P041_cine_sax_kus_ktGaussian8.mat
Center005_UIH_15T_umr670_P009_cine_ot_kus_ktGaussian8.mat
Center004_UIH_15T_umr680_P002_cine_sax_kus_ktGaussian24.mat
Center004_Siemens_15T_Aera_P025_cine_lax_kus_ktGaussian8.mat
Center004_UIH_15T_umr680_P025_cine_sax_kus_ktGaussian8.mat
Center004_Siemens_15T_Aera_P037_cine_sax_kus_ktGaussian24.mat
Center004_Siemens_15T_Aera_P021_cine_lax_kus_ktGaussian8.mat
Center004_UIH_15T_umr680_P013_cine_sax_kus_ktGaussian8.mat
Center004_Siemens_15T_Aera_P030_cine_ot_kus_ktGaussian24.mat
Center004_UIH_15T_umr680_P006_cine_ot_kus_ktGaussian8.mat
Center004_UIH_15T_umr680_P015_cine_lax_2ch_kus_ktGaussian8.mat
Center004_UIH_15T_umr680_P023_cine_lax_2ch_kus_ktGaussian24.mat
Center004_UIH_15T_umr680_P020_cine_lax_3ch_kus_ktGaussian24.mat
Center004_UIH_15T_umr680_P022_cine_ot_kus_ktGaussian24.mat
Center004_Siemens_15T_Aera_P033_cine_lax_kus_ktGaussian8.mat
Center004_UIH_15T_umr680_P028_cine_lax_3ch_kus_ktGaussian8.mat
Center004_Siemens_15T_Aera_P041_cine_lax_kus_ktGaussian24.mat
Center004_UIH_15T_umr680_P032_cine_ot_kus_ktGaussian24.mat
Center004_Siemens_15T_Aera_P038_cine_ot_kus_ktGaussian24.mat
Center004_UIH_15T_umr680_P008_cine_ot_kus_ktGaussian8.mat
Center004_Siemens_15T_Aera_P046_cine_lax_kus_ktGaussian8.mat
Center004_Siemens_15T_Aera_P042_cine_sax_kus_ktGaussian8.mat
Center004_UIH_15T_umr680_P019_cine_lax_3ch_kus_ktGaussian24.mat
Center004_UIH_15T_umr680_P026_cine_ot_kus_ktGaussian8.mat
Center004_Siemens_15T_Aera_P022_cine_ot_kus_ktGaussian16.mat
Center004_Siemens_15T_Aera_P039_cine_lax_kus_ktGaussian24.mat
Center004_UIH_15T_umr680_P032_cine_lax_2ch_kus_ktGaussian8.mat
Center004_UIH_15T_umr680_P033_cine_sax_kus_ktGaussian16.mat
Center005_UIH_15T_umr670_P025_cine_ot_kus_ktGaussian16.mat
Center004_UIH_15T_umr680_P014_cine_lax_3ch_kus_ktGaussian8.mat
Center004_UIH_15T_umr680_P015_cine_sax_kus_ktGaussian16.mat
Center004_UIH_15T_umr680_P007_cine_lax_3ch_kus_ktGaussian8.mat
Center004_Siemens_15T_Aera_P048_cine_ot_kus_ktGaussian24.mat
Center004_UIH_15T_umr680_P021_cine_lax_2ch_kus_ktGaussian24.mat
Center004_UIH_15T_umr680_P017_cine_ot_kus_ktGaussian16.mat
Center004_UIH_15T_umr680_P009_cine_ot_kus_ktGaussian24.mat
Center004_UIH_15T_umr680_P030_cine_sax_kus_ktGaussian8.mat
Center004_UIH_15T_umr680_P017_cine_sax_kus_ktGaussian16.mat
Center004_UIH_15T_umr680_P010_cine_sax_kus_ktGaussian8.mat
Center004_UIH_15T_umr680_P004_cine_ot_kus_ktGaussian24.mat
Center004_UIH_15T_umr680_P030_cine_ot_kus_ktGaussian8.mat
Center004_UIH_15T_umr680_P028_cine_ot_kus_ktGaussian24.mat
Center004_UIH_15T_umr680_P009_cine_lax_3ch_kus_ktGaussian8.mat
Center004_Siemens_15T_Aera_P032_cine_lax_kus_ktGaussian24.mat
Center004_UIH_15T_umr680_P004_cine_lax_3ch_kus_ktGaussian8.mat
Center004_Siemens_15T_Aera_P045_cine_sax_kus_ktGaussian24.mat
Center004_UIH_15T_umr680_P021_cine_ot_kus_ktGaussian8.mat
Center004_Siemens_15T_Aera_P040_cine_lax_kus_ktGaussian24.mat
