Center004_UIH_15T_umr680_P022_lge_lax_2ch_kus_ktRadial8.mat
Center004_Siemens_15T_Aera_P034_lge_sax_kus_ktRadial24.mat
Center004_UIH_15T_umr680_P009_lge_sax_kus_ktRadial24.mat
Center004_UIH_15T_umr680_P001_lge_lax_2ch_kus_ktRadial24.mat
Center004_UIH_15T_umr680_P033_lge_lax_4ch_kus_ktRadial16.mat
Center004_Siemens_15T_Aera_P029_lge_lax_kus_ktRadial24.mat
Center004_UIH_15T_umr680_P002_lge_sax_kus_ktRadial8.mat
Center004_UIH_15T_umr680_P017_lge_sax_kus_ktRadial16.mat
Center004_Siemens_15T_Aera_P039_lge_sax_kus_ktRadial16.mat
Center004_Siemens_15T_Aera_P032_lge_sax_kus_ktRadial16.mat
Center004_UIH_15T_umr680_P007_lge_lax_4ch_kus_ktRadial8.mat
Center004_Siemens_15T_Aera_P047_lge_lax_kus_ktRadial8.mat
Center004_UIH_15T_umr680_P021_lge_lax_4ch_kus_ktRadial8.mat
Center004_Siemens_15T_Aera_P036_lge_sax_kus_ktRadial8.mat
Center004_UIH_15T_umr680_P015_lge_sax_kus_ktRadial16.mat
Center005_UIH_15T_umr670_P022_lge_lax_4ch_kus_ktRadial24.mat
Center004_UIH_15T_umr680_P033_lge_lax_2ch_kus_ktRadial24.mat
Center004_UIH_15T_umr680_P007_lge_lax_2ch_kus_ktRadial8.mat
Center005_UIH_15T_umr670_P012_lge_lax_2ch_kus_ktRadial24.mat
Center004_Siemens_15T_Aera_P044_lge_lax_kus_ktRadial16.mat
Center004_UIH_15T_umr680_P018_lge_lax_4ch_kus_ktRadial16.mat
Center004_UIH_15T_umr680_P015_lge_lax_2ch_kus_ktRadial8.mat
Center004_UIH_15T_umr680_P020_lge_sax_kus_ktRadial8.mat
Center005_UIH_15T_umr670_P025_lge_lax_4ch_kus_ktRadial24.mat
Center004_UIH_15T_umr680_P028_lge_lax_4ch_kus_ktRadial24.mat
Center004_UIH_15T_umr680_P027_lge_lax_2ch_kus_ktRadial24.mat
Center004_Siemens_15T_Aera_P048_lge_sax_kus_ktRadial8.mat
Center004_Siemens_15T_Aera_P022_lge_lax_kus_ktRadial8.mat
Center004_UIH_15T_umr680_P014_lge_sax_kus_ktRadial24.mat
Center004_Siemens_15T_Aera_P025_lge_lax_kus_ktRadial24.mat
Center004_UIH_15T_umr680_P017_lge_lax_2ch_kus_ktRadial8.mat
Center005_UIH_15T_umr670_P012_lge_lax_4ch_kus_ktRadial16.mat
Center004_Siemens_15T_Aera_P043_lge_lax_kus_ktRadial8.mat
Center004_UIH_15T_umr680_P008_lge_sax_kus_ktRadial8.mat
Center004_Siemens_15T_Aera_P029_lge_sax_kus_ktRadial8.mat
Center004_UIH_15T_umr680_P023_lge_lax_4ch_kus_ktRadial8.mat
Center004_UIH_15T_umr680_P021_lge_sax_kus_ktRadial16.mat
Center004_UIH_15T_umr680_P013_lge_lax_2ch_kus_ktRadial8.mat
Center004_UIH_15T_umr680_P023_lge_lax_2ch_kus_ktRadial16.mat
Center004_UIH_15T_umr680_P027_lge_lax_4ch_kus_ktRadial16.mat
Center004_Siemens_15T_Aera_P025_lge_sax_kus_ktRadial8.mat
Center004_UIH_15T_umr680_P013_lge_sax_kus_ktRadial16.mat
Center004_Siemens_15T_Aera_P033_lge_sax_kus_ktRadial16.mat
Center004_UIH_15T_umr680_P024_lge_lax_4ch_kus_ktRadial16.mat
Center004_UIH_15T_umr680_P011_lge_lax_4ch_kus_ktRadial24.mat
