Center004_Siemens_15T_Aera_P021_lge_sax_kus_ktGaussian16.mat
Center004_UIH_15T_umr680_P013_lge_lax_4ch_kus_ktGaussian24.mat
Center004_UIH_15T_umr680_P018_lge_sax_kus_ktGaussian16.mat
Center004_UIH_15T_umr680_P016_lge_sax_kus_ktGaussian24.mat
Center004_UIH_15T_umr680_P001_lge_sax_kus_ktGaussian16.mat
Center004_UIH_15T_umr680_P030_lge_sax_kus_ktGaussian24.mat
Center004_UIH_15T_umr680_P027_lge_sax_kus_ktGaussian24.mat
Center004_Siemens_15T_Aera_P024_lge_lax_kus_ktGaussian8.mat
Center004_Siemens_15T_Aera_P046_lge_lax_kus_ktGaussian16.mat
Center004_UIH_15T_umr680_P015_lge_lax_4ch_kus_ktGaussian24.mat
Center004_UIH_15T_umr680_P005_lge_sax_kus_ktGaussian24.mat
Center004_UIH_15T_umr680_P008_lge_lax_4ch_kus_ktGaussian16.mat
Center004_Siemens_15T_Aera_P027_lge_lax_kus_ktGaussian8.mat
Center004_UIH_15T_umr680_P010_lge_sax_kus_ktGaussian16.mat
Center004_UIH_15T_umr680_P030_lge_lax_4ch_kus_ktGaussian16.mat
Center005_UIH_15T_umr670_P012_lge_sax_kus_ktGaussian16.mat
Center004_UIH_15T_umr680_P022_lge_lax_4ch_kus_ktGaussian24.mat
Center004_UIH_15T_umr680_P019_lge_lax_4ch_kus_ktGaussian24.mat
Center005_UIH_15T_umr670_P025_lge_sax_kus_ktGaussian16.mat
Center004_UIH_15T_umr680_P029_lge_lax_4ch_kus_ktGaussian16.mat
Center004_UIH_15T_umr680_P032_lge_lax_2ch_kus_ktGaussian24.mat
Center004_Siemens_15T_Aera_P041_lge_lax_kus_ktGaussian16.mat
Center004_UIH_15T_umr680_P004_lge_sax_kus_ktGaussian16.mat
Center005_UIH_15T_umr670_P022_lge_lax_2ch_kus_ktGaussian16.mat
Center004_UIH_15T_umr680_P025_lge_lax_4ch_kus_ktGaussian24.mat
Center004_UIH_15T_umr680_P030_lge_lax_2ch_kus_ktGaussian24.mat
Center004_UIH_15T_umr680_P022_lge_sax_kus_ktGaussian8.mat
Center004_UIH_15T_umr680_P014_lge_lax_2ch_kus_ktGaussian24.mat
Center004_UIH_15T_umr680_P016_lge_lax_4ch_kus_ktGaussian8.mat
Center004_UIH_15T_umr680_P003_lge_sax_kus_ktGaussian24.mat
Center005_UIH_15T_umr670_P025_lge_lax_2ch_kus_ktGaussian8.mat
Center004_UIH_15T_umr680_P005_lge_lax_4ch_kus_ktGaussian24.mat
Center004_UIH_15T_umr680_P028_lge_lax_2ch_kus_ktGaussian16.mat
Center004_UIH_15T_umr680_P033_lge_sax_kus_ktGaussian24.mat
Center004_Siemens_15T_Aera_P036_lge_lax_kus_ktGaussian8.mat
Center004_UIH_15T_umr680_P019_lge_lax_2ch_kus_ktGaussian8.mat
Center004_UIH_15T_umr680_P032_lge_sax_kus_ktGaussian8.mat
Center004_Siemens_15T_Aera_P040_lge_sax_kus_ktGaussian24.mat
Center005_UIH_15T_umr670_P009_lge_lax_4ch_kus_ktGaussian8.mat
Center004_Siemens_15T_Aera_P040_lge_lax_kus_ktGaussian24.mat
Center004_UIH_15T_umr680_P024_lge_lax_2ch_kus_ktGaussian24.mat
Center005_UIH_15T_umr670_P011_lge_lax_2ch_kus_ktGaussian8.mat
Center004_Siemens_15T_Aera_P037_lge_sax_kus_ktGaussian24.mat
Center004_Siemens_15T_Aera_P028_lge_sax_kus_ktGaussian8.mat
Center005_UIH_15T_umr670_P009_lge_lax_2ch_kus_ktGaussian24.mat
Center004_Siemens_15T_Aera_P026_lge_lax_kus_ktGaussian16.mat
