Center005_UIH_15T_umr670_P011_lge_lax_4ch_kus_Uniform16.mat
Center004_Siemens_15T_Aera_P031_lge_sax_kus_Uniform24.mat
Center004_Siemens_15T_Aera_P046_lge_sax_kus_Uniform8.mat
Center004_Siemens_15T_Aera_P042_lge_sax_kus_Uniform8.mat
Center004_Siemens_15T_Aera_P024_lge_sax_kus_Uniform8.mat
Center004_UIH_15T_umr680_P009_lge_lax_4ch_kus_Uniform8.mat
Center004_UIH_15T_umr680_P025_lge_sax_kus_Uniform16.mat
Center004_Siemens_15T_Aera_P032_lge_lax_kus_Uniform8.mat
Center004_Siemens_15T_Aera_P034_lge_lax_kus_Uniform24.mat
Center004_UIH_15T_umr680_P032_lge_lax_4ch_kus_Uniform16.mat
Center004_UIH_15T_umr680_P016_lge_lax_2ch_kus_Uniform16.mat
Center004_UIH_15T_umr680_P008_lge_lax_2ch_kus_Uniform24.mat
Center005_UIH_15T_umr670_P009_lge_sax_kus_Uniform16.mat
Center004_UIH_15T_umr680_P003_lge_lax_2ch_kus_Uniform24.mat
Center004_Siemens_15T_Aera_P022_lge_sax_kus_Uniform24.mat
Center004_UIH_15T_umr680_P004_lge_lax_4ch_kus_Uniform8.mat
Center004_UIH_15T_umr680_P019_lge_sax_kus_Uniform8.mat
Center005_UIH_15T_umr670_P022_lge_sax_kus_Uniform16.mat
Center004_Siemens_15T_Aera_P048_lge_lax_kus_Uniform24.mat
Center004_Siemens_15T_Aera_P045_lge_lax_kus_Uniform8.mat
Center004_Siemens_15T_Aera_P045_lge_sax_kus_Uniform8.mat
Center004_UIH_15T_umr680_P017_lge_lax_4ch_kus_Uniform16.mat
Center004_UIH_15T_umr680_P006_lge_lax_4ch_kus_Uniform16.mat
Center004_Siemens_15T_Aera_P041_lge_sax_kus_Uniform24.mat
Center004_UIH_15T_umr680_P020_lge_lax_4ch_kus_Uniform16.mat
Center004_UIH_15T_umr680_P010_lge_lax_4ch_kus_Uniform24.mat
Center004_UIH_15T_umr680_P011_lge_sax_kus_Uniform8.mat
Center004_Siemens_15T_Aera_P047_lge_sax_kus_Uniform24.mat
Center004_UIH_15T_umr680_P018_lge_lax_2ch_kus_Uniform8.mat
Center004_Siemens_15T_Aera_P035_lge_lax_kus_Uniform24.mat
Center004_UIH_15T_umr680_P012_lge_sax_kus_Uniform24.mat
Center004_Siemens_15T_Aera_P028_lge_lax_kus_Uniform16.mat
Center004_Siemens_15T_Aera_P031_lge_lax_kus_Uniform24.mat
Center004_UIH_15T_umr680_P011_lge_lax_2ch_kus_Uniform8.mat
Center004_UIH_15T_umr680_P012_lge_lax_2ch_kus_Uniform24.mat
Center004_UIH_15T_umr680_P006_lge_lax_2ch_kus_Uniform24.mat
Center004_UIH_15T_umr680_P006_lge_sax_kus_Uniform24.mat
Center004_Siemens_15T_Aera_P030_lge_lax_kus_Uniform16.mat
Center004_UIH_15T_umr680_P007_lge_sax_kus_Uniform24.mat
Center004_UIH_15T_umr680_P025_lge_lax_2ch_kus_Uniform24.mat
Center004_UIH_15T_umr680_P021_lge_lax_2ch_kus_Uniform16.mat
Center004_Siemens_15T_Aera_P026_lge_sax_kus_Uniform24.mat
Center004_Siemens_15T_Aera_P044_lge_sax_kus_Uniform8.mat
Center004_Siemens_15T_Aera_P021_lge_lax_kus_Uniform8.mat
Center004_Siemens_15T_Aera_P035_lge_sax_kus_Uniform24.mat
Center004_Siemens_15T_Aera_P042_lge_lax_kus_Uniform8.mat
Center004_Siemens_15T_Aera_P043_lge_sax_kus_Uniform16.mat
Center004_UIH_15T_umr680_P009_lge_lax_2ch_kus_Uniform16.mat
Center004_UIH_15T_umr680_P014_lge_lax_4ch_kus_Uniform16.mat
Center005_UIH_15T_umr670_P011_lge_sax_kus_Uniform16.mat
Center004_UIH_15T_umr680_P012_lge_lax_4ch_kus_Uniform8.mat
Center004_Siemens_15T_Aera_P033_lge_lax_kus_Uniform16.mat
Center004_Siemens_15T_Aera_P027_lge_sax_kus_Uniform24.mat
Center004_UIH_15T_umr680_P028_lge_sax_kus_Uniform24.mat
Center004_UIH_15T_umr680_P005_lge_lax_2ch_kus_Uniform8.mat
Center004_Siemens_15T_Aera_P037_lge_lax_kus_Uniform16.mat
Center004_UIH_15T_umr680_P001_lge_lax_4ch_kus_Uniform24.mat
Center004_UIH_15T_umr680_P002_lge_lax_4ch_kus_Uniform16.mat
Center004_UIH_15T_umr680_P023_lge_sax_kus_Uniform24.mat
Center004_UIH_15T_umr680_P002_lge_lax_2ch_kus_Uniform8.mat
Center004_Siemens_15T_Aera_P030_lge_sax_kus_Uniform16.mat
Center004_UIH_15T_umr680_P004_lge_lax_2ch_kus_Uniform8.mat
Center004_UIH_15T_umr680_P003_lge_lax_4ch_kus_Uniform24.mat
Center004_Siemens_15T_Aera_P039_lge_lax_kus_Uniform16.mat
Center004_UIH_15T_umr680_P010_lge_lax_2ch_kus_Uniform8.mat
