Center004_Siemens_15T_Aera_P035_T1mappost_kus_Uniform24.mat
Center004_UIH_30T_umr780_P006_T2map_kus_Uniform16.mat
Center004_Siemens_15T_Aera_P037_T1map_kus_Uniform16.mat
Center004_Siemens_15T_Aera_P026_T1mappost_kus_Uniform8.mat
Center004_Siemens_15T_Aera_P029_T2map_kus_Uniform24.mat
Center004_UIH_30T_umr780_P032_T2map_kus_Uniform16.mat
Center004_UIH_30T_umr780_P019_T1map_kus_Uniform8.mat
Center004_Siemens_15T_Aera_P044_T1map_kus_Uniform16.mat
Center004_Siemens_15T_Aera_P025_T2map_kus_Uniform24.mat
Center004_Siemens_15T_Aera_P029_T1map_kus_Uniform8.mat
Center004_Siemens_15T_Aera_P034_T1mappost_kus_Uniform24.mat
Center004_Siemens_15T_Aera_P028_T1map_kus_Uniform8.mat
Center004_UIH_30T_umr780_P028_T1mappost_kus_Uniform24.mat
Center004_UIH_30T_umr780_P001_T2map_kus_Uniform8.mat
Center004_Siemens_15T_Aera_P042_T2map_kus_Uniform24.mat
Center004_UIH_30T_umr780_P004_T2map_kus_Uniform24.mat
Center004_UIH_30T_umr780_P019_T2map_kus_Uniform16.mat
Center004_UIH_30T_umr780_P022_T1map_kus_Uniform16.mat
Center004_UIH_30T_umr780_P011_T1mappost_kus_Uniform24.mat
Center004_UIH_30T_umr780_P028_T2map_kus_Uniform8.mat
Center004_Siemens_15T_Aera_P045_T2map_kus_Uniform24.mat
Center004_Siemens_15T_Aera_P031_T1map_kus_Uniform24.mat
Center004_UIH_30T_umr780_P009_T2map_kus_Uniform8.mat
Center004_UIH_30T_umr780_P020_T2map_kus_Uniform8.mat
Center004_UIH_30T_umr780_P020_T1map_kus_Uniform16.mat
Center004_Siemens_15T_Aera_P034_T2map_kus_Uniform8.mat
Center004_Siemens_15T_Aera_P041_T1mappost_kus_Uniform8.mat
Center004_UIH_30T_umr780_P015_T2map_kus_Uniform24.mat
Center005_UIH_15T_umr670_P022_T1mappost_kus_Uniform16.mat
Center004_Siemens_15T_Aera_P037_T1mappost_kus_Uniform8.mat
Center004_Siemens_15T_Aera_P025_T1mappost_kus_Uniform8.mat
Center004_UIH_30T_umr780_P022_T2map_kus_Uniform16.mat
Center005_UIH_15T_umr670_P009_T2map_kus_Uniform8.mat
Center004_UIH_30T_umr780_P006_T1map_kus_Uniform8.mat
Center004_UIH_30T_umr780_P003_T1map_kus_Uniform8.mat
Center004_UIH_30T_umr780_P013_T1map_kus_Uniform8.mat
Center004_UIH_30T_umr780_P010_T1map_kus_Uniform16.mat
Center004_Siemens_15T_Aera_P023_T1map_kus_Uniform24.mat
Center004_UIH_30T_umr780_P005_T1map_kus_Uniform8.mat
Center005_UIH_15T_umr670_P012_T2map_kus_Uniform8.mat
Center004_UIH_30T_umr780_P019_T1mappost_kus_Uniform24.mat
Center004_UIH_30T_umr780_P014_T1map_kus_Uniform16.mat
Center004_Siemens_15T_Aera_P043_T2map_kus_Uniform24.mat
Center004_UIH_30T_umr780_P009_T1map_kus_Uniform24.mat
Center004_Siemens_15T_Aera_P033_T1map_kus_Uniform8.mat
Center004_Siemens_15T_Aera_P026_T1map_kus_Uniform16.mat
Center004_UIH_30T_umr780_P005_T2map_kus_Uniform24.mat
Center004_UIH_30T_umr780_P033_T1mappost_kus_Uniform24.mat
Center005_UIH_15T_umr670_P025_T1mappost_kus_Uniform24.mat
Center004_UIH_30T_umr780_P024_T1mappost_kus_Uniform8.mat
Center004_Siemens_15T_Aera_P046_T2map_kus_Uniform8.mat
Center004_Siemens_15T_Aera_P039_T2map_kus_Uniform16.mat
Center004_UIH_30T_umr780_P013_T1mappost_kus_Uniform24.mat
Center004_UIH_30T_umr780_P013_T2map_kus_Uniform8.mat
Center004_Siemens_15T_Aera_P029_T1mappost_kus_Uniform16.mat
Center004_Siemens_15T_Aera_P030_T1map_kus_Uniform16.mat
Center005_UIH_15T_umr670_P011_T1map_kus_Uniform8.mat
Center004_UIH_30T_umr780_P010_T2map_kus_Uniform8.mat
Center005_UIH_15T_umr670_P009_T1mappost_kus_Uniform24.mat
