Center004_Siemens_15T_Aera_P030_T2map_kus_ktRadial24.mat
Center004_UIH_30T_umr780_P001_T1mappost_kus_ktRadial24.mat
Center004_UIH_30T_umr780_P014_T2map_kus_ktRadial16.mat
Center004_Siemens_15T_Aera_P031_T2map_kus_ktRadial24.mat
Center004_Siemens_15T_Aera_P048_T1mappost_kus_ktRadial16.mat
Center004_UIH_30T_umr780_P025_T1mappost_kus_ktRadial24.mat
Center004_Siemens_15T_Aera_P044_T2map_kus_ktRadial16.mat
Center004_Siemens_15T_Aera_P034_T1map_kus_ktRadial24.mat
Center004_UIH_30T_umr780_P017_T1map_kus_ktRadial24.mat
Center004_Siemens_15T_Aera_P023_T1mappost_kus_ktRadial8.mat
Center004_UIH_30T_umr780_P030_T1mappost_kus_ktRadial16.mat
Center005_UIH_15T_umr670_P012_T1mappost_kus_ktRadial16.mat
Center004_UIH_30T_umr780_P025_T1map_kus_ktRadial8.mat
Center004_Siemens_15T_Aera_P024_T1mappost_kus_ktRadial8.mat
Center004_UIH_30T_umr780_P032_T1mappost_kus_ktRadial16.mat
Center004_UIH_30T_umr780_P002_T2map_kus_ktRadial8.mat
Center005_UIH_15T_umr670_P011_T1mappost_kus_ktRadial16.mat
Center004_Siemens_15T_Aera_P035_T1map_kus_ktRadial8.mat
Center004_UIH_30T_umr780_P026_T1map_kus_ktRadial16.mat
Center004_UIH_30T_umr780_P015_T1mappost_kus_ktRadial8.mat
Center004_Siemens_15T_Aera_P039_T1map_kus_ktRadial16.mat
Center004_UIH_30T_umr780_P003_T2map_kus_ktRadial8.mat
Center004_UIH_30T_umr780_P018_T1mappost_kus_ktRadial24.mat
Center004_Siemens_15T_Aera_P035_T2map_kus_ktRadial8.mat
Center004_UIH_30T_umr780_P015_T1map_kus_ktRadial24.mat
Center004_UIH_30T_umr780_P012_T1map_kus_ktRadial8.mat
Center004_Siemens_15T_Aera_P024_T2map_kus_ktRadial24.mat
Center004_UIH_30T_umr780_P017_T1mappost_kus_ktRadial16.mat
Center004_UIH_30T_umr780_P004_T1map_kus_ktRadial8.mat
Center004_Siemens_15T_Aera_P024_T1map_kus_ktRadial8.mat
Center004_UIH_30T_umr780_P025_T2map_kus_ktRadial16.mat
Center004_UIH_30T_umr780_P008_T2map_kus_ktRadial24.mat
Center004_UIH_30T_umr780_P011_T1map_kus_ktRadial24.mat
Center004_Siemens_15T_Aera_P046_T1mappost_kus_ktRadial16.mat
Center005_UIH_15T_umr670_P011_T2map_kus_ktRadial16.mat
Center004_UIH_30T_umr780_P021_T2map_kus_ktRadial24.mat
Center004_Siemens_15T_Aera_P048_T2map_kus_ktRadial8.mat
Center004_UIH_30T_umr780_P023_T1mappost_kus_ktRadial8.mat
Center004_UIH_30T_umr780_P007_T1map_kus_ktRadial16.mat
Center005_UIH_15T_umr670_P025_T1map_kus_ktRadial8.mat
Center004_UIH_30T_umr780_P017_T2map_kus_ktRadial24.mat
Center004_UIH_30T_umr780_P009_T1mappost_kus_ktRadial8.mat
Center004_UIH_30T_umr780_P008_T1map_kus_ktRadial8.mat
Center004_Siemens_15T_Aera_P045_T1map_kus_ktRadial24.mat
