Center004_UIH_30T_umr780_P012_T2map_kus_ktGaussian16.mat
Center004_UIH_30T_umr780_P011_T2map_kus_ktGaussian8.mat
Center004_UIH_30T_umr780_P033_T2map_kus_ktGaussian8.mat
Center005_UIH_15T_umr670_P022_T2map_kus_ktGaussian8.mat
Center004_UIH_30T_umr780_P022_T1mappost_kus_ktGaussian24.mat
Center004_Siemens_15T_Aera_P042_T1map_kus_ktGaussian24.mat
Center004_Siemens_15T_Aera_P044_T1mappost_kus_ktGaussian8.mat
Center004_UIH_30T_umr780_P027_T2map_kus_ktGaussian24.mat
Center004_UIH_30T_umr780_P027_T1mappost_kus_ktGaussian24.mat
Center004_UIH_30T_umr780_P012_T1mappost_kus_ktGaussian8.mat
Center004_Siemens_15T_Aera_P030_T1mappost_kus_ktGaussian24.mat
Center004_UIH_30T_umr780_P020_T1mappost_kus_ktGaussian24.mat
Center004_UIH_30T_umr780_P002_T1mappost_kus_ktGaussian16.mat
Center004_UIH_30T_umr780_P007_T2map_kus_ktGaussian24.mat
Center004_UIH_30T_umr780_P027_T1map_kus_ktGaussian24.mat
Center004_Siemens_15T_Aera_P042_T1mappost_kus_ktGaussian8.mat
Center004_Siemens_15T_Aera_P032_T1mappost_kus_ktGaussian16.mat
Center004_UIH_30T_umr780_P014_T1mappost_kus_ktGaussian8.mat
Center004_Siemens_15T_Aera_P023_T2map_kus_ktGaussian8.mat
Center004_Siemens_15T_Aera_P041_T1map_kus_ktGaussian24.mat
Center004_UIH_30T_umr780_P018_T2map_kus_ktGaussian16.mat
Center004_UIH_30T_umr780_P007_T1mappost_kus_ktGaussian16.mat
Center004_UIH_30T_umr780_P003_T1mappost_kus_ktGaussian8.mat
Center004_Siemens_15T_Aera_P032_T1map_kus_ktGaussian8.mat
Center004_UIH_30T_umr780_P010_T1mappost_kus_ktGaussian24.mat
Center004_UIH_30T_umr780_P023_T1map_kus_ktGaussian8.mat
Center004_UIH_30T_umr780_P032_T1map_kus_ktGaussian24.mat
Center004_UIH_30T_umr780_P008_T1mappost_kus_ktGaussian8.mat
Center004_UIH_30T_umr780_P030_T2map_kus_ktGaussian24.mat
Center004_Siemens_15T_Aera_P048_T1map_kus_ktGaussian8.mat
Center004_UIH_30T_umr780_P023_T2map_kus_ktGaussian24.mat
Center004_Siemens_15T_Aera_P037_T2map_kus_ktGaussian24.mat
Center004_UIH_30T_umr780_P033_T1map_kus_ktGaussian24.mat
Center004_Siemens_15T_Aera_P046_T1map_kus_ktGaussian16.mat
Center004_UIH_30T_umr780_P024_T1map_kus_ktGaussian24.mat
Center004_Siemens_15T_Aera_P045_T1mappost_kus_ktGaussian24.mat
Center004_UIH_30T_umr780_P002_T1map_kus_ktGaussian8.mat
Center005_UIH_15T_umr670_P009_T1map_kus_ktGaussian24.mat
Center005_UIH_15T_umr670_P025_T2map_kus_ktGaussian24.mat
Center004_UIH_30T_umr780_P016_T1mappost_kus_ktGaussian16.mat
Center004_UIH_30T_umr780_P026_T2map_kus_ktGaussian24.mat
Center004_Siemens_15T_Aera_P041_T2map_kus_ktGaussian24.mat
Center004_UIH_30T_umr780_P024_T2map_kus_ktGaussian24.mat
Center005_UIH_15T_umr670_P012_T1map_kus_ktGaussian16.mat
Center004_Siemens_15T_Aera_P026_T2map_kus_ktGaussian24.mat
Center004_Siemens_15T_Aera_P028_T1mappost_kus_ktGaussian24.mat
Center004_Siemens_15T_Aera_P028_T2map_kus_ktGaussian8.mat
Center005_UIH_15T_umr670_P022_T1map_kus_ktGaussian24.mat
Center004_Siemens_15T_Aera_P033_T2map_kus_ktGaussian8.mat
Center004_UIH_30T_umr780_P004_T1mappost_kus_ktGaussian16.mat
Center004_UIH_30T_umr780_P021_T1mappost_kus_ktGaussian16.mat
Center004_Siemens_15T_Aera_P032_T2map_kus_ktGaussian8.mat
Center004_UIH_30T_umr780_P030_T1map_kus_ktGaussian16.mat
Center004_UIH_30T_umr780_P028_T1map_kus_ktGaussian24.mat
Center004_UIH_30T_umr780_P018_T1map_kus_ktGaussian24.mat
Center004_Siemens_15T_Aera_P025_T1map_kus_ktGaussian24.mat
Center004_Siemens_15T_Aera_P043_T1map_kus_ktGaussian16.mat
Center004_UIH_30T_umr780_P021_T1map_kus_ktGaussian8.mat
