Center004_UIH_15T_umr680_P018_perfusion_kus_ktGaussian16.mat
Center005_UIH_15T_umr670_P025_perfusion_kus_ktGaussian24.mat
Center004_UIH_15T_umr680_P032_perfusion_kus_ktGaussian16.mat
Center004_UIH_15T_umr680_P012_perfusion_kus_ktGaussian24.mat
Center004_UIH_15T_umr680_P002_perfusion_kus_ktGaussian24.mat
Center005_UIH_15T_umr670_P011_perfusion_kus_ktGaussian16.mat
Center004_UIH_15T_umr680_P017_perfusion_kus_ktGaussian24.mat
Center004_UIH_15T_umr680_P016_perfusion_kus_ktGaussian16.mat
Center004_UIH_15T_umr680_P022_perfusion_kus_ktGaussian16.mat
Center004_UIH_15T_umr680_P020_perfusion_kus_ktGaussian16.mat
Center004_UIH_15T_umr680_P010_perfusion_kus_ktGaussian16.mat
Center004_UIH_15T_umr680_P014_perfusion_kus_ktGaussian16.mat
Center004_UIH_15T_umr680_P004_perfusion_kus_ktGaussian8.mat
Center005_UIH_15T_umr670_P022_perfusion_kus_ktGaussian24.mat
Center004_UIH_15T_umr680_P015_perfusion_kus_ktGaussian24.mat
Center005_UIH_15T_umr670_P009_perfusion_kus_ktGaussian16.mat
Center004_UIH_15T_umr680_P008_perfusion_kus_ktGaussian8.mat
