Center010_UIH_30T_umr790_P014_cine_lax_4ch_kus_ktGaussian24.mat
Center010_UIH_30T_umr790_P033_cine_sax_kus_ktGaussian8.mat
Center010_UIH_30T_umr790_P012_cine_sax_kus_ktGaussian16.mat
Center010_UIH_30T_umr790_P059_cine_sax_kus_ktGaussian8.mat
Center010_UIH_30T_umr790_P044_cine_sax_kus_ktGaussian8.mat
Center010_UIH_30T_umr790_P048_cine_sax_kus_ktGaussian8.mat
Center010_UIH_30T_umr790_P023_cine_lax_4ch_kus_ktGaussian16.mat
Center010_UIH_30T_umr790_P001_cine_rvot_kus_ktGaussian24.mat
Center010_UIH_30T_umr790_P056_cine_sax_kus_ktGaussian8.mat
Center010_UIH_30T_umr790_P021_cine_sax_kus_ktGaussian24.mat
Center010_UIH_30T_umr790_P060_cine_sax_kus_ktGaussian16.mat
Center010_UIH_30T_umr790_P034_cine_sax_kus_ktGaussian16.mat
Center010_UIH_30T_umr790_P008_cine_lax_4ch_kus_ktGaussian8.mat
Center010_UIH_30T_umr790_P029_cine_lax_4ch_kus_ktGaussian16.mat
Center010_UIH_30T_umr790_P011_cine_sax_kus_ktGaussian16.mat
Center010_UIH_30T_umr790_P054_cine_sax_kus_ktGaussian16.mat
Center010_UIH_30T_umr790_P026_cine_sax_kus_ktGaussian24.mat
Center010_UIH_30T_umr790_P031_cine_sax_kus_ktGaussian8.mat
Center010_UIH_30T_umr790_P055_cine_sax_kus_ktGaussian16.mat
Center010_UIH_30T_umr790_P007_cine_sax_kus_ktGaussian8.mat
Center010_UIH_30T_umr790_P019_cine_sax_kus_ktGaussian8.mat
Center010_UIH_30T_umr790_P047_cine_sax_kus_ktGaussian16.mat
Center010_UIH_30T_umr790_P002_cine_sax_kus_ktGaussian8.mat
Center010_UIH_30T_umr790_P028_cine_sax_kus_ktGaussian8.mat
Center010_UIH_30T_umr790_P012_cine_lax_4ch_kus_ktGaussian8.mat
Center010_UIH_30T_umr790_P046_cine_lax_4ch_kus_ktGaussian16.mat
Center010_UIH_30T_umr790_P016_cine_lax_4ch_kus_ktGaussian8.mat
Center010_UIH_30T_umr790_P035_cine_lax_4ch_kus_ktGaussian16.mat
Center010_UIH_30T_umr790_P027_cine_lax_4ch_kus_ktGaussian24.mat
Center010_UIH_30T_umr790_P052_cine_lax_4ch_kus_ktGaussian16.mat
Center010_UIH_30T_umr790_P016_cine_sax_kus_ktGaussian24.mat
Center010_UIH_30T_umr790_P022_cine_sax_kus_ktGaussian16.mat
Center010_UIH_30T_umr790_P022_cine_lax_4ch_kus_ktGaussian24.mat
Center010_UIH_30T_umr790_P058_cine_sax_kus_ktGaussian8.mat
Center010_UIH_30T_umr790_P023_cine_sax_kus_ktGaussian8.mat
Center010_UIH_30T_umr790_P035_cine_sax_kus_ktGaussian24.mat
Center010_UIH_30T_umr790_P041_cine_lax_4ch_kus_ktGaussian24.mat
Center010_UIH_30T_umr790_P001_cine_lax_4ch_kus_ktGaussian24.mat
Center010_UIH_30T_umr790_P043_cine_sax_kus_ktGaussian8.mat
Center010_UIH_30T_umr790_P018_cine_lax_4ch_kus_ktGaussian16.mat
Center010_UIH_30T_umr790_P027_cine_sax_kus_ktGaussian8.mat
Center010_UIH_30T_umr790_P020_cine_sax_kus_ktGaussian24.mat
