Center010_UIH_30T_umr790_P060_cine_lax_4ch_kus_Uniform24.mat
Center010_UIH_30T_umr790_P030_cine_sax_kus_Uniform24.mat
Center010_UIH_30T_umr790_P033_cine_lax_4ch_kus_Uniform24.mat
Center010_UIH_30T_umr790_P002_cine_lax_4ch_kus_Uniform8.mat
Center010_UIH_30T_umr790_P050_cine_lax_4ch_kus_Uniform16.mat
Center010_UIH_30T_umr790_P004_cine_sax_kus_Uniform16.mat
Center010_UIH_30T_umr790_P013_cine_sax_kus_Uniform24.mat
Center010_UIH_30T_umr790_P041_cine_sax_kus_Uniform16.mat
Center010_UIH_30T_umr790_P057_cine_sax_kus_Uniform8.mat
Center010_UIH_30T_umr790_P007_cine_lax_4ch_kus_Uniform8.mat
Center010_UIH_30T_umr790_P053_cine_sax_kus_Uniform24.mat
Center010_UIH_30T_umr790_P003_cine_lax_4ch_kus_Uniform24.mat
Center010_UIH_30T_umr790_P032_cine_lax_4ch_kus_Uniform16.mat
Center010_UIH_30T_umr790_P054_cine_lax_4ch_kus_Uniform8.mat
Center010_UIH_30T_umr790_P020_cine_lax_4ch_kus_Uniform8.mat
Center010_UIH_30T_umr790_P001_cine_lvot_kus_Uniform24.mat
Center010_UIH_30T_umr790_P005_cine_lax_4ch_kus_Uniform16.mat
Center010_UIH_30T_umr790_P036_cine_LV_kus_Uniform16.mat
Center010_UIH_30T_umr790_P042_cine_lax_4ch_kus_Uniform8.mat
Center010_UIH_30T_umr790_P013_cine_lax_4ch_kus_Uniform24.mat
Center010_UIH_30T_umr790_P053_cine_lax_4ch_kus_Uniform16.mat
Center010_UIH_30T_umr790_P009_cine_lax_4ch_kus_Uniform8.mat
Center010_UIH_30T_umr790_P008_cine_sax_kus_Uniform16.mat
Center010_UIH_30T_umr790_P050_cine_sax_kus_Uniform24.mat
Center010_UIH_30T_umr790_P042_cine_sax_kus_Uniform16.mat
Center010_UIH_30T_umr790_P005_cine_sax_kus_Uniform16.mat
Center010_UIH_30T_umr790_P045_cine_sax_kus_Uniform24.mat
Center010_UIH_30T_umr790_P018_cine_sax_kus_Uniform16.mat
Center010_UIH_30T_umr790_P030_cine_lax_4ch_kus_Uniform16.mat
Center010_UIH_30T_umr790_P036_cine_sax_kus_Uniform8.mat
Center010_UIH_30T_umr790_P039_cine_lax_4ch_kus_Uniform24.mat
Center010_UIH_30T_umr790_P044_cine_lax_4ch_kus_Uniform8.mat
Center010_UIH_30T_umr790_P001_cine_sax_kus_Uniform8.mat
Center010_UIH_30T_umr790_P032_cine_sax_kus_Uniform16.mat
Center010_UIH_30T_umr790_P049_cine_lax_4ch_kus_Uniform8.mat
Center010_UIH_30T_umr790_P017_cine_lax_4ch_kus_Uniform8.mat
Center010_UIH_30T_umr790_P045_cine_lax_4ch_kus_Uniform8.mat
Center010_UIH_30T_umr790_P021_cine_lax_4ch_kus_Uniform16.mat
Center010_UIH_30T_umr790_P051_cine_lax_4ch_kus_Uniform24.mat
Center010_UIH_30T_umr790_P036_cine_lax_4ch_kus_Uniform8.mat
Center010_UIH_30T_umr790_P035_cine_lvot_kus_Uniform16.mat
Center010_UIH_30T_umr790_P024_cine_lax_4ch_kus_Uniform24.mat
