Center010_UIH_30T_umr790_P038_cine_sax_kus_ktRadial16.mat
Center010_UIH_30T_umr790_P024_cine_sax_kus_ktRadial16.mat
Center010_UIH_30T_umr790_P003_cine_sax_kus_ktRadial16.mat
Center010_UIH_30T_umr790_P004_cine_lax_4ch_kus_ktRadial24.mat
Center010_UIH_30T_umr790_P015_cine_lax_4ch_kus_ktRadial24.mat
Center010_UIH_30T_umr790_P037_cine_lax_4ch_kus_ktRadial8.mat
Center010_UIH_30T_umr790_P034_cine_lax_4ch_kus_ktRadial24.mat
Center010_UIH_30T_umr790_P040_cine_sax_kus_ktRadial8.mat
Center010_UIH_30T_umr790_P039_cine_sax_kus_ktRadial24.mat
Center010_UIH_30T_umr790_P037_cine_sax_kus_ktRadial24.mat
Center010_UIH_30T_umr790_P025_cine_sax_kus_ktRadial8.mat
Center010_UIH_30T_umr790_P010_cine_lax_4ch_kus_ktRadial8.mat
Center010_UIH_30T_umr790_P019_cine_lax_4ch_kus_ktRadial24.mat
Center010_UIH_30T_umr790_P052_cine_sax_kus_ktRadial8.mat
Center010_UIH_30T_umr790_P014_cine_sax_kus_ktRadial8.mat
Center010_UIH_30T_umr790_P057_cine_lax_4ch_kus_ktRadial16.mat
Center010_UIH_30T_umr790_P028_cine_lax_4ch_kus_ktRadial24.mat
Center010_UIH_30T_umr790_P026_cine_lax_4ch_kus_ktRadial24.mat
Center010_UIH_30T_umr790_P059_cine_lax_4ch_kus_ktRadial24.mat
Center010_UIH_30T_umr790_P056_cine_lax_4ch_kus_ktRadial16.mat
Center010_UIH_30T_umr790_P031_cine_lax_4ch_kus_ktRadial24.mat
Center010_UIH_30T_umr790_P017_cine_sax_kus_ktRadial24.mat
Center010_UIH_30T_umr790_P038_cine_lax_4ch_kus_ktRadial8.mat
Center010_UIH_30T_umr790_P009_cine_sax_kus_ktRadial8.mat
Center010_UIH_30T_umr790_P025_cine_lax_4ch_kus_ktRadial8.mat
Center010_UIH_30T_umr790_P040_cine_lax_4ch_kus_ktRadial24.mat
Center010_UIH_30T_umr790_P051_cine_sax_kus_ktRadial8.mat
Center010_UIH_30T_umr790_P046_cine_sax_kus_ktRadial16.mat
Center010_UIH_30T_umr790_P055_cine_lax_4ch_kus_ktRadial8.mat
Center010_UIH_30T_umr790_P010_cine_sax_kus_ktRadial8.mat
