Center010_UIH_30T_umr790_P031_lge_sax_kus_ktRadial24.mat
Center010_UIH_30T_umr790_P030_lge_sax_kus_ktRadial24.mat
Center010_UIH_30T_umr790_P050_lge_sax_kus_ktRadial8.mat
Center010_UIH_30T_umr790_P025_lge_sax_kus_ktRadial16.mat
Center010_UIH_30T_umr790_P019_lge_sax_kus_ktRadial24.mat
Center010_UIH_30T_umr790_P045_lge_lax_4ch_kus_ktRadial8.mat
Center010_UIH_30T_umr790_P012_lge_lax_4ch_kus_ktRadial24.mat
Center010_UIH_30T_umr790_P028_lge_lax_4ch_kus_ktRadial16.mat
Center010_UIH_30T_umr790_P030_lge_lax_4ch_kus_ktRadial24.mat
Center010_UIH_30T_umr790_P044_lge_lax_4ch_kus_ktRadial24.mat
Center010_UIH_30T_umr790_P017_lge_sax_kus_ktRadial24.mat
Center010_UIH_30T_umr790_P028_lge_sax_kus_ktRadial24.mat
Center010_UIH_30T_umr790_P021_lge_lax_4ch_kus_ktRadial8.mat
Center010_UIH_30T_umr790_P032_lge_lax_4ch_kus_ktRadial16.mat
Center010_UIH_30T_umr790_P031_lge_lax_4ch_kus_ktRadial16.mat
Center010_UIH_30T_umr790_P059_lge_lax_4ch_kus_ktRadial8.mat
Center010_UIH_30T_umr790_P047_lge_sax_kus_ktRadial16.mat
Center010_UIH_30T_umr790_P023_lge_lax_4ch_kus_ktRadial16.mat
Center010_UIH_30T_umr790_P036_lge_lax_4ch_kus_ktRadial24.mat
Center010_UIH_30T_umr790_P014_lge_lax_4ch_kus_ktRadial24.mat
Center010_UIH_30T_umr790_P025_lge_lax_4ch_kus_ktRadial16.mat
Center010_UIH_30T_umr790_P039_lge_lax_4ch_kus_ktRadial8.mat
Center010_UIH_30T_umr790_P058_lge_sax_kus_ktRadial8.mat
Center010_UIH_30T_umr790_P044_lge_sax_kus_ktRadial24.mat
Center010_UIH_30T_umr790_P045_lge_sax_kus_ktRadial24.mat
Center010_UIH_30T_umr790_P034_lge_sax_kus_ktRadial16.mat
Center010_UIH_30T_umr790_P059_lge_sax_kus_ktRadial24.mat
Center010_UIH_30T_umr790_P014_lge_sax_kus_ktRadial8.mat
Center010_UIH_30T_umr790_P003_lge_sax_kus_ktRadial16.mat
Center010_UIH_30T_umr790_P020_lge_lax_4ch_kus_ktRadial24.mat
Center010_UIH_30T_umr790_P004_lge_lax_4ch_kus_ktRadial8.mat
Center010_UIH_30T_umr790_P011_lge_lax_4ch_kus_ktRadial8.mat
Center010_UIH_30T_umr790_P008_lge_sax_kus_ktRadial16.mat
Center010_UIH_30T_umr790_P054_lge_lax_4ch_kus_ktRadial24.mat
