Center010_UIH_30T_umr790_P052_lge_lax_4ch_kus_Uniform16.mat
Center010_UIH_30T_umr790_P041_lge_lax_4ch_kus_Uniform16.mat
Center010_UIH_30T_umr790_P003_lge_lax_4ch_kus_Uniform16.mat
Center010_UIH_30T_umr790_P018_lge_sax_kus_Uniform24.mat
Center010_UIH_30T_umr790_P024_lge_sax_kus_Uniform16.mat
Center010_UIH_30T_umr790_P021_lge_sax_kus_Uniform24.mat
Center010_UIH_30T_umr790_P007_lge_lax_4ch_kus_Uniform24.mat
Center010_UIH_30T_umr790_P053_lge_sax_kus_Uniform16.mat
Center010_UIH_30T_umr790_P029_lge_lax_4ch_kus_Uniform8.mat
Center010_UIH_30T_umr790_P010_lge_sax_kus_Uniform16.mat
Center010_UIH_30T_umr790_P055_lge_lax_4ch_kus_Uniform8.mat
Center010_UIH_30T_umr790_P015_lge_lax_4ch_kus_Uniform24.mat
Center010_UIH_30T_umr790_P036_lge_sax_kus_Uniform16.mat
Center010_UIH_30T_umr790_P008_lge_lax_4ch_kus_Uniform8.mat
Center010_UIH_30T_umr790_P032_lge_sax_kus_Uniform16.mat
Center010_UIH_30T_umr790_P058_lge_lax_4ch_kus_Uniform16.mat
Center010_UIH_30T_umr790_P052_lge_sax_kus_Uniform16.mat
Center010_UIH_30T_umr790_P057_lge_sax_kus_Uniform16.mat
Center010_UIH_30T_umr790_P013_lge_lax_4ch_kus_Uniform24.mat
Center010_UIH_30T_umr790_P056_lge_sax_kus_Uniform16.mat
Center010_UIH_30T_umr790_P004_lge_sax_kus_Uniform16.mat
Center010_UIH_30T_umr790_P024_lge_lax_4ch_kus_Uniform16.mat
Center010_UIH_30T_umr790_P027_lge_sax_kus_Uniform24.mat
Center010_UIH_30T_umr790_P012_lge_sax_kus_Uniform24.mat
Center010_UIH_30T_umr790_P033_lge_lax_4ch_kus_Uniform24.mat
Center010_UIH_30T_umr790_P007_lge_sax_kus_Uniform8.mat
Center010_UIH_30T_umr790_P023_lge_sax_kus_Uniform8.mat
