Center010_UIH_30T_umr790_P038_lge_sax_kus_ktGaussian24.mat
Center010_UIH_30T_umr790_P060_lge_sax_kus_ktGaussian24.mat
Center010_UIH_30T_umr790_P038_lge_lax_4ch_kus_ktGaussian24.mat
Center010_UIH_30T_umr790_P047_lge_lax_4ch_kus_ktGaussian16.mat
Center010_UIH_30T_umr790_P034_lge_lax_4ch_kus_ktGaussian8.mat
Center010_UIH_30T_umr790_P010_lge_lax_4ch_kus_ktGaussian24.mat
Center010_UIH_30T_umr790_P050_lge_lax_4ch_kus_ktGaussian24.mat
Center010_UIH_30T_umr790_P054_lge_sax_kus_ktGaussian24.mat
Center010_UIH_30T_umr790_P020_lge_sax_kus_ktGaussian8.mat
Center010_UIH_30T_umr790_P019_lge_lax_4ch_kus_ktGaussian8.mat
Center010_UIH_30T_umr790_P011_lge_sax_kus_ktGaussian8.mat
Center010_UIH_30T_umr790_P015_lge_sax_kus_ktGaussian16.mat
Center010_UIH_30T_umr790_P057_lge_lax_4ch_kus_ktGaussian16.mat
Center010_UIH_30T_umr790_P042_lge_lax_4ch_kus_ktGaussian8.mat
Center010_UIH_30T_umr790_P039_lge_sax_kus_ktGaussian8.mat
Center010_UIH_30T_umr790_P033_lge_sax_kus_ktGaussian24.mat
Center010_UIH_30T_umr790_P005_lge_sax_kus_ktGaussian24.mat
Center010_UIH_30T_umr790_P042_lge_sax_kus_ktGaussian16.mat
Center010_UIH_30T_umr790_P029_lge_sax_kus_ktGaussian16.mat
Center010_UIH_30T_umr790_P017_lge_lax_4ch_kus_ktGaussian16.mat
Center010_UIH_30T_umr790_P027_lge_lax_4ch_kus_ktGaussian24.mat
Center010_UIH_30T_umr790_P002_lge_lax_2ch_kus_ktGaussian24.mat
Center010_UIH_30T_umr790_P009_lge_sax_kus_ktGaussian16.mat
Center010_UIH_30T_umr790_P041_lge_sax_kus_ktGaussian8.mat
Center010_UIH_30T_umr790_P060_lge_lax_4ch_kus_ktGaussian8.mat
Center010_UIH_30T_umr790_P001_lge_lax_4ch_kus_ktGaussian8.mat
Center010_UIH_30T_umr790_P001_lge_lax_2ch_kus_ktGaussian24.mat
Center010_UIH_30T_umr790_P035_lge_lax_4ch_kus_ktGaussian16.mat
Center010_UIH_30T_umr790_P009_lge_lax_4ch_kus_ktGaussian8.mat
Center010_UIH_30T_umr790_P053_lge_lax_4ch_kus_ktGaussian8.mat
Center010_UIH_30T_umr790_P018_lge_lax_4ch_kus_ktGaussian24.mat
Center010_UIH_30T_umr790_P022_lge_lax_4ch_kus_ktGaussian24.mat
Center010_UIH_30T_umr790_P035_lge_sax_kus_ktGaussian8.mat
