Center010_UIH_30T_umr790_P018_T2map_kus_Uniform8.mat
Center010_UIH_30T_umr790_P032_T2map_kus_Uniform24.mat
Center010_UIH_30T_umr790_P046_T1mappost_kus_Uniform8.mat
Center010_UIH_30T_umr790_P013_T1mappost_kus_Uniform8.mat
Center010_UIH_30T_umr790_P014_T1map_kus_Uniform24.mat
Center010_UIH_30T_umr790_P052_T2map_kus_Uniform24.mat
Center010_UIH_30T_umr790_P039_T2map_kus_Uniform8.mat
Center010_UIH_30T_umr790_P052_T1map_kus_Uniform8.mat
Center010_UIH_30T_umr790_P053_T1mappost_kus_Uniform24.mat
Center010_UIH_30T_umr790_P007_T2map_kus_Uniform24.mat
Center010_UIH_30T_umr790_P059_T1mappost_kus_Uniform16.mat
Center010_UIH_30T_umr790_P009_T1map_kus_Uniform16.mat
Center010_UIH_30T_umr790_P047_T2map_kus_Uniform16.mat
Center010_UIH_30T_umr790_P037_T1map_kus_Uniform8.mat
Center010_UIH_30T_umr790_P055_T1map_kus_Uniform24.mat
Center010_UIH_30T_umr790_P038_T1mappost_kus_Uniform16.mat
Center010_UIH_30T_umr790_P033_T1mappost_kus_Uniform24.mat
Center010_UIH_30T_umr790_P036_T1map_kus_Uniform16.mat
Center010_UIH_30T_umr790_P053_T2map_kus_Uniform16.mat
Center010_UIH_30T_umr790_P024_T1mappost_kus_Uniform16.mat
Center010_UIH_30T_umr790_P055_T2map_kus_Uniform8.mat
Center010_UIH_30T_umr790_P056_T2map_kus_Uniform24.mat
Center010_UIH_30T_umr790_P051_T2map_kus_Uniform8.mat
Center010_UIH_30T_umr790_P021_T1map_kus_Uniform8.mat
Center010_UIH_30T_umr790_P044_T1map_kus_Uniform24.mat
Center010_UIH_30T_umr790_P005_T1mappost_kus_Uniform8.mat
Center010_UIH_30T_umr790_P045_T1mappost_kus_Uniform8.mat
Center010_UIH_30T_umr790_P012_T1map_kus_Uniform24.mat
Center010_UIH_30T_umr790_P003_T1mappost_kus_Uniform8.mat
Center010_UIH_30T_umr790_P026_T2map_kus_Uniform24.mat
Center010_UIH_30T_umr790_P046_T1map_kus_Uniform8.mat
Center010_UIH_30T_umr790_P023_T1map_kus_Uniform24.mat
Center010_UIH_30T_umr790_P028_T1map_kus_Uniform8.mat
Center010_UIH_30T_umr790_P031_T1map_kus_Uniform16.mat
Center010_UIH_30T_umr790_P047_T1mappost_kus_Uniform8.mat
Center010_UIH_30T_umr790_P018_T1map_kus_Uniform8.mat
Center010_UIH_30T_umr790_P027_T1map_kus_Uniform24.mat
Center010_UIH_30T_umr790_P043_T1map_kus_Uniform16.mat
Center010_UIH_30T_umr790_P038_T2map_kus_Uniform16.mat
Center010_UIH_30T_umr790_P006_T2map_kus_Uniform8.mat
Center010_UIH_30T_umr790_P008_T1map_kus_Uniform24.mat
Center010_UIH_30T_umr790_P037_T1mappost_kus_Uniform8.mat
Center010_UIH_30T_umr790_P059_T2map_kus_Uniform16.mat
Center010_UIH_30T_umr790_P044_T1mappost_kus_Uniform16.mat
Center010_UIH_30T_umr790_P048_T1map_kus_Uniform8.mat
Center010_UIH_30T_umr790_P052_T1mappost_kus_Uniform16.mat
Center010_UIH_30T_umr790_P010_T2map_kus_Uniform16.mat
Center010_UIH_30T_umr790_P015_T1map_kus_Uniform16.mat
Center010_UIH_30T_umr790_P010_T1mappost_kus_Uniform24.mat
Center010_UIH_30T_umr790_P060_T1map_kus_Uniform16.mat
Center010_UIH_30T_umr790_P007_T1mappost_kus_Uniform24.mat
Center010_UIH_30T_umr790_P054_T1mappost_kus_Uniform24.mat
Center010_UIH_30T_umr790_P022_T2map_kus_Uniform16.mat
Center010_UIH_30T_umr790_P011_T1mappost_kus_Uniform24.mat
Center010_UIH_30T_umr790_P031_T2map_kus_Uniform24.mat
Center010_UIH_30T_umr790_P030_T2map_kus_Uniform24.mat
Center010_UIH_30T_umr790_P035_T1map_kus_Uniform16.mat
Center010_UIH_30T_umr790_P004_T1mappost_kus_Uniform8.mat
Center010_UIH_30T_umr790_P058_T1map_kus_Uniform16.mat
Center010_UIH_30T_umr790_P041_T1map_kus_Uniform8.mat
Center010_UIH_30T_umr790_P030_T1mappost_kus_Uniform24.mat
Center010_UIH_30T_umr790_P021_T2map_kus_Uniform16.mat
Center010_UIH_30T_umr790_P003_T2map_kus_Uniform24.mat
