Center010_UIH_30T_umr790_P026_T1map_kus_ktRadial24.mat
Center010_UIH_30T_umr790_P042_T2map_kus_ktRadial8.mat
Center010_UIH_30T_umr790_P017_T1mappost_kus_ktRadial8.mat
Center010_UIH_30T_umr790_P025_T2map_kus_ktRadial24.mat
Center010_UIH_30T_umr790_P018_T1mappost_kus_ktRadial24.mat
Center010_UIH_30T_umr790_P019_T1mappost_kus_ktRadial24.mat
Center010_UIH_30T_umr790_P007_T1map_kus_ktRadial8.mat
Center010_UIH_30T_umr790_P029_T1map_kus_ktRadial24.mat
Center010_UIH_30T_umr790_P009_T1mappost_kus_ktRadial24.mat
Center010_UIH_30T_umr790_P041_T2map_kus_ktRadial8.mat
Center010_UIH_30T_umr790_P030_T1map_kus_ktRadial24.mat
Center010_UIH_30T_umr790_P049_T1mappost_kus_ktRadial8.mat
Center010_UIH_30T_umr790_P019_T2map_kus_ktRadial8.mat
Center010_UIH_30T_umr790_P059_T1map_kus_ktRadial16.mat
Center010_UIH_30T_umr790_P028_T1mappost_kus_ktRadial16.mat
Center010_UIH_30T_umr790_P032_T1map_kus_ktRadial8.mat
Center010_UIH_30T_umr790_P039_T1map_kus_ktRadial24.mat
Center010_UIH_30T_umr790_P035_T2map_kus_ktRadial8.mat
Center010_UIH_30T_umr790_P058_T2map_kus_ktRadial8.mat
Center010_UIH_30T_umr790_P013_T2map_kus_ktRadial16.mat
Center010_UIH_30T_umr790_P028_T2map_kus_ktRadial24.mat
Center010_UIH_30T_umr790_P041_T1mappost_kus_ktRadial24.mat
Center010_UIH_30T_umr790_P051_T1map_kus_ktRadial8.mat
Center010_UIH_30T_umr790_P036_T2map_kus_ktRadial16.mat
Center010_UIH_30T_umr790_P020_T2map_kus_ktRadial16.mat
Center010_UIH_30T_umr790_P031_T1mappost_kus_ktRadial16.mat
Center010_UIH_30T_umr790_P043_T1mappost_kus_ktRadial24.mat
Center010_UIH_30T_umr790_P050_T1mappost_kus_ktRadial24.mat
Center010_UIH_30T_umr790_P034_T1map_kus_ktRadial24.mat
Center010_UIH_30T_umr790_P038_T1map_kus_ktRadial8.mat
Center010_UIH_30T_umr790_P024_T1map_kus_ktRadial24.mat
Center010_UIH_30T_umr790_P014_T2map_kus_ktRadial24.mat
Center010_UIH_30T_umr790_P008_T1mappost_kus_ktRadial16.mat
Center010_UIH_30T_umr790_P035_T1mappost_kus_ktRadial8.mat
Center010_UIH_30T_umr790_P004_T2map_kus_ktRadial24.mat
Center010_UIH_30T_umr790_P017_T2map_kus_ktRadial24.mat
Center010_UIH_30T_umr790_P005_T1map_kus_ktRadial8.mat
Center010_UIH_30T_umr790_P053_T1map_kus_ktRadial16.mat
Center010_UIH_30T_umr790_P042_T1map_kus_ktRadial8.mat
Center010_UIH_30T_umr790_P048_T2map_kus_ktRadial8.mat
Center010_UIH_30T_umr790_P013_T1map_kus_ktRadial24.mat
Center010_UIH_30T_umr790_P003_T1map_kus_ktRadial8.mat
Center010_UIH_30T_umr790_P042_T1mappost_kus_ktRadial24.mat
Center010_UIH_30T_umr790_P020_T1map_kus_ktRadial24.mat
Center010_UIH_30T_umr790_P044_T2map_kus_ktRadial16.mat
Center010_UIH_30T_umr790_P056_T1mappost_kus_ktRadial24.mat
Center010_UIH_30T_umr790_P037_T2map_kus_ktRadial16.mat
Center010_UIH_30T_umr790_P014_T1mappost_kus_ktRadial24.mat
Center010_UIH_30T_umr790_P012_T1mappost_kus_ktRadial8.mat
