Center010_UIH_30T_umr790_P010_T1map_kus_ktGaussian16.mat
Center010_UIH_30T_umr790_P040_T2map_kus_ktGaussian24.mat
Center010_UIH_30T_umr790_P029_T1mappost_kus_ktGaussian16.mat
Center010_UIH_30T_umr790_P033_T1map_kus_ktGaussian24.mat
Center010_UIH_30T_umr790_P050_T2map_kus_ktGaussian16.mat
Center010_UIH_30T_umr790_P024_T2map_kus_ktGaussian8.mat
Center010_UIH_30T_umr790_P057_T2map_kus_ktGaussian8.mat
Center010_UIH_30T_umr790_P033_T2map_kus_ktGaussian24.mat
Center010_UIH_30T_umr790_P023_T1mappost_kus_ktGaussian24.mat
Center010_UIH_30T_umr790_P040_T1map_kus_ktGaussian24.mat
Center010_UIH_30T_umr790_P027_T1mappost_kus_ktGaussian24.mat
Center010_UIH_30T_umr790_P049_T2map_kus_ktGaussian24.mat
Center010_UIH_30T_umr790_P020_T1mappost_kus_ktGaussian8.mat
Center010_UIH_30T_umr790_P036_T1mappost_kus_ktGaussian8.mat
Center010_UIH_30T_umr790_P005_T2map_kus_ktGaussian16.mat
Center010_UIH_30T_umr790_P060_T1mappost_kus_ktGaussian8.mat
Center010_UIH_30T_umr790_P034_T1mappost_kus_ktGaussian8.mat
Center010_UIH_30T_umr790_P048_T1mappost_kus_ktGaussian8.mat
Center010_UIH_30T_umr790_P006_T1map_kus_ktGaussian16.mat
Center010_UIH_30T_umr790_P011_T2map_kus_ktGaussian8.mat
Center010_UIH_30T_umr790_P050_T1map_kus_ktGaussian16.mat
Center010_UIH_30T_umr790_P034_T2map_kus_ktGaussian8.mat
Center010_UIH_30T_umr790_P015_T1mappost_kus_ktGaussian16.mat
Center010_UIH_30T_umr790_P026_T1mappost_kus_ktGaussian24.mat
Center010_UIH_30T_umr790_P004_T1map_kus_ktGaussian8.mat
Center010_UIH_30T_umr790_P025_T1map_kus_ktGaussian16.mat
Center010_UIH_30T_umr790_P021_T1mappost_kus_ktGaussian24.mat
Center010_UIH_30T_umr790_P054_T2map_kus_ktGaussian8.mat
Center010_UIH_30T_umr790_P023_T2map_kus_ktGaussian24.mat
Center010_UIH_30T_umr790_P049_T1map_kus_ktGaussian16.mat
Center010_UIH_30T_umr790_P043_T2map_kus_ktGaussian8.mat
Center010_UIH_30T_umr790_P054_T1map_kus_ktGaussian16.mat
Center010_UIH_30T_umr790_P015_T2map_kus_ktGaussian8.mat
Center010_UIH_30T_umr790_P047_T1map_kus_ktGaussian24.mat
Center010_UIH_30T_umr790_P060_T2map_kus_ktGaussian24.mat
Center010_UIH_30T_umr790_P032_T1mappost_kus_ktGaussian16.mat
Center010_UIH_30T_umr790_P016_T1mappost_kus_ktGaussian24.mat
Center010_UIH_30T_umr790_P045_T1map_kus_ktGaussian8.mat
Center010_UIH_30T_umr790_P008_T2map_kus_ktGaussian24.mat
Center010_UIH_30T_umr790_P045_T2map_kus_ktGaussian24.mat
Center010_UIH_30T_umr790_P019_T1map_kus_ktGaussian24.mat
Center010_UIH_30T_umr790_P058_T1mappost_kus_ktGaussian16.mat
Center010_UIH_30T_umr790_P057_T1mappost_kus_ktGaussian8.mat
Center010_UIH_30T_umr790_P012_T2map_kus_ktGaussian24.mat
Center010_UIH_30T_umr790_P025_T1mappost_kus_ktGaussian8.mat
Center010_UIH_30T_umr790_P022_T1map_kus_ktGaussian8.mat
Center010_UIH_30T_umr790_P057_T1map_kus_ktGaussian16.mat
Center010_UIH_30T_umr790_P022_T1mappost_kus_ktGaussian24.mat
Center010_UIH_30T_umr790_P040_T1mappost_kus_ktGaussian8.mat
Center010_UIH_30T_umr790_P029_T2map_kus_ktGaussian8.mat
Center010_UIH_30T_umr790_P046_T2map_kus_ktGaussian24.mat
Center010_UIH_30T_umr790_P016_T1map_kus_ktGaussian16.mat
Center010_UIH_30T_umr790_P027_T2map_kus_ktGaussian16.mat
Center010_UIH_30T_umr790_P016_T2map_kus_ktGaussian24.mat
Center010_UIH_30T_umr790_P009_T2map_kus_ktGaussian16.mat
Center010_UIH_30T_umr790_P039_T1mappost_kus_ktGaussian24.mat
Center010_UIH_30T_umr790_P017_T1map_kus_ktGaussian8.mat
Center010_UIH_30T_umr790_P051_T1mappost_kus_ktGaussian8.mat
Center010_UIH_30T_umr790_P011_T1map_kus_ktGaussian16.mat
Center010_UIH_30T_umr790_P056_T1map_kus_ktGaussian8.mat
Center010_UIH_30T_umr790_P055_T1mappost_kus_ktGaussian24.mat
