Center010_UIH_30T_umr790_P046_perfusion_kus_ktGaussian8.mat
Center010_UIH_30T_umr790_P048_perfusion_kus_ktGaussian24.mat
Center010_UIH_30T_umr790_P058_perfusion_kus_ktGaussian16.mat
Center010_UIH_30T_umr790_P024_perfusion_kus_ktGaussian24.mat
Center010_UIH_30T_umr790_P030_perfusion_kus_ktGaussian24.mat
Center010_UIH_30T_umr790_P010_perfusion_kus_ktGaussian16.mat
Center010_UIH_30T_umr790_P047_perfusion_kus_ktGaussian8.mat
Center010_UIH_30T_umr790_P003_perfusion_kus_ktGaussian24.mat
Center010_UIH_30T_umr790_P034_perfusion_kus_ktGaussian16.mat
Center010_UIH_30T_umr790_P006_perfusion_kus_ktGaussian16.mat
Center010_UIH_30T_umr790_P060_perfusion_kus_ktGaussian8.mat
Center010_UIH_30T_umr790_P054_perfusion_kus_ktGaussian8.mat
Center010_UIH_30T_umr790_P040_perfusion_kus_ktGaussian24.mat
Center010_UIH_30T_umr790_P028_perfusion_kus_ktGaussian24.mat
Center010_UIH_30T_umr790_P021_perfusion_kus_ktGaussian8.mat
Center010_UIH_30T_umr790_P016_perfusion_kus_ktGaussian16.mat
Center010_UIH_30T_umr790_P038_perfusion_kus_ktGaussian24.mat
Center010_UIH_30T_umr790_P012_perfusion_kus_ktGaussian16.mat
