Center010_UIH_30T_umr790_P001_perfusion_kus_ktRadial16.mat
Center010_UIH_30T_umr790_P045_perfusion_kus_ktRadial24.mat
Center010_UIH_30T_umr790_P041_perfusion_kus_ktRadial24.mat
Center010_UIH_30T_umr790_P011_perfusion_kus_ktRadial24.mat
Center010_UIH_30T_umr790_P018_perfusion_kus_ktRadial8.mat
Center010_UIH_30T_umr790_P013_perfusion_kus_ktRadial8.mat
Center010_UIH_30T_umr790_P039_perfusion_kus_ktRadial8.mat
Center010_UIH_30T_umr790_P009_perfusion_kus_ktRadial16.mat
Center010_UIH_30T_umr790_P055_perfusion_kus_ktRadial8.mat
Center010_UIH_30T_umr790_P036_perfusion_kus_ktRadial16.mat
Center010_UIH_30T_umr790_P033_perfusion_kus_ktRadial24.mat
Center010_UIH_30T_umr790_P008_perfusion_kus_ktRadial8.mat
Center010_UIH_30T_umr790_P022_perfusion_kus_ktRadial8.mat
Center010_UIH_30T_umr790_P027_perfusion_kus_ktRadial16.mat
Center010_UIH_30T_umr790_P023_perfusion_kus_ktRadial16.mat
Center010_UIH_30T_umr790_P049_perfusion_kus_ktRadial8.mat
Center010_UIH_30T_umr790_P043_perfusion_kus_ktRadial24.mat
Center010_UIH_30T_umr790_P007_perfusion_kus_ktRadial24.mat
Center010_UIH_30T_umr790_P031_perfusion_kus_ktRadial16.mat
Center010_UIH_30T_umr790_P032_perfusion_kus_ktRadial24.mat
Center010_UIH_30T_umr790_P020_perfusion_kus_ktRadial8.mat
Center010_UIH_30T_umr790_P026_perfusion_kus_ktRadial24.mat
Center010_UIH_30T_umr790_P029_perfusion_kus_ktRadial16.mat
Center010_UIH_30T_umr790_P025_perfusion_kus_ktRadial16.mat
