Center002_UIH_30T_umr880_P004_cine_lax_4ch_kus_Uniform16.mat
Center006_UIH_30T_umr790_P005_cine_lax_r2ch_kus_Uniform24.mat
Center004_Siemens_15T_Aera_P008_cine_sax_kus_Uniform8.mat
Center002_Siemens_30T_CIMA.X_P004_cine_lax_kus_Uniform24.mat
Center004_Siemens_15T_Aera_P006_cine_ot_kus_Uniform8.mat
Center001_UIH_30T_umr780_P023_cine_lax_3ch_kus_Uniform8.mat
Center005_Siemens_30T_Vida_P006_cine_sax_kus_Uniform8.mat
Center004_Siemens_15T_Aera_P019_cine_sax_kus_Uniform24.mat
Center004_Siemens_15T_Aera_P011_cine_ot_kus_Uniform16.mat
Center004_Siemens_15T_Aera_P006_cine_lax_kus_Uniform16.mat
Center004_Siemens_15T_Aera_P018_cine_sax_kus_Uniform16.mat
Center002_UIH_30T_umr880_P011_cine_lax_3ch_kus_Uniform8.mat
Center006_UIH_30T_umr790_P008_cine_lax_4ch_kus_Uniform8.mat
Center004_Siemens_15T_Aera_P019_cine_lax_kus_Uniform24.mat
Center004_Siemens_15T_Aera_P011_cine_sax_kus_Uniform8.mat
Center001_UIH_30T_umr780_P016_cine_lax_3ch_kus_Uniform24.mat
Center005_Siemens_30T_Vida_P006_cine_lax_kus_Uniform16.mat
Center004_Siemens_15T_Aera_P012_cine_ot_kus_Uniform24.mat
Center004_Siemens_15T_Aera_P009_cine_sax_kus_Uniform16.mat
Center004_Siemens_15T_Aera_P018_cine_lax_kus_Uniform24.mat
Center006_Siemens_30T_Prisma_P041_cine_sax_kus_Uniform16.mat
Center005_Siemens_30T_Vida_P005_cine_lax_kus_Uniform8.mat
Center001_UIH_30T_umr780_P016_cine_sax_kus_Uniform24.mat
Center004_Siemens_15T_Aera_P017_cine_sax_kus_Uniform24.mat
Center004_Siemens_15T_Aera_P003_cine_sax_kus_Uniform24.mat
Center005_Siemens_30T_Vida_P012_cine_lax_kus_Uniform16.mat
Center004_Siemens_15T_Aera_P002_cine_ot_kus_Uniform16.mat
Center004_Siemens_15T_Aera_P015_cine_sax_kus_Uniform8.mat
Center004_Siemens_15T_Aera_P009_cine_ot_kus_Uniform8.mat
Center004_Siemens_15T_Aera_P013_cine_lax_kus_Uniform8.mat
Center001_UIH_30T_umr780_P048_cine_sax_kus_Uniform16.mat
Center004_Siemens_15T_Aera_P005_cine_lax_kus_Uniform16.mat
Center004_Siemens_15T_Aera_P005_cine_ot_kus_Uniform24.mat
Center001_UIH_30T_umr780_P048_cine_lax_3ch_kus_Uniform16.mat
Center004_Siemens_15T_Aera_P009_cine_lax_kus_Uniform8.mat
Center001_UIH_30T_umr780_P025_cine_sax_kus_Uniform24.mat
Center001_UIH_30T_umr780_P007_cine_lax_3ch_kus_Uniform8.mat
Center004_Siemens_15T_Aera_P008_cine_lax_kus_Uniform16.mat
Center006_UIH_30T_umr790_P008_cine_sax_kus_Uniform8.mat
Center001_UIH_30T_umr780_P039_cine_lax_3ch_kus_Uniform16.mat
Center004_Siemens_15T_Aera_P003_cine_lax_kus_Uniform24.mat
