Center004_Siemens_15T_Aera_P006_cine_sax_kus_ktRadial16.mat
Center004_Siemens_15T_Aera_P005_cine_sax_kus_ktRadial16.mat
Center004_Siemens_15T_Aera_P018_cine_ot_kus_ktRadial24.mat
Center002_UIH_30T_umr880_P004_cine_lax_3ch_kus_ktRadial8.mat
Center001_UIH_30T_umr780_P059_cine_lax_3ch_kus_ktRadial16.mat
Center004_Siemens_15T_Aera_P020_cine_ot_kus_ktRadial24.mat
Center001_UIH_30T_umr780_P012_cine_lax_3ch_kus_ktRadial16.mat
Center001_UIH_30T_umr780_P023_cine_sax_kus_ktRadial8.mat
Center004_Siemens_15T_Aera_P013_cine_sax_kus_ktRadial24.mat
Center004_Siemens_15T_Aera_P012_cine_lax_kus_ktRadial8.mat
Center003_UIH_30T_umr880_P021_cine_sax_kus_ktRadial16.mat
Center003_UIH_30T_umr880_P003_cine_lax_2ch_kus_ktRadial16.mat
Center003_UIH_30T_umr880_P001_cine_lax_2ch_kus_ktRadial16.mat
Center004_Siemens_15T_Aera_P011_cine_lax_kus_ktRadial8.mat
Center004_Siemens_15T_Aera_P001_cine_sax_kus_ktRadial16.mat
Center006_Siemens_30T_Prisma_P010_cine_sax_kus_ktRadial24.mat
Center005_Siemens_30T_Vida_P005_cine_sax_kus_ktRadial16.mat
Center001_UIH_30T_umr780_P052_cine_sax_kus_ktRadial24.mat
Center006_Siemens_30T_Prisma_P018_cine_sax_kus_ktRadial16.mat
Center006_Siemens_30T_Prisma_P023_cine_sax_kus_ktRadial24.mat
Center001_UIH_30T_umr780_P048_cine_lax_4ch_kus_ktRadial8.mat
Center001_UIH_30T_umr780_P059_cine_lax_4ch_kus_ktRadial16.mat
Center001_UIH_30T_umr780_P038_cine_sax_kus_ktRadial24.mat
Center001_UIH_30T_umr780_P012_cine_lax_4ch_kus_ktRadial16.mat
Center004_Siemens_15T_Aera_P004_cine_ot_kus_ktRadial24.mat
Center004_Siemens_15T_Aera_P019_cine_ot_kus_ktRadial24.mat
Center006_Siemens_30T_Prisma_P016_cine_lax_kus_ktRadial8.mat
Center003_UIH_30T_umr880_P021_cine_ot_kus_ktRadial24.mat
Center006_Siemens_30T_Prisma_P007_cine_sax_kus_ktRadial16.mat
Center002_UIH_30T_umr880_P011_cine_sax_kus_ktRadial24.mat
Center001_UIH_30T_umr780_P016_cine_lax_4ch_kus_ktRadial24.mat
Center006_UIH_30T_umr790_P005_cine_lax_2ch_kus_ktRadial16.mat
Center002_UIH_30T_umr880_P004_cine_lax_2ch_kus_ktRadial8.mat
Center003_UIH_30T_umr880_P014_cine_lax_2ch_kus_ktRadial8.mat
Center004_Siemens_15T_Aera_P015_cine_lax_kus_ktRadial24.mat
Center001_UIH_30T_umr780_P022_cine_sax_kus_ktRadial8.mat
Center001_UIH_30T_umr780_P039_cine_lax_4ch_kus_ktRadial8.mat
Center001_UIH_30T_umr780_P025_cine_lax_4ch_kus_ktRadial16.mat
Center006_Siemens_30T_Prisma_P010_cine_lax_kus_ktRadial16.mat
Center004_Siemens_15T_Aera_P001_cine_lax_kus_ktRadial16.mat
Center001_UIH_30T_umr780_P023_cine_lax_4ch_kus_ktRadial8.mat
Center001_UIH_30T_umr780_P007_cine_lax_4ch_kus_ktRadial16.mat
Center004_Siemens_15T_Aera_P004_cine_sax_kus_ktRadial16.mat
