Center004_Siemens_15T_Aera_P014_cine_lax_kus_ktGaussian16.mat
Center001_UIH_30T_umr780_P059_cine_sax_kus_ktGaussian16.mat
Center004_Siemens_15T_Aera_P010_cine_ot_kus_ktGaussian8.mat
Center004_Siemens_15T_Aera_P017_cine_ot_kus_ktGaussian8.mat
Center003_UIH_30T_umr880_P016_cine_lax_3ch_kus_ktGaussian24.mat
Center003_UIH_30T_umr880_P021_cine_lax_2ch_kus_ktGaussian16.mat
Center006_UIH_30T_umr790_P008_cine_lax_r2ch_kus_ktGaussian16.mat
Center006_UIH_30T_umr790_P008_cine_lax_2ch_kus_ktGaussian24.mat
Center005_Siemens_30T_Vida_P005_cine_lvot_kus_ktGaussian16.mat
Center006_Siemens_30T_Prisma_P009_cine_sax_kus_ktGaussian24.mat
Center004_Siemens_15T_Aera_P016_cine_lax_kus_ktGaussian8.mat
Center004_Siemens_15T_Aera_P015_cine_ot_kus_ktGaussian24.mat
Center006_Siemens_30T_Prisma_P023_cine_lax_kus_ktGaussian16.mat
Center001_UIH_30T_umr780_P012_cine_sax_kus_ktGaussian24.mat
Center004_Siemens_15T_Aera_P012_cine_sax_kus_ktGaussian16.mat
Center003_UIH_30T_umr880_P021_cine_lax_3ch_kus_ktGaussian16.mat
Center004_Siemens_15T_Aera_P007_cine_sax_kus_ktGaussian8.mat
Center004_Siemens_15T_Aera_P013_cine_ot_kus_ktGaussian16.mat
Center006_Siemens_30T_Prisma_P016_cine_sax_kus_ktGaussian24.mat
Center006_UIH_30T_umr790_P005_cine_rvot_kus_ktGaussian8.mat
Center004_Siemens_15T_Aera_P003_cine_ot_kus_ktGaussian16.mat
Center001_UIH_30T_umr780_P038_cine_lax_3ch_kus_ktGaussian8.mat
Center006_Siemens_30T_Prisma_P007_cine_lax_kus_ktGaussian8.mat
Center004_Siemens_15T_Aera_P004_cine_lax_kus_ktGaussian16.mat
Center001_UIH_30T_umr780_P045_cine_sax_kus_ktGaussian24.mat
Center006_UIH_30T_umr790_P005_cine_sax_kus_ktGaussian24.mat
Center003_UIH_30T_umr880_P001_cine_lax_4ch_kus_ktGaussian24.mat
Center006_UIH_30T_umr790_P005_cine_lax_3ch_kus_ktGaussian24.mat
Center004_Siemens_15T_Aera_P017_cine_lax_kus_ktGaussian24.mat
Center004_Siemens_15T_Aera_P007_cine_lax_4ch_kus_ktGaussian16.mat
Center006_UIH_30T_umr790_P008_cine_rvot_kus_ktGaussian24.mat
Center001_UIH_30T_umr780_P052_cine_lax_3ch_kus_ktGaussian16.mat
Center001_UIH_30T_umr780_P025_cine_lax_3ch_kus_ktGaussian16.mat
Center002_Siemens_30T_CIMA.X_P006_cine_lax_kus_ktGaussian24.mat
Center001_UIH_30T_umr780_P045_cine_lax_3ch_kus_ktGaussian16.mat
Center006_UIH_30T_umr790_P005_cine_lax_4ch_kus_ktGaussian8.mat
Center004_Siemens_15T_Aera_P010_cine_lax_kus_ktGaussian24.mat
Center001_UIH_30T_umr780_P007_cine_sax_kus_ktGaussian24.mat
Center006_Siemens_30T_Prisma_P003_cine_lax_kus_ktGaussian8.mat
Center004_Siemens_15T_Aera_P016_cine_ot_kus_ktGaussian16.mat
Center001_UIH_30T_umr780_P022_cine_lax_4ch_kus_ktGaussian24.mat
Center001_UIH_30T_umr780_P052_cine_lax_4ch_kus_ktGaussian16.mat
Center006_Siemens_30T_Prisma_P009_cine_lax_kus_ktGaussian24.mat
Center004_Siemens_15T_Aera_P008_cine_ot_kus_ktGaussian8.mat
Center004_Siemens_15T_Aera_P001_cine_ot_kus_ktGaussian16.mat
Center004_Siemens_15T_Aera_P020_cine_lax_kus_ktGaussian24.mat
Center004_Siemens_15T_Aera_P010_cine_sax_kus_ktGaussian8.mat
Center003_UIH_30T_umr880_P014_cine_ot_kus_ktGaussian24.mat
Center005_Siemens_30T_Vida_P006_cine_lvot_kus_ktGaussian8.mat
Center004_Siemens_15T_Aera_P002_cine_lax_kus_ktGaussian16.mat
Center006_Siemens_30T_Prisma_P041_cine_lax_kus_ktGaussian8.mat
Center006_UIH_30T_umr790_P008_cine_lax_3ch_kus_ktGaussian24.mat
Center001_UIH_30T_umr780_P022_cine_lax_3ch_kus_ktGaussian8.mat
Center002_UIH_30T_umr880_P011_cine_lax_2ch_kus_ktGaussian8.mat
Center004_Siemens_15T_Aera_P020_cine_sax_kus_ktGaussian8.mat
Center001_UIH_30T_umr780_P039_cine_sax_kus_ktGaussian16.mat
Center001_UIH_30T_umr780_P038_cine_lax_4ch_kus_ktGaussian8.mat
Center004_Siemens_15T_Aera_P014_cine_ot_kus_ktGaussian8.mat
Center004_Siemens_15T_Aera_P016_cine_sax_kus_ktGaussian16.mat
Center005_Siemens_30T_Vida_P012_cine_sax_kus_ktGaussian16.mat
Center002_Siemens_30T_CIMA.X_P011_cine_lax_kus_ktGaussian24.mat
