Center002_UIH_30T_umr880_P011_lge_sax_kus_Uniform8.mat
Center004_Siemens_15T_Aera_P018_lge_lax_kus_Uniform16.mat
Center002_UIH_30T_umr880_P004_lge_lax_4ch_kus_Uniform24.mat
Center004_Siemens_15T_Aera_P001_lge_sax_kus_Uniform16.mat
Center004_Siemens_15T_Aera_P006_lge_lax_kus_Uniform24.mat
Center003_UIH_30T_umr880_P016_lge_sax_kus_Uniform16.mat
Center004_Siemens_15T_Aera_P012_lge_sax_kus_Uniform24.mat
Center004_Siemens_15T_Aera_P015_lge_lax_kus_Uniform24.mat
Center001_UIH_30T_umr780_P048_lge_lax_4ch_kus_Uniform16.mat
Center004_Siemens_15T_Aera_P001_lge_lax_kus_Uniform8.mat
Center002_UIH_30T_umr880_P004_lge_lax_2ch_kus_Uniform16.mat
Center005_Siemens_30T_Vida_P012_lge_sax_kus_Uniform24.mat
Center004_Siemens_15T_Aera_P017_lge_sax_kus_Uniform16.mat
Center004_Siemens_15T_Aera_P011_lge_lax_kus_Uniform8.mat
Center004_Siemens_15T_Aera_P008_lge_sax_kus_Uniform24.mat
Center004_Siemens_15T_Aera_P003_lge_sax_kus_Uniform8.mat
Center001_UIH_30T_umr780_P012_lge_lax_4ch_kus_Uniform8.mat
Center004_Siemens_15T_Aera_P010_lge_lax_kus_Uniform8.mat
Center006_Siemens_30T_Prisma_P023_lge_sax_kus_Uniform16.mat
Center005_Siemens_30T_Vida_P005_lge_sax_kus_Uniform16.mat
Center004_Siemens_15T_Aera_P010_lge_sax_kus_Uniform24.mat
