Center004_Siemens_15T_Aera_P020_lge_lax_kus_ktGaussian16.mat
Center001_UIH_30T_umr780_P022_lge_lax_4ch_kus_ktGaussian16.mat
Center004_Siemens_15T_Aera_P016_lge_lax_kus_ktGaussian24.mat
Center004_Siemens_15T_Aera_P014_lge_lax_kus_ktGaussian24.mat
Center002_Siemens_30T_CIMA.X_P013_lge_sax_kus_ktGaussian8.mat
Center002_UIH_30T_umr880_P004_lge_sax_kus_ktGaussian24.mat
Center004_Siemens_15T_Aera_P014_lge_sax_kus_ktGaussian16.mat
Center001_UIH_30T_umr780_P059_lge_lax_2ch_kus_ktGaussian16.mat
Center004_Siemens_15T_Aera_P005_lge_sax_kus_ktGaussian8.mat
Center001_UIH_30T_umr780_P052_lge_lax_4ch_kus_ktGaussian8.mat
Center001_UIH_30T_umr780_P059_lge_lax_4ch_kus_ktGaussian8.mat
Center003_UIH_30T_umr880_P014_lge_lax_4ch_kus_ktGaussian16.mat
Center002_UIH_30T_umr880_P011_lge_lax_2ch_kus_ktGaussian8.mat
Center003_UIH_30T_umr880_P021_lge_lax_4ch_kus_ktGaussian16.mat
Center004_Siemens_15T_Aera_P011_lge_sax_kus_ktGaussian24.mat
Center006_Siemens_30T_Prisma_P018_lge_sax_kus_ktGaussian16.mat
Center002_Siemens_30T_CIMA.X_P011_lge_sax_kus_ktGaussian16.mat
Center001_UIH_30T_umr780_P022_lge_lax_2ch_kus_ktGaussian24.mat
Center002_Siemens_30T_CIMA.X_P006_lge_lax_kus_ktGaussian16.mat
Center001_UIH_30T_umr780_P048_lge_lax_2ch_kus_ktGaussian16.mat
Center002_Siemens_30T_CIMA.X_P006_lge_sax_kus_ktGaussian24.mat
Center005_Siemens_30T_Vida_P006_lge_sax_kus_ktGaussian24.mat
Center005_Siemens_30T_Vida_P006_lge_lax_kus_ktGaussian24.mat
Center004_Siemens_15T_Aera_P007_lge_sax_kus_ktGaussian16.mat
Center004_Siemens_15T_Aera_P016_lge_sax_kus_ktGaussian8.mat
Center004_Siemens_15T_Aera_P017_lge_lax_kus_ktGaussian16.mat
Center001_UIH_30T_umr780_P052_lge_lax_2ch_kus_ktGaussian24.mat
Center004_Siemens_15T_Aera_P004_lge_lax_kus_ktGaussian16.mat
Center004_Siemens_15T_Aera_P013_lge_lax_kus_ktGaussian24.mat
Center004_Siemens_15T_Aera_P019_lge_lax_kus_ktGaussian16.mat
Center006_Siemens_30T_Prisma_P007_lge_sax_kus_ktGaussian8.mat
Center006_Siemens_30T_Prisma_P041_lge_sax_kus_ktGaussian24.mat
Center003_UIH_30T_umr880_P021_lge_sax_kus_ktGaussian24.mat
