Center004_Siemens_15T_Aera_P002_lge_lax_kus_ktRadial24.mat
Center004_Siemens_15T_Aera_P006_lge_sax_kus_ktRadial24.mat
Center001_UIH_30T_umr780_P038_lge_lax_2ch_kus_ktRadial24.mat
Center004_Siemens_15T_Aera_P018_lge_sax_kus_ktRadial24.mat
Center005_Siemens_30T_Vida_P012_lge_lax_kus_ktRadial8.mat
Center006_Siemens_30T_Prisma_P010_lge_sax_kus_ktRadial16.mat
Center004_Siemens_15T_Aera_P005_lge_lax_kus_ktRadial16.mat
Center002_UIH_30T_umr880_P011_lge_lax_3ch_kus_ktRadial8.mat
Center003_UIH_30T_umr880_P016_lge_lax_2ch_kus_ktRadial24.mat
Center004_Siemens_15T_Aera_P013_lge_sax_kus_ktRadial8.mat
Center002_UIH_30T_umr880_P011_lge_lax_4ch_kus_ktRadial24.mat
Center004_Siemens_15T_Aera_P015_lge_sax_kus_ktRadial16.mat
Center003_UIH_30T_umr880_P021_lge_lax_2ch_kus_ktRadial16.mat
Center002_Siemens_30T_CIMA.X_P013_lge_lax_kus_ktRadial24.mat
Center005_Siemens_30T_Vida_P005_lge_lax_kus_ktRadial8.mat
Center004_Siemens_15T_Aera_P009_lge_sax_kus_ktRadial24.mat
Center003_UIH_30T_umr880_P014_lge_sax_kus_ktRadial8.mat
Center001_UIH_30T_umr780_P012_lge_lax_2ch_kus_ktRadial24.mat
Center004_Siemens_15T_Aera_P002_lge_sax_kus_ktRadial24.mat
Center004_Siemens_15T_Aera_P020_lge_sax_kus_ktRadial16.mat
Center003_UIH_30T_umr880_P016_lge_lax_4ch_kus_ktRadial16.mat
Center004_Siemens_15T_Aera_P004_lge_sax_kus_ktRadial24.mat
Center003_UIH_30T_umr880_P014_lge_lax_2ch_kus_ktRadial8.mat
Center004_Siemens_15T_Aera_P012_lge_lax_kus_ktRadial16.mat
Center002_Siemens_30T_CIMA.X_P011_lge_lax_kus_ktRadial24.mat
Center001_UIH_30T_umr780_P038_lge_lax_4ch_kus_ktRadial8.mat
Center004_Siemens_15T_Aera_P009_lge_lax_kus_ktRadial24.mat
Center002_UIH_30T_umr880_P004_lge_lax_3ch_kus_ktRadial24.mat
Center004_Siemens_15T_Aera_P019_lge_sax_kus_ktRadial24.mat
Center004_Siemens_15T_Aera_P003_lge_lax_kus_ktRadial24.mat
