Center001_UIH_30T_umr780_P048_T1mappost_kus_Uniform16.mat
Center004_Siemens_15T_Aera_P012_T1mappost_kus_Uniform8.mat
Center005_GE_15T_voyager_P017_T1map_kus_Uniform16.mat
Center008_GE_15T_voyager_P007_T1mappost_kus_Uniform8.mat
Center008_GE_15T_voyager_P001_T2map_kus_Uniform16.mat
Center001_UIH_30T_umr780_P039_T1map_kus_Uniform8.mat
Center004_Siemens_15T_Aera_P007_T1mappost_kus_Uniform8.mat
Center008_GE_15T_voyager_P009_T1mappost_kus_Uniform8.mat
Center005_GE_15T_voyager_P025_T1map_kus_Uniform8.mat
Center004_Siemens_15T_Aera_P011_T1map_kus_Uniform16.mat
Center005_GE_15T_voyager_P019_T1mappost_kus_Uniform8.mat
Center004_Siemens_15T_Aera_P001_T2map_kus_Uniform8.mat
Center002_Siemens_30T_CIMA.X_P006_T2map_kus_Uniform16.mat
Center008_GE_15T_voyager_P009_T2map_kus_Uniform24.mat
Center005_GE_15T_voyager_P021_T2map_kus_Uniform16.mat
Center004_Siemens_15T_Aera_P010_T1mappost_kus_Uniform24.mat
Center005_GE_15T_voyager_P015_T2map_kus_Uniform24.mat
Center005_GE_15T_voyager_P029_T1map_kus_Uniform24.mat
Center005_GE_15T_voyager_P023_T2map_kus_Uniform8.mat
Center004_Siemens_15T_Aera_P002_T1map_kus_Uniform16.mat
Center005_GE_15T_voyager_P006_T2map_kus_Uniform24.mat
Center005_GE_15T_voyager_P009_T1map_kus_Uniform24.mat
Center004_Siemens_15T_Aera_P012_T1map_kus_Uniform16.mat
Center002_UIH_30T_umr880_P011_T2map_kus_Uniform24.mat
Center005_GE_15T_voyager_P009_T2map_kus_Uniform24.mat
Center005_GE_15T_voyager_P002_T2map_kus_Uniform24.mat
Center004_Siemens_15T_Aera_P010_T1map_kus_Uniform24.mat
Center004_Siemens_15T_Aera_P008_T1mappost_kus_Uniform24.mat
Center004_Siemens_15T_Aera_P006_T1map_kus_Uniform8.mat
Center004_Siemens_15T_Aera_P018_T1map_kus_Uniform8.mat
Center004_Siemens_15T_Aera_P006_T1mappost_kus_Uniform16.mat
Center004_Siemens_15T_Aera_P020_T2map_kus_Uniform24.mat
Center005_GE_15T_voyager_P014_T2map_kus_Uniform24.mat
Center001_UIH_30T_umr780_P022_T1map_kus_Uniform16.mat
Center005_GE_15T_voyager_P010_T2map_kus_Uniform16.mat
Center001_UIH_30T_umr780_P048_T1map_kus_Uniform24.mat
Center008_GE_15T_voyager_P006_T1mappost_kus_Uniform8.mat
Center004_Siemens_15T_Aera_P007_T2map_kus_Uniform8.mat
Center008_GE_15T_voyager_P011_T1mappost_kus_Uniform24.mat
Center005_GE_15T_voyager_P012_T2map_kus_Uniform16.mat
Center005_GE_15T_voyager_P002_T1map_kus_Uniform8.mat
Center008_GE_15T_voyager_P003_T1map_kus_Uniform8.mat
Center004_Siemens_15T_Aera_P016_T1mappost_kus_Uniform8.mat
Center002_Siemens_30T_CIMA.X_P004_T1map_kus_Uniform8.mat
Center008_GE_15T_voyager_P004_T1mappost_kus_Uniform8.mat
Center005_GE_15T_voyager_P012_T1mappost_kus_Uniform16.mat
Center005_GE_15T_voyager_P027_T1map_kus_Uniform8.mat
Center004_Siemens_15T_Aera_P013_T1mappost_kus_Uniform8.mat
Center005_GE_15T_voyager_P025_T1mappost_kus_Uniform24.mat
Center005_GE_15T_voyager_P030_T2map_kus_Uniform8.mat
Center006_Siemens_30T_Prisma_P041_T2map_kus_Uniform16.mat
Center006_Siemens_30T_Prisma_P009_T1map_kus_Uniform16.mat
Center005_GE_15T_voyager_P026_T2map_kus_Uniform24.mat
Center004_Siemens_15T_Aera_P018_T1mappost_kus_Uniform16.mat
Center005_GE_15T_voyager_P031_T1mappost_kus_Uniform16.mat
Center008_GE_15T_voyager_P008_T1mappost_kus_Uniform16.mat
Center006_Siemens_30T_Prisma_P007_T2map_kus_Uniform8.mat
Center006_Siemens_30T_Prisma_P003_T2map_kus_Uniform24.mat
Center004_Siemens_15T_Aera_P009_T1mappost_kus_Uniform8.mat
Center001_UIH_30T_umr780_P007_T2map_kus_Uniform8.mat
Center008_GE_15T_voyager_P010_T2map_kus_Uniform8.mat
Center005_GE_15T_voyager_P006_T1mappost_kus_Uniform8.mat
Center001_UIH_30T_umr780_P022_T1mappost_kus_Uniform8.mat
Center008_GE_15T_voyager_P008_T1map_kus_Uniform16.mat
Center005_GE_15T_voyager_P016_T2map_kus_Uniform16.mat
Center005_GE_15T_voyager_P002_T1mappost_kus_Uniform16.mat
Center008_GE_15T_voyager_P011_T2map_kus_Uniform24.mat
Center005_GE_15T_voyager_P017_T2map_kus_Uniform24.mat
Center005_GE_15T_voyager_P018_T1mappost_kus_Uniform24.mat
Center008_GE_15T_voyager_P005_T2map_kus_Uniform24.mat
Center006_UIH_30T_umr790_P008_T1map_kus_Uniform24.mat
Center005_GE_15T_voyager_P014_T1map_kus_Uniform8.mat
Center008_GE_15T_voyager_P012_T2map_kus_Uniform16.mat
Center005_GE_15T_voyager_P001_T1mappost_kus_Uniform16.mat
Center001_UIH_30T_umr780_P038_T2map_kus_Uniform24.mat
Center008_GE_15T_voyager_P011_T1map_kus_Uniform16.mat
Center008_GE_15T_voyager_P001_T1mappost_kus_Uniform24.mat
Center008_GE_15T_voyager_P010_T1map_kus_Uniform16.mat
Center008_GE_15T_voyager_P007_T1map_kus_Uniform16.mat
Center005_GE_15T_voyager_P013_T1mappost_kus_Uniform8.mat
Center005_GE_15T_voyager_P021_T1mappost_kus_Uniform16.mat
