Center002_UIH_30T_umr880_P004_T2map_kus_ktRadial16.mat
Center005_GE_15T_voyager_P020_T1mappost_kus_ktRadial8.mat
Center006_Siemens_30T_Prisma_P016_T2map_kus_ktRadial16.mat
Center001_UIH_30T_umr780_P016_T1map_kus_ktRadial24.mat
Center008_GE_15T_voyager_P013_T1map_kus_ktRadial8.mat
Center008_GE_15T_voyager_P009_T1map_kus_ktRadial16.mat
Center001_UIH_30T_umr780_P025_T1map_kus_ktRadial24.mat
Center005_GE_15T_voyager_P019_T1map_kus_ktRadial16.mat
Center008_GE_15T_voyager_P004_T2map_kus_ktRadial24.mat
Center005_GE_15T_voyager_P020_T2map_kus_ktRadial24.mat
Center005_GE_15T_voyager_P011_T1mappost_kus_ktRadial8.mat
Center008_GE_15T_voyager_P003_T2map_kus_ktRadial8.mat
Center005_GE_15T_voyager_P004_T1mappost_kus_ktRadial8.mat
Center002_Siemens_30T_CIMA.X_P006_T1map_kus_ktRadial16.mat
Center008_GE_15T_voyager_P008_T2map_kus_ktRadial16.mat
Center005_GE_15T_voyager_P028_T1mappost_kus_ktRadial24.mat
Center005_GE_15T_voyager_P031_T1map_kus_ktRadial16.mat
Center005_GE_15T_voyager_P029_T2map_kus_ktRadial24.mat
Center001_UIH_30T_umr780_P052_T2map_kus_ktRadial24.mat
Center005_GE_15T_voyager_P013_T1map_kus_ktRadial24.mat
Center005_GE_15T_voyager_P022_T2map_kus_ktRadial16.mat
Center004_Siemens_15T_Aera_P009_T2map_kus_ktRadial24.mat
Center005_GE_15T_voyager_P033_T1map_kus_ktRadial8.mat
Center001_UIH_30T_umr780_P016_T2map_kus_ktRadial8.mat
Center005_GE_15T_voyager_P014_T1mappost_kus_ktRadial16.mat
Center005_GE_15T_voyager_P033_T1mappost_kus_ktRadial16.mat
Center001_UIH_30T_umr780_P059_T1map_kus_ktRadial24.mat
Center004_Siemens_15T_Aera_P002_T1mappost_kus_ktRadial8.mat
Center004_Siemens_15T_Aera_P012_T2map_kus_ktRadial16.mat
Center005_GE_15T_voyager_P028_T2map_kus_ktRadial8.mat
Center002_Siemens_30T_CIMA.X_P013_T1map_kus_ktRadial24.mat
Center006_Siemens_30T_Prisma_P010_T1map_kus_ktRadial16.mat
Center005_GE_15T_voyager_P008_T1map_kus_ktRadial24.mat
Center004_Siemens_15T_Aera_P011_T1mappost_kus_ktRadial24.mat
Center005_GE_15T_voyager_P016_T1map_kus_ktRadial24.mat
Center005_GE_15T_voyager_P003_T2map_kus_ktRadial24.mat
Center006_Siemens_30T_Prisma_P010_T2map_kus_ktRadial16.mat
Center003_UIH_30T_umr880_P014_T2map_kus_ktRadial8.mat
Center005_GE_15T_voyager_P021_T1map_kus_ktRadial16.mat
Center006_Siemens_30T_Prisma_P041_T1map_kus_ktRadial24.mat
Center004_Siemens_15T_Aera_P002_T2map_kus_ktRadial8.mat
Center004_Siemens_15T_Aera_P017_T1mappost_kus_ktRadial8.mat
Center005_GE_15T_voyager_P030_T1map_kus_ktRadial16.mat
Center005_GE_15T_voyager_P012_T1map_kus_ktRadial8.mat
Center005_GE_15T_voyager_P019_T2map_kus_ktRadial8.mat
Center008_GE_15T_voyager_P006_T2map_kus_ktRadial8.mat
Center001_UIH_30T_umr780_P007_T1map_kus_ktRadial16.mat
Center005_Siemens_30T_Vida_P005_T1map_kus_ktRadial24.mat
Center004_Siemens_15T_Aera_P001_T1map_kus_ktRadial16.mat
Center006_Siemens_30T_Prisma_P003_T1map_kus_ktRadial24.mat
Center005_GE_15T_voyager_P023_T1map_kus_ktRadial16.mat
Center008_GE_15T_voyager_P010_T1mappost_kus_ktRadial16.mat
Center001_UIH_30T_umr780_P052_T1mappost_kus_ktRadial16.mat
Center005_GE_15T_voyager_P024_T1map_kus_ktRadial16.mat
Center005_GE_15T_voyager_P005_T2map_kus_ktRadial24.mat
Center005_GE_15T_voyager_P023_T1mappost_kus_ktRadial8.mat
Center004_Siemens_15T_Aera_P018_T2map_kus_ktRadial8.mat
Center005_GE_15T_voyager_P007_T1map_kus_ktRadial8.mat
Center006_Siemens_30T_Prisma_P018_T1map_kus_ktRadial24.mat
Center001_UIH_30T_umr780_P039_T2map_kus_ktRadial8.mat
Center005_GE_15T_voyager_P005_T1map_kus_ktRadial24.mat
Center004_Siemens_15T_Aera_P004_T1map_kus_ktRadial8.mat
Center001_UIH_30T_umr780_P045_T1map_kus_ktRadial16.mat
Center005_GE_15T_voyager_P024_T1mappost_kus_ktRadial16.mat
Center006_Siemens_30T_Prisma_P009_T2map_kus_ktRadial16.mat
Center005_GE_15T_voyager_P026_T1map_kus_ktRadial16.mat
Center002_Siemens_30T_CIMA.X_P013_T2map_kus_ktRadial8.mat
Center004_Siemens_15T_Aera_P020_T1map_kus_ktRadial24.mat
Center004_Siemens_15T_Aera_P007_T1map_kus_ktRadial16.mat
Center004_Siemens_15T_Aera_P003_T1mappost_kus_ktRadial8.mat
Center008_GE_15T_voyager_P006_T1map_kus_ktRadial16.mat
Center005_GE_15T_voyager_P027_T1mappost_kus_ktRadial24.mat
Center001_UIH_30T_umr780_P038_T1mappost_kus_ktRadial24.mat
Center005_GE_15T_voyager_P022_T1map_kus_ktRadial24.mat
Center001_UIH_30T_umr780_P059_T1mappost_kus_ktRadial16.mat
Center005_GE_15T_voyager_P008_T1mappost_kus_ktRadial8.mat
Center004_Siemens_15T_Aera_P006_T2map_kus_ktRadial24.mat
Center008_GE_15T_voyager_P012_T1mappost_kus_ktRadial16.mat
Center001_UIH_30T_umr780_P012_T1map_kus_ktRadial24.mat
Center004_Siemens_15T_Aera_P017_T1map_kus_ktRadial16.mat
Center004_Siemens_15T_Aera_P008_T1map_kus_ktRadial24.mat
Center005_GE_15T_voyager_P032_T2map_kus_ktRadial16.mat
Center004_Siemens_15T_Aera_P013_T1map_kus_ktRadial24.mat
Center004_Siemens_15T_Aera_P001_T1mappost_kus_ktRadial16.mat
Center003_UIH_30T_umr880_P016_T2map_kus_ktRadial24.mat
Center001_UIH_30T_umr780_P038_T1map_kus_ktRadial8.mat
Center006_Siemens_30T_Prisma_P023_T1map_kus_ktRadial16.mat
Center004_Siemens_15T_Aera_P009_T1map_kus_ktRadial16.mat
Center005_GE_15T_voyager_P001_T1map_kus_ktRadial24.mat
Center001_UIH_30T_umr780_P059_T2smap_kus_ktRadial24.mat
Center005_GE_15T_voyager_P005_T1mappost_kus_ktRadial16.mat
Center004_Siemens_15T_Aera_P004_T1mappost_kus_ktRadial24.mat
Center005_GE_15T_voyager_P009_T1mappost_kus_ktRadial8.mat
