Center005_GE_15T_voyager_P026_T2w_kus_ktRadial24.mat
Center005_GE_15T_voyager_P021_T2w_kus_ktRadial16.mat
Center005_GE_15T_voyager_P017_T2w_kus_ktRadial24.mat
Center005_GE_15T_voyager_P004_T2w_kus_ktRadial16.mat
Center001_UIH_30T_umr780_P052_T2w_kus_ktRadial24.mat
Center005_GE_15T_voyager_P029_T2w_kus_ktRadial24.mat
Center005_GE_15T_voyager_P015_T2w_kus_ktRadial24.mat
Center005_GE_15T_voyager_P030_T2w_kus_ktRadial24.mat
Center001_UIH_30T_umr780_P038_T2w_kus_ktRadial8.mat
Center005_GE_15T_voyager_P016_T2w_kus_ktRadial24.mat
Center005_GE_15T_voyager_P023_T2w_kus_ktRadial16.mat
Center001_UIH_30T_umr780_P022_T2w_kus_ktRadial8.mat
Center008_GE_15T_voyager_P012_T2w_kus_ktRadial8.mat
Center001_UIH_30T_umr780_P045_T2w_kus_ktRadial16.mat
Center008_GE_15T_voyager_P005_T2w_kus_ktRadial24.mat
Center001_UIH_30T_umr780_P048_T2w_kus_ktRadial16.mat
Center008_GE_15T_voyager_P004_T2w_kus_ktRadial16.mat
Center005_GE_15T_voyager_P001_T2w_kus_ktRadial24.mat
Center005_GE_15T_voyager_P012_T2w_kus_ktRadial16.mat
